2024-09-09T00:28:13.997022Z 0 [Warning] TIMESTAMP with implicit DEFAULT value is deprecated. Please use --explicit_defaults_for_timestamp server option (see documentation for more details).
2024-09-09T00:28:13.997022Z 0 [Warning] 'NO_ZERO_DATE', 'NO_ZERO_IN_DATE' and 'ERROR_FOR_DIVISION_BY_ZERO' sql modes should be used with strict mode. They will be merged with strict mode in a future release.
2024-09-09T00:28:13.997022Z 0 [Warning] 'NO_AUTO_CREATE_USER' sql mode was not set.
2024-09-09T00:28:13.997022Z 0 [Warning] Insecure configuration for --secure-file-priv: Current value does not restrict location of generated files. Consider setting it to a valid, non-empty path.
2024-09-09T00:28:13.997022Z 0 [ERROR] Cannot open Windows EventLog; check privileges, or start server with --log_syslog=0
2024-09-09T00:28:13.997022Z 0 [Note] D:\Web III\UwAmp\bin\database\mysql-5.7.11\bin\mysqld.exe (mysqld 5.7.11) starting as process 14448 ...
2024-09-09T00:28:14.053071Z 0 [ERROR] Can't open shared library 'D:\Web III\UwAmp\bin\database\mysql-5.7.11\lib\plugin\keyring_file.dll' (errno: 126 Le module spécifié est introuvable.)
2024-09-09T00:28:14.054572Z 0 [ERROR] Couldn't load plugin named 'keyring_file' with soname 'keyring_file.dll'.
2024-09-09T00:28:14.056074Z 0 [Note] InnoDB: Mutexes and rw_locks use Windows interlocked functions
2024-09-09T00:28:14.057074Z 0 [Note] InnoDB: Uses event mutexes
2024-09-09T00:28:14.057074Z 0 [Note] InnoDB: Memory barrier is not used
2024-09-09T00:28:14.057575Z 0 [Note] InnoDB: Compressed tables use zlib 1.2.3
2024-09-09T00:28:14.058575Z 0 [Note] InnoDB: Number of pools: 1
2024-09-09T00:28:14.059075Z 0 [Note] InnoDB: Not using CPU crc32 instructions
2024-09-09T00:28:14.096108Z 0 [Note] InnoDB: Initializing buffer pool, total size = 128M, instances = 1, chunk size = 128M
2024-09-09T00:28:14.101113Z 0 [Note] InnoDB: Completed initialization of buffer pool
2024-09-09T00:28:14.174175Z 0 [Note] InnoDB: Highest supported file format is Barracuda.
2024-09-09T00:28:14.825233Z 0 [Note] InnoDB: Creating shared tablespace for temporary tables
2024-09-09T00:28:14.827235Z 0 [Note] InnoDB: Setting file '.\ibtmp1' size to 12 MB. Physically writing the file full; Please wait ...
2024-09-09T00:28:15.013242Z 0 [Note] InnoDB: File '.\ibtmp1' size is now 12 MB.
2024-09-09T00:28:15.028755Z 0 [Note] InnoDB: 96 redo rollback segment(s) found. 96 redo rollback segment(s) are active.
2024-09-09T00:28:15.029755Z 0 [Note] InnoDB: 32 non-redo rollback segment(s) are active.
2024-09-09T00:28:15.030756Z 0 [Note] InnoDB: Waiting for purge to start
2024-09-09T00:28:15.082802Z 0 [Note] InnoDB: 5.7.11 started; log sequence number 2721674
2024-09-09T00:28:15.083803Z 0 [Note] InnoDB: Loading buffer pool(s) from D:\Web III\UwAmp\bin\database\mysql-5.7.11\data\ib_buffer_pool
2024-09-09T00:28:15.083803Z 0 [Note] Plugin 'FEDERATED' is disabled.
2024-09-09T00:28:15.109324Z 0 [Warning] Failed to set up SSL because of the following SSL library error: SSL context is not usable without certificate and private key
2024-09-09T00:28:15.111827Z 0 [Note] Server hostname (bind-address): '*'; port: 3306
2024-09-09T00:28:15.112828Z 0 [Note] IPv6 is available.
2024-09-09T00:28:15.113329Z 0 [Note]   - '::' resolves to '::';
2024-09-09T00:28:15.113329Z 0 [Note] Server socket created on IP: '::'.
2024-09-09T00:28:15.214414Z 0 [Note] InnoDB: Buffer pool(s) load completed at 240908 20:28:15
2024-09-09T00:28:15.381188Z 0 [Note] Event Scheduler: Loaded 0 events
2024-09-09T00:28:15.381689Z 0 [Note] D:\Web III\UwAmp\bin\database\mysql-5.7.11\bin\mysqld.exe: ready for connections.
Version: '5.7.11'  socket: ''  port: 3306  MySQL Community Server (GPL)
2024-09-09T00:36:13.827626Z 0 [Note] D:\Web III\UwAmp\bin\database\mysql-5.7.11\bin\mysqld.exe: Normal shutdown

2024-09-09T00:36:13.828625Z 0 [Note] Giving 0 client threads a chance to die gracefully
2024-09-09T00:36:13.829126Z 0 [Note] Shutting down slave threads
2024-09-09T00:36:13.829627Z 0 [Note] Forcefully disconnecting 0 remaining clients
2024-09-09T00:36:13.830127Z 0 [Note] Event Scheduler: Purging the queue. 0 events
2024-09-09T00:36:13.830627Z 0 [Note] Binlog end
2024-09-09T00:36:13.867158Z 0 [Note] Shutting down plugin 'ngram'
2024-09-09T00:36:13.867659Z 0 [Note] Shutting down plugin 'partition'
2024-09-09T00:36:13.868160Z 0 [Note] Shutting down plugin 'BLACKHOLE'
2024-09-09T00:36:13.868660Z 0 [Note] Shutting down plugin 'ARCHIVE'
2024-09-09T00:36:13.869161Z 0 [Note] Shutting down plugin 'PERFORMANCE_SCHEMA'
2024-09-09T00:36:13.869663Z 0 [Note] Shutting down plugin 'MRG_MYISAM'
2024-09-09T00:36:13.870161Z 0 [Note] Shutting down plugin 'MyISAM'
2024-09-09T00:36:13.870661Z 0 [Note] Shutting down plugin 'INNODB_SYS_VIRTUAL'
2024-09-09T00:36:13.871162Z 0 [Note] Shutting down plugin 'INNODB_SYS_DATAFILES'
2024-09-09T00:36:13.871662Z 0 [Note] Shutting down plugin 'INNODB_SYS_TABLESPACES'
2024-09-09T00:36:13.872163Z 0 [Note] Shutting down plugin 'INNODB_SYS_FOREIGN_COLS'
2024-09-09T00:36:13.872663Z 0 [Note] Shutting down plugin 'INNODB_SYS_FOREIGN'
2024-09-09T00:36:13.873163Z 0 [Note] Shutting down plugin 'INNODB_SYS_FIELDS'
2024-09-09T00:36:13.873664Z 0 [Note] Shutting down plugin 'INNODB_SYS_COLUMNS'
2024-09-09T00:36:13.874164Z 0 [Note] Shutting down plugin 'INNODB_SYS_INDEXES'
2024-09-09T00:36:13.874665Z 0 [Note] Shutting down plugin 'INNODB_SYS_TABLESTATS'
2024-09-09T00:36:13.875165Z 0 [Note] Shutting down plugin 'INNODB_SYS_TABLES'
2024-09-09T00:36:13.875666Z 0 [Note] Shutting down plugin 'INNODB_FT_INDEX_TABLE'
2024-09-09T00:36:13.876166Z 0 [Note] Shutting down plugin 'INNODB_FT_INDEX_CACHE'
2024-09-09T00:36:13.876666Z 0 [Note] Shutting down plugin 'INNODB_FT_CONFIG'
2024-09-09T00:36:13.877167Z 0 [Note] Shutting down plugin 'INNODB_FT_BEING_DELETED'
2024-09-09T00:36:13.877667Z 0 [Note] Shutting down plugin 'INNODB_FT_DELETED'
2024-09-09T00:36:13.878168Z 0 [Note] Shutting down plugin 'INNODB_FT_DEFAULT_STOPWORD'
2024-09-09T00:36:13.878668Z 0 [Note] Shutting down plugin 'INNODB_METRICS'
2024-09-09T00:36:13.879169Z 0 [Note] Shutting down plugin 'INNODB_TEMP_TABLE_INFO'
2024-09-09T00:36:13.879669Z 0 [Note] Shutting down plugin 'INNODB_BUFFER_POOL_STATS'
2024-09-09T00:36:13.880170Z 0 [Note] Shutting down plugin 'INNODB_BUFFER_PAGE_LRU'
2024-09-09T00:36:13.880670Z 0 [Note] Shutting down plugin 'INNODB_BUFFER_PAGE'
2024-09-09T00:36:13.881170Z 0 [Note] Shutting down plugin 'INNODB_CMP_PER_INDEX_RESET'
2024-09-09T00:36:13.881671Z 0 [Note] Shutting down plugin 'INNODB_CMP_PER_INDEX'
2024-09-09T00:36:13.882172Z 0 [Note] Shutting down plugin 'INNODB_CMPMEM_RESET'
2024-09-09T00:36:13.882672Z 0 [Note] Shutting down plugin 'INNODB_CMPMEM'
2024-09-09T00:36:13.883172Z 0 [Note] Shutting down plugin 'INNODB_CMP_RESET'
2024-09-09T00:36:13.883672Z 0 [Note] Shutting down plugin 'INNODB_CMP'
2024-09-09T00:36:13.884173Z 0 [Note] Shutting down plugin 'INNODB_LOCK_WAITS'
2024-09-09T00:36:13.884673Z 0 [Note] Shutting down plugin 'INNODB_LOCKS'
2024-09-09T00:36:13.885174Z 0 [Note] Shutting down plugin 'INNODB_TRX'
2024-09-09T00:36:13.885674Z 0 [Note] Shutting down plugin 'InnoDB'
2024-09-09T00:36:13.886175Z 0 [Note] InnoDB: FTS optimize thread exiting.
2024-09-09T00:36:13.886675Z 0 [Note] InnoDB: Starting shutdown...
2024-09-09T00:36:13.987762Z 0 [Note] InnoDB: Dumping buffer pool(s) to D:\Web III\UwAmp\bin\database\mysql-5.7.11\data\ib_buffer_pool
2024-09-09T00:36:13.999272Z 0 [Note] InnoDB: Buffer pool(s) dump completed at 240908 20:36:13
2024-09-09T00:36:14.824309Z 0 [Note] InnoDB: Shutdown completed; log sequence number 2721702
2024-09-09T00:36:14.829313Z 0 [Note] InnoDB: Removed temporary tablespace data file: "ibtmp1"
2024-09-09T00:36:14.830314Z 0 [Note] Shutting down plugin 'MEMORY'
2024-09-09T00:36:14.830814Z 0 [Note] Shutting down plugin 'CSV'
2024-09-09T00:36:14.831816Z 0 [Note] Shutting down plugin 'sha256_password'
2024-09-09T00:36:14.832315Z 0 [Note] Shutting down plugin 'mysql_native_password'
2024-09-09T00:36:14.832816Z 0 [Note] Shutting down plugin 'binlog'
2024-09-09T00:36:14.835318Z 0 [Note] D:\Web III\UwAmp\bin\database\mysql-5.7.11\bin\mysqld.exe: Shutdown complete

2024-09-09T13:59:35.372200Z 0 [Warning] TIMESTAMP with implicit DEFAULT value is deprecated. Please use --explicit_defaults_for_timestamp server option (see documentation for more details).
2024-09-09T13:59:35.372200Z 0 [Warning] 'NO_ZERO_DATE', 'NO_ZERO_IN_DATE' and 'ERROR_FOR_DIVISION_BY_ZERO' sql modes should be used with strict mode. They will be merged with strict mode in a future release.
2024-09-09T13:59:35.372200Z 0 [Warning] 'NO_AUTO_CREATE_USER' sql mode was not set.
2024-09-09T13:59:35.372200Z 0 [Warning] Insecure configuration for --secure-file-priv: Current value does not restrict location of generated files. Consider setting it to a valid, non-empty path.
2024-09-09T13:59:35.372200Z 0 [ERROR] Cannot open Windows EventLog; check privileges, or start server with --log_syslog=0
2024-09-09T13:59:35.372200Z 0 [Note] D:\Web III\UwAmp\bin\database\mysql-5.7.11\bin\mysqld.exe (mysqld 5.7.11) starting as process 25448 ...
2024-09-09T13:59:35.452771Z 0 [ERROR] Can't open shared library 'D:\Web III\UwAmp\bin\database\mysql-5.7.11\lib\plugin\keyring_file.dll' (errno: 126 Le module spécifié est introuvable.)
2024-09-09T13:59:35.454771Z 0 [ERROR] Couldn't load plugin named 'keyring_file' with soname 'keyring_file.dll'.
2024-09-09T13:59:35.456773Z 0 [Note] InnoDB: Mutexes and rw_locks use Windows interlocked functions
2024-09-09T13:59:35.457774Z 0 [Note] InnoDB: Uses event mutexes
2024-09-09T13:59:35.458275Z 0 [Note] InnoDB: Memory barrier is not used
2024-09-09T13:59:35.458775Z 0 [Note] InnoDB: Compressed tables use zlib 1.2.3
2024-09-09T13:59:35.459776Z 0 [Note] InnoDB: Number of pools: 1
2024-09-09T13:59:35.460277Z 0 [Note] InnoDB: Not using CPU crc32 instructions
2024-09-09T13:59:35.514323Z 0 [Note] InnoDB: Initializing buffer pool, total size = 128M, instances = 1, chunk size = 128M
2024-09-09T13:59:35.523330Z 0 [Note] InnoDB: Completed initialization of buffer pool
2024-09-09T13:59:35.609905Z 0 [Note] InnoDB: Highest supported file format is Barracuda.
2024-09-09T13:59:36.289489Z 0 [Note] InnoDB: Creating shared tablespace for temporary tables
2024-09-09T13:59:36.290489Z 0 [Note] InnoDB: Setting file '.\ibtmp1' size to 12 MB. Physically writing the file full; Please wait ...
2024-09-09T13:59:36.456132Z 0 [Note] InnoDB: File '.\ibtmp1' size is now 12 MB.
2024-09-09T13:59:36.471145Z 0 [Note] InnoDB: 96 redo rollback segment(s) found. 96 redo rollback segment(s) are active.
2024-09-09T13:59:36.472147Z 0 [Note] InnoDB: 32 non-redo rollback segment(s) are active.
2024-09-09T13:59:36.473146Z 0 [Note] InnoDB: Waiting for purge to start
2024-09-09T13:59:36.525692Z 0 [Note] InnoDB: 5.7.11 started; log sequence number 2721702
2024-09-09T13:59:36.526694Z 0 [Note] InnoDB: Loading buffer pool(s) from D:\Web III\UwAmp\bin\database\mysql-5.7.11\data\ib_buffer_pool
2024-09-09T13:59:36.526694Z 0 [Note] Plugin 'FEDERATED' is disabled.
2024-09-09T13:59:36.668318Z 0 [Warning] Failed to set up SSL because of the following SSL library error: SSL context is not usable without certificate and private key
2024-09-09T13:59:36.670820Z 0 [Note] Server hostname (bind-address): '*'; port: 3306
2024-09-09T13:59:36.671821Z 0 [Note] IPv6 is available.
2024-09-09T13:59:36.671821Z 0 [Note]   - '::' resolves to '::';
2024-09-09T13:59:36.672321Z 0 [Note] Server socket created on IP: '::'.
2024-09-09T13:59:36.796429Z 0 [Note] InnoDB: Buffer pool(s) load completed at 240909  9:59:36
2024-09-09T13:59:37.080727Z 0 [Note] Event Scheduler: Loaded 0 events
2024-09-09T13:59:37.081228Z 0 [Note] D:\Web III\UwAmp\bin\database\mysql-5.7.11\bin\mysqld.exe: ready for connections.
Version: '5.7.11'  socket: ''  port: 3306  MySQL Community Server (GPL)
2024-09-09T15:07:41.967193Z 0 [Note] D:\Web III\UwAmp\bin\database\mysql-5.7.11\bin\mysqld.exe: Normal shutdown

2024-09-09T15:07:41.968194Z 0 [Note] Giving 0 client threads a chance to die gracefully
2024-09-09T15:07:41.968694Z 0 [Note] Shutting down slave threads
2024-09-09T15:07:41.969195Z 0 [Note] Forcefully disconnecting 0 remaining clients
2024-09-09T15:07:41.970195Z 0 [Note] Event Scheduler: Purging the queue. 0 events
2024-09-09T15:07:41.971196Z 0 [Note] Binlog end
2024-09-09T15:07:42.001222Z 0 [Note] Shutting down plugin 'ngram'
2024-09-09T15:07:42.001723Z 0 [Note] Shutting down plugin 'partition'
2024-09-09T15:07:42.002223Z 0 [Note] Shutting down plugin 'BLACKHOLE'
2024-09-09T15:07:42.002223Z 0 [Note] Shutting down plugin 'ARCHIVE'
2024-09-09T15:07:42.002723Z 0 [Note] Shutting down plugin 'PERFORMANCE_SCHEMA'
2024-09-09T15:07:42.003224Z 0 [Note] Shutting down plugin 'MRG_MYISAM'
2024-09-09T15:07:42.004225Z 0 [Note] Shutting down plugin 'MyISAM'
2024-09-09T15:07:42.004725Z 0 [Note] Shutting down plugin 'INNODB_SYS_VIRTUAL'
2024-09-09T15:07:42.005226Z 0 [Note] Shutting down plugin 'INNODB_SYS_DATAFILES'
2024-09-09T15:07:42.006226Z 0 [Note] Shutting down plugin 'INNODB_SYS_TABLESPACES'
2024-09-09T15:07:42.006726Z 0 [Note] Shutting down plugin 'INNODB_SYS_FOREIGN_COLS'
2024-09-09T15:07:42.007227Z 0 [Note] Shutting down plugin 'INNODB_SYS_FOREIGN'
2024-09-09T15:07:42.007728Z 0 [Note] Shutting down plugin 'INNODB_SYS_FIELDS'
2024-09-09T15:07:42.008228Z 0 [Note] Shutting down plugin 'INNODB_SYS_COLUMNS'
2024-09-09T15:07:42.008728Z 0 [Note] Shutting down plugin 'INNODB_SYS_INDEXES'
2024-09-09T15:07:42.009729Z 0 [Note] Shutting down plugin 'INNODB_SYS_TABLESTATS'
2024-09-09T15:07:42.010230Z 0 [Note] Shutting down plugin 'INNODB_SYS_TABLES'
2024-09-09T15:07:42.011231Z 0 [Note] Shutting down plugin 'INNODB_FT_INDEX_TABLE'
2024-09-09T15:07:42.011731Z 0 [Note] Shutting down plugin 'INNODB_FT_INDEX_CACHE'
2024-09-09T15:07:42.012732Z 0 [Note] Shutting down plugin 'INNODB_FT_CONFIG'
2024-09-09T15:07:42.013232Z 0 [Note] Shutting down plugin 'INNODB_FT_BEING_DELETED'
2024-09-09T15:07:42.014233Z 0 [Note] Shutting down plugin 'INNODB_FT_DELETED'
2024-09-09T15:07:42.014733Z 0 [Note] Shutting down plugin 'INNODB_FT_DEFAULT_STOPWORD'
2024-09-09T15:07:42.015735Z 0 [Note] Shutting down plugin 'INNODB_METRICS'
2024-09-09T15:07:42.016235Z 0 [Note] Shutting down plugin 'INNODB_TEMP_TABLE_INFO'
2024-09-09T15:07:42.016736Z 0 [Note] Shutting down plugin 'INNODB_BUFFER_POOL_STATS'
2024-09-09T15:07:42.017235Z 0 [Note] Shutting down plugin 'INNODB_BUFFER_PAGE_LRU'
2024-09-09T15:07:42.017737Z 0 [Note] Shutting down plugin 'INNODB_BUFFER_PAGE'
2024-09-09T15:07:42.018237Z 0 [Note] Shutting down plugin 'INNODB_CMP_PER_INDEX_RESET'
2024-09-09T15:07:42.018737Z 0 [Note] Shutting down plugin 'INNODB_CMP_PER_INDEX'
2024-09-09T15:07:42.019237Z 0 [Note] Shutting down plugin 'INNODB_CMPMEM_RESET'
2024-09-09T15:07:42.019738Z 0 [Note] Shutting down plugin 'INNODB_CMPMEM'
2024-09-09T15:07:42.020238Z 0 [Note] Shutting down plugin 'INNODB_CMP_RESET'
2024-09-09T15:07:42.020739Z 0 [Note] Shutting down plugin 'INNODB_CMP'
2024-09-09T15:07:42.021239Z 0 [Note] Shutting down plugin 'INNODB_LOCK_WAITS'
2024-09-09T15:07:42.021740Z 0 [Note] Shutting down plugin 'INNODB_LOCKS'
2024-09-09T15:07:42.022241Z 0 [Note] Shutting down plugin 'INNODB_TRX'
2024-09-09T15:07:42.022741Z 0 [Note] Shutting down plugin 'InnoDB'
2024-09-09T15:07:42.023241Z 0 [Note] InnoDB: FTS optimize thread exiting.
2024-09-09T15:07:42.023742Z 0 [Note] InnoDB: Starting shutdown...
2024-09-09T15:07:42.125829Z 0 [Note] InnoDB: Dumping buffer pool(s) to D:\Web III\UwAmp\bin\database\mysql-5.7.11\data\ib_buffer_pool
2024-09-09T15:07:42.139841Z 0 [Note] InnoDB: Buffer pool(s) dump completed at 240909 11:07:42
2024-09-09T15:07:43.321465Z 0 [Note] InnoDB: Shutdown completed; log sequence number 2721730
2024-09-09T15:07:43.325178Z 0 [Note] InnoDB: Removed temporary tablespace data file: "ibtmp1"
2024-09-09T15:07:43.325467Z 0 [Note] Shutting down plugin 'MEMORY'
2024-09-09T15:07:43.325968Z 0 [Note] Shutting down plugin 'CSV'
2024-09-09T15:07:43.326469Z 0 [Note] Shutting down plugin 'sha256_password'
2024-09-09T15:07:43.326969Z 0 [Note] Shutting down plugin 'mysql_native_password'
2024-09-09T15:07:43.327470Z 0 [Note] Shutting down plugin 'binlog'
2024-09-09T15:07:43.329972Z 0 [Note] D:\Web III\UwAmp\bin\database\mysql-5.7.11\bin\mysqld.exe: Shutdown complete

2024-09-13T01:05:55.854843Z 0 [Warning] TIMESTAMP with implicit DEFAULT value is deprecated. Please use --explicit_defaults_for_timestamp server option (see documentation for more details).
2024-09-13T01:05:55.854843Z 0 [Warning] 'NO_ZERO_DATE', 'NO_ZERO_IN_DATE' and 'ERROR_FOR_DIVISION_BY_ZERO' sql modes should be used with strict mode. They will be merged with strict mode in a future release.
2024-09-13T01:05:55.854843Z 0 [Warning] 'NO_AUTO_CREATE_USER' sql mode was not set.
2024-09-13T01:05:55.854843Z 0 [Warning] Insecure configuration for --secure-file-priv: Current value does not restrict location of generated files. Consider setting it to a valid, non-empty path.
2024-09-13T01:05:55.855344Z 0 [ERROR] Cannot open Windows EventLog; check privileges, or start server with --log_syslog=0
2024-09-13T01:05:55.855344Z 0 [Note] D:\Web III\UwAmp\bin\database\mysql-5.7.11\bin\mysqld.exe (mysqld 5.7.11) starting as process 23076 ...
2024-09-13T01:05:55.916210Z 0 [ERROR] Can't open shared library 'D:\Web III\UwAmp\bin\database\mysql-5.7.11\lib\plugin\keyring_file.dll' (errno: 126 Le module spécifié est introuvable.)
2024-09-13T01:05:55.917211Z 0 [ERROR] Couldn't load plugin named 'keyring_file' with soname 'keyring_file.dll'.
2024-09-13T01:05:55.918211Z 0 [Note] InnoDB: Mutexes and rw_locks use Windows interlocked functions
2024-09-13T01:05:55.919213Z 0 [Note] InnoDB: Uses event mutexes
2024-09-13T01:05:55.919713Z 0 [Note] InnoDB: Memory barrier is not used
2024-09-13T01:05:55.919713Z 0 [Note] InnoDB: Compressed tables use zlib 1.2.3
2024-09-13T01:05:55.920714Z 0 [Note] InnoDB: Number of pools: 1
2024-09-13T01:05:55.921215Z 0 [Note] InnoDB: Not using CPU crc32 instructions
2024-09-13T01:05:55.960748Z 0 [Note] InnoDB: Initializing buffer pool, total size = 128M, instances = 1, chunk size = 128M
2024-09-13T01:05:55.965753Z 0 [Note] InnoDB: Completed initialization of buffer pool
2024-09-13T01:05:56.036814Z 0 [Note] InnoDB: Highest supported file format is Barracuda.
2024-09-13T01:05:56.728152Z 0 [Note] InnoDB: Creating shared tablespace for temporary tables
2024-09-13T01:05:56.728652Z 0 [Note] InnoDB: Setting file '.\ibtmp1' size to 12 MB. Physically writing the file full; Please wait ...
2024-09-13T01:05:57.452298Z 0 [Note] InnoDB: File '.\ibtmp1' size is now 12 MB.
2024-09-13T01:05:57.470313Z 0 [Note] InnoDB: 96 redo rollback segment(s) found. 96 redo rollback segment(s) are active.
2024-09-13T01:05:57.470813Z 0 [Note] InnoDB: 32 non-redo rollback segment(s) are active.
2024-09-13T01:05:57.471813Z 0 [Note] InnoDB: Waiting for purge to start
2024-09-13T01:05:57.523859Z 0 [Note] InnoDB: 5.7.11 started; log sequence number 2775817
2024-09-13T01:05:57.524860Z 0 [Note] InnoDB: Loading buffer pool(s) from D:\Web III\UwAmp\bin\database\mysql-5.7.11\data\ib_buffer_pool
2024-09-13T01:05:57.524860Z 0 [Note] Plugin 'FEDERATED' is disabled.
2024-09-13T01:05:58.219424Z 0 [Warning] Failed to set up SSL because of the following SSL library error: SSL context is not usable without certificate and private key
2024-09-13T01:05:58.225930Z 0 [Note] Server hostname (bind-address): '*'; port: 3306
2024-09-13T01:05:58.226430Z 0 [Note] IPv6 is available.
2024-09-13T01:05:58.227932Z 0 [Note]   - '::' resolves to '::';
2024-09-13T01:05:58.228432Z 0 [Note] Server socket created on IP: '::'.
2024-09-13T01:05:58.336025Z 0 [Note] InnoDB: Buffer pool(s) load completed at 240912 21:05:58
2024-09-13T01:05:58.765075Z 0 [Note] Event Scheduler: Loaded 0 events
2024-09-13T01:05:58.765575Z 0 [Note] D:\Web III\UwAmp\bin\database\mysql-5.7.11\bin\mysqld.exe: ready for connections.
Version: '5.7.11'  socket: ''  port: 3306  MySQL Community Server (GPL)
2024-09-13T01:14:54.979999Z 0 [Note] D:\Web III\UwAmp\bin\database\mysql-5.7.11\bin\mysqld.exe: Normal shutdown

2024-09-13T01:14:54.980999Z 0 [Note] Giving 0 client threads a chance to die gracefully
2024-09-13T01:14:54.981500Z 0 [Note] Shutting down slave threads
2024-09-13T01:14:54.982000Z 0 [Note] Forcefully disconnecting 0 remaining clients
2024-09-13T01:14:54.982501Z 0 [Note] Event Scheduler: Purging the queue. 0 events
2024-09-13T01:14:54.983002Z 0 [Note] Binlog end
2024-09-13T01:14:55.021577Z 0 [Note] Shutting down plugin 'ngram'
2024-09-13T01:14:55.022078Z 0 [Note] Shutting down plugin 'partition'
2024-09-13T01:14:55.022578Z 0 [Note] Shutting down plugin 'BLACKHOLE'
2024-09-13T01:14:55.023078Z 0 [Note] Shutting down plugin 'ARCHIVE'
2024-09-13T01:14:55.023078Z 0 [Note] Shutting down plugin 'PERFORMANCE_SCHEMA'
2024-09-13T01:14:55.023579Z 0 [Note] Shutting down plugin 'MRG_MYISAM'
2024-09-13T01:14:55.024079Z 0 [Note] Shutting down plugin 'MyISAM'
2024-09-13T01:14:55.024579Z 0 [Note] Shutting down plugin 'INNODB_SYS_VIRTUAL'
2024-09-13T01:14:55.025080Z 0 [Note] Shutting down plugin 'INNODB_SYS_DATAFILES'
2024-09-13T01:14:55.025581Z 0 [Note] Shutting down plugin 'INNODB_SYS_TABLESPACES'
2024-09-13T01:14:55.026081Z 0 [Note] Shutting down plugin 'INNODB_SYS_FOREIGN_COLS'
2024-09-13T01:14:55.026581Z 0 [Note] Shutting down plugin 'INNODB_SYS_FOREIGN'
2024-09-13T01:14:55.027082Z 0 [Note] Shutting down plugin 'INNODB_SYS_FIELDS'
2024-09-13T01:14:55.028083Z 0 [Note] Shutting down plugin 'INNODB_SYS_COLUMNS'
2024-09-13T01:14:55.028583Z 0 [Note] Shutting down plugin 'INNODB_SYS_INDEXES'
2024-09-13T01:14:55.028583Z 0 [Note] Shutting down plugin 'INNODB_SYS_TABLESTATS'
2024-09-13T01:14:55.029083Z 0 [Note] Shutting down plugin 'INNODB_SYS_TABLES'
2024-09-13T01:14:55.029584Z 0 [Note] Shutting down plugin 'INNODB_FT_INDEX_TABLE'
2024-09-13T01:14:55.030084Z 0 [Note] Shutting down plugin 'INNODB_FT_INDEX_CACHE'
2024-09-13T01:14:55.030585Z 0 [Note] Shutting down plugin 'INNODB_FT_CONFIG'
2024-09-13T01:14:55.031085Z 0 [Note] Shutting down plugin 'INNODB_FT_BEING_DELETED'
2024-09-13T01:14:55.031586Z 0 [Note] Shutting down plugin 'INNODB_FT_DELETED'
2024-09-13T01:14:55.032086Z 0 [Note] Shutting down plugin 'INNODB_FT_DEFAULT_STOPWORD'
2024-09-13T01:14:55.032586Z 0 [Note] Shutting down plugin 'INNODB_METRICS'
2024-09-13T01:14:55.033088Z 0 [Note] Shutting down plugin 'INNODB_TEMP_TABLE_INFO'
2024-09-13T01:14:55.033588Z 0 [Note] Shutting down plugin 'INNODB_BUFFER_POOL_STATS'
2024-09-13T01:14:55.034589Z 0 [Note] Shutting down plugin 'INNODB_BUFFER_PAGE_LRU'
2024-09-13T01:14:55.035089Z 0 [Note] Shutting down plugin 'INNODB_BUFFER_PAGE'
2024-09-13T01:14:55.035589Z 0 [Note] Shutting down plugin 'INNODB_CMP_PER_INDEX_RESET'
2024-09-13T01:14:55.036089Z 0 [Note] Shutting down plugin 'INNODB_CMP_PER_INDEX'
2024-09-13T01:14:55.036590Z 0 [Note] Shutting down plugin 'INNODB_CMPMEM_RESET'
2024-09-13T01:14:55.037090Z 0 [Note] Shutting down plugin 'INNODB_CMPMEM'
2024-09-13T01:14:55.037591Z 0 [Note] Shutting down plugin 'INNODB_CMP_RESET'
2024-09-13T01:14:55.037591Z 0 [Note] Shutting down plugin 'INNODB_CMP'
2024-09-13T01:14:55.038091Z 0 [Note] Shutting down plugin 'INNODB_LOCK_WAITS'
2024-09-13T01:14:55.038591Z 0 [Note] Shutting down plugin 'INNODB_LOCKS'
2024-09-13T01:14:55.039093Z 0 [Note] Shutting down plugin 'INNODB_TRX'
2024-09-13T01:14:55.039593Z 0 [Note] Shutting down plugin 'InnoDB'
2024-09-13T01:14:55.040093Z 0 [Note] InnoDB: FTS optimize thread exiting.
2024-09-13T01:14:55.040594Z 0 [Note] InnoDB: Starting shutdown...
2024-09-13T01:14:55.141455Z 0 [Note] InnoDB: Dumping buffer pool(s) to D:\Web III\UwAmp\bin\database\mysql-5.7.11\data\ib_buffer_pool
2024-09-13T01:14:55.153465Z 0 [Note] InnoDB: Buffer pool(s) dump completed at 240912 21:14:55
2024-09-13T01:14:57.332131Z 0 [Note] InnoDB: Shutdown completed; log sequence number 2776827
2024-09-13T01:14:57.771274Z 0 [Note] InnoDB: Removed temporary tablespace data file: "ibtmp1"
2024-09-13T01:14:57.771773Z 0 [Note] Shutting down plugin 'MEMORY'
2024-09-13T01:14:57.772274Z 0 [Note] Shutting down plugin 'CSV'
2024-09-13T01:14:57.773275Z 0 [Note] Shutting down plugin 'sha256_password'
2024-09-13T01:14:57.773776Z 0 [Note] Shutting down plugin 'mysql_native_password'
2024-09-13T01:14:57.774276Z 0 [Note] Shutting down plugin 'binlog'
2024-09-13T01:14:57.776778Z 0 [Note] D:\Web III\UwAmp\bin\database\mysql-5.7.11\bin\mysqld.exe: Shutdown complete

2024-10-08T20:28:11.310023Z 0 [Warning] TIMESTAMP with implicit DEFAULT value is deprecated. Please use --explicit_defaults_for_timestamp server option (see documentation for more details).
2024-10-08T20:28:11.310023Z 0 [Warning] 'NO_ZERO_DATE', 'NO_ZERO_IN_DATE' and 'ERROR_FOR_DIVISION_BY_ZERO' sql modes should be used with strict mode. They will be merged with strict mode in a future release.
2024-10-08T20:28:11.310023Z 0 [Warning] 'NO_AUTO_CREATE_USER' sql mode was not set.
2024-10-08T20:28:11.310023Z 0 [Warning] Insecure configuration for --secure-file-priv: Current value does not restrict location of generated files. Consider setting it to a valid, non-empty path.
2024-10-08T20:28:11.310524Z 0 [ERROR] Cannot open Windows EventLog; check privileges, or start server with --log_syslog=0
2024-10-08T20:28:11.310524Z 0 [Note] D:\Web III\UwAmp\bin\database\mysql-5.7.11\bin\mysqld.exe (mysqld 5.7.11) starting as process 13832 ...
2024-10-08T20:28:11.402603Z 0 [ERROR] Can't open shared library 'D:\Web III\UwAmp\bin\database\mysql-5.7.11\lib\plugin\keyring_file.dll' (errno: 126 Le module spécifié est introuvable.)
2024-10-08T20:28:11.404605Z 0 [ERROR] Couldn't load plugin named 'keyring_file' with soname 'keyring_file.dll'.
2024-10-08T20:28:11.406106Z 0 [Note] InnoDB: Mutexes and rw_locks use Windows interlocked functions
2024-10-08T20:28:11.406606Z 0 [Note] InnoDB: Uses event mutexes
2024-10-08T20:28:11.407107Z 0 [Note] InnoDB: Memory barrier is not used
2024-10-08T20:28:11.407607Z 0 [Note] InnoDB: Compressed tables use zlib 1.2.3
2024-10-08T20:28:11.409109Z 0 [Note] InnoDB: Number of pools: 1
2024-10-08T20:28:11.410109Z 0 [Note] InnoDB: Not using CPU crc32 instructions
2024-10-08T20:28:11.464156Z 0 [Note] InnoDB: Initializing buffer pool, total size = 128M, instances = 1, chunk size = 128M
2024-10-08T20:28:11.471162Z 0 [Note] InnoDB: Completed initialization of buffer pool
2024-10-08T20:28:11.567245Z 0 [Note] InnoDB: Highest supported file format is Barracuda.
2024-10-08T20:28:12.356423Z 0 [Note] InnoDB: Creating shared tablespace for temporary tables
2024-10-08T20:28:12.357423Z 0 [Note] InnoDB: Setting file '.\ibtmp1' size to 12 MB. Physically writing the file full; Please wait ...
2024-10-08T20:28:12.545085Z 0 [Note] InnoDB: File '.\ibtmp1' size is now 12 MB.
2024-10-08T20:28:12.567103Z 0 [Note] InnoDB: 96 redo rollback segment(s) found. 96 redo rollback segment(s) are active.
2024-10-08T20:28:12.568105Z 0 [Note] InnoDB: 32 non-redo rollback segment(s) are active.
2024-10-08T20:28:12.569105Z 0 [Note] InnoDB: Waiting for purge to start
2024-10-08T20:28:12.622652Z 0 [Note] InnoDB: 5.7.11 started; log sequence number 2790849
2024-10-08T20:28:12.623652Z 0 [Note] InnoDB: Loading buffer pool(s) from D:\Web III\UwAmp\bin\database\mysql-5.7.11\data\ib_buffer_pool
2024-10-08T20:28:12.623652Z 0 [Note] Plugin 'FEDERATED' is disabled.
2024-10-08T20:28:12.781789Z 0 [Warning] Failed to set up SSL because of the following SSL library error: SSL context is not usable without certificate and private key
2024-10-08T20:28:12.784292Z 0 [Note] Server hostname (bind-address): '*'; port: 3306
2024-10-08T20:28:12.784791Z 0 [Note] IPv6 is available.
2024-10-08T20:28:12.786294Z 0 [Note]   - '::' resolves to '::';
2024-10-08T20:28:12.786792Z 0 [Note] Server socket created on IP: '::'.
2024-10-08T20:28:12.893384Z 0 [Note] InnoDB: Buffer pool(s) load completed at 241008 16:28:12
2024-10-08T20:28:13.191642Z 0 [Note] Event Scheduler: Loaded 0 events
2024-10-08T20:28:13.192141Z 0 [Note] D:\Web III\UwAmp\bin\database\mysql-5.7.11\bin\mysqld.exe: ready for connections.
Version: '5.7.11'  socket: ''  port: 3306  MySQL Community Server (GPL)
2024-10-08T20:45:30.344909Z 2 [Note] Access denied for user 'root'@'localhost' (using password: YES)
2024-10-08T22:12:53.244616Z 0 [Note] D:\Web III\UwAmp\bin\database\mysql-5.7.11\bin\mysqld.exe: Normal shutdown

2024-10-08T22:12:53.245617Z 0 [Note] Giving 0 client threads a chance to die gracefully
2024-10-08T22:12:53.246617Z 0 [Note] Shutting down slave threads
2024-10-08T22:12:53.247619Z 0 [Note] Forcefully disconnecting 0 remaining clients
2024-10-08T22:12:53.248620Z 0 [Note] Event Scheduler: Purging the queue. 0 events
2024-10-08T22:12:53.250120Z 0 [Note] Binlog end
2024-10-08T22:12:53.288654Z 0 [Note] Shutting down plugin 'ngram'
2024-10-08T22:12:53.289154Z 0 [Note] Shutting down plugin 'partition'
2024-10-08T22:12:53.290155Z 0 [Note] Shutting down plugin 'BLACKHOLE'
2024-10-08T22:12:53.290655Z 0 [Note] Shutting down plugin 'ARCHIVE'
2024-10-08T22:12:53.291156Z 0 [Note] Shutting down plugin 'PERFORMANCE_SCHEMA'
2024-10-08T22:12:53.292157Z 0 [Note] Shutting down plugin 'MRG_MYISAM'
2024-10-08T22:12:53.293158Z 0 [Note] Shutting down plugin 'MyISAM'
2024-10-08T22:12:53.293659Z 0 [Note] Shutting down plugin 'INNODB_SYS_VIRTUAL'
2024-10-08T22:12:53.294158Z 0 [Note] Shutting down plugin 'INNODB_SYS_DATAFILES'
2024-10-08T22:12:53.295159Z 0 [Note] Shutting down plugin 'INNODB_SYS_TABLESPACES'
2024-10-08T22:12:53.295659Z 0 [Note] Shutting down plugin 'INNODB_SYS_FOREIGN_COLS'
2024-10-08T22:12:53.296160Z 0 [Note] Shutting down plugin 'INNODB_SYS_FOREIGN'
2024-10-08T22:12:53.297163Z 0 [Note] Shutting down plugin 'INNODB_SYS_FIELDS'
2024-10-08T22:12:53.297663Z 0 [Note] Shutting down plugin 'INNODB_SYS_COLUMNS'
2024-10-08T22:12:53.298662Z 0 [Note] Shutting down plugin 'INNODB_SYS_INDEXES'
2024-10-08T22:12:53.299663Z 0 [Note] Shutting down plugin 'INNODB_SYS_TABLESTATS'
2024-10-08T22:12:53.300664Z 0 [Note] Shutting down plugin 'INNODB_SYS_TABLES'
2024-10-08T22:12:53.301164Z 0 [Note] Shutting down plugin 'INNODB_FT_INDEX_TABLE'
2024-10-08T22:12:53.302165Z 0 [Note] Shutting down plugin 'INNODB_FT_INDEX_CACHE'
2024-10-08T22:12:53.303166Z 0 [Note] Shutting down plugin 'INNODB_FT_CONFIG'
2024-10-08T22:12:53.303667Z 0 [Note] Shutting down plugin 'INNODB_FT_BEING_DELETED'
2024-10-08T22:12:53.304667Z 0 [Note] Shutting down plugin 'INNODB_FT_DELETED'
2024-10-08T22:12:53.305168Z 0 [Note] Shutting down plugin 'INNODB_FT_DEFAULT_STOPWORD'
2024-10-08T22:12:53.306169Z 0 [Note] Shutting down plugin 'INNODB_METRICS'
2024-10-08T22:12:53.306669Z 0 [Note] Shutting down plugin 'INNODB_TEMP_TABLE_INFO'
2024-10-08T22:12:53.307170Z 0 [Note] Shutting down plugin 'INNODB_BUFFER_POOL_STATS'
2024-10-08T22:12:53.308171Z 0 [Note] Shutting down plugin 'INNODB_BUFFER_PAGE_LRU'
2024-10-08T22:12:53.308671Z 0 [Note] Shutting down plugin 'INNODB_BUFFER_PAGE'
2024-10-08T22:12:53.309672Z 0 [Note] Shutting down plugin 'INNODB_CMP_PER_INDEX_RESET'
2024-10-08T22:12:53.310173Z 0 [Note] Shutting down plugin 'INNODB_CMP_PER_INDEX'
2024-10-08T22:12:53.311173Z 0 [Note] Shutting down plugin 'INNODB_CMPMEM_RESET'
2024-10-08T22:12:53.311674Z 0 [Note] Shutting down plugin 'INNODB_CMPMEM'
2024-10-08T22:12:53.312175Z 0 [Note] Shutting down plugin 'INNODB_CMP_RESET'
2024-10-08T22:12:53.313175Z 0 [Note] Shutting down plugin 'INNODB_CMP'
2024-10-08T22:12:53.313676Z 0 [Note] Shutting down plugin 'INNODB_LOCK_WAITS'
2024-10-08T22:12:53.314175Z 0 [Note] Shutting down plugin 'INNODB_LOCKS'
2024-10-08T22:12:53.314676Z 0 [Note] Shutting down plugin 'INNODB_TRX'
2024-10-08T22:12:53.315177Z 0 [Note] Shutting down plugin 'InnoDB'
2024-10-08T22:12:53.315677Z 0 [Note] InnoDB: FTS optimize thread exiting.
2024-10-08T22:12:53.316678Z 0 [Note] InnoDB: Starting shutdown...
2024-10-08T22:12:53.418765Z 0 [Note] InnoDB: Dumping buffer pool(s) to D:\Web III\UwAmp\bin\database\mysql-5.7.11\data\ib_buffer_pool
2024-10-08T22:12:53.430777Z 0 [Note] InnoDB: Buffer pool(s) dump completed at 241008 18:12:53
2024-10-08T22:12:55.798312Z 0 [Note] InnoDB: Shutdown completed; log sequence number 2791466
2024-10-08T22:12:55.802314Z 0 [Note] InnoDB: Removed temporary tablespace data file: "ibtmp1"
2024-10-08T22:12:55.803314Z 0 [Note] Shutting down plugin 'MEMORY'
2024-10-08T22:12:55.803815Z 0 [Note] Shutting down plugin 'CSV'
2024-10-08T22:12:55.804318Z 0 [Note] Shutting down plugin 'sha256_password'
2024-10-08T22:12:55.805318Z 0 [Note] Shutting down plugin 'mysql_native_password'
2024-10-08T22:12:55.806318Z 0 [Note] Shutting down plugin 'binlog'
2024-10-08T22:12:55.809820Z 0 [Note] D:\Web III\UwAmp\bin\database\mysql-5.7.11\bin\mysqld.exe: Shutdown complete

2024-10-09T00:19:04.318923Z 0 [Warning] TIMESTAMP with implicit DEFAULT value is deprecated. Please use --explicit_defaults_for_timestamp server option (see documentation for more details).
2024-10-09T00:19:04.318923Z 0 [Warning] 'NO_ZERO_DATE', 'NO_ZERO_IN_DATE' and 'ERROR_FOR_DIVISION_BY_ZERO' sql modes should be used with strict mode. They will be merged with strict mode in a future release.
2024-10-09T00:19:04.318923Z 0 [Warning] 'NO_AUTO_CREATE_USER' sql mode was not set.
2024-10-09T00:19:04.318923Z 0 [Warning] Insecure configuration for --secure-file-priv: Current value does not restrict location of generated files. Consider setting it to a valid, non-empty path.
2024-10-09T00:19:04.318923Z 0 [ERROR] Cannot open Windows EventLog; check privileges, or start server with --log_syslog=0
2024-10-09T00:19:04.318923Z 0 [Note] D:\Web III\UwAmp\bin\database\mysql-5.7.11\bin\mysqld.exe (mysqld 5.7.11) starting as process 18288 ...
2024-10-09T00:19:04.338440Z 0 [ERROR] Can't open shared library 'D:\Web III\UwAmp\bin\database\mysql-5.7.11\lib\plugin\keyring_file.dll' (errno: 126 Le module spécifié est introuvable.)
2024-10-09T00:19:04.339440Z 0 [ERROR] Couldn't load plugin named 'keyring_file' with soname 'keyring_file.dll'.
2024-10-09T00:19:04.340943Z 0 [Note] InnoDB: Mutexes and rw_locks use Windows interlocked functions
2024-10-09T00:19:04.341443Z 0 [Note] InnoDB: Uses event mutexes
2024-10-09T00:19:04.341943Z 0 [Note] InnoDB: Memory barrier is not used
2024-10-09T00:19:04.342443Z 0 [Note] InnoDB: Compressed tables use zlib 1.2.3
2024-10-09T00:19:04.342944Z 0 [Note] InnoDB: Number of pools: 1
2024-10-09T00:19:04.343445Z 0 [Note] InnoDB: Not using CPU crc32 instructions
2024-10-09T00:19:04.378475Z 0 [Note] InnoDB: Initializing buffer pool, total size = 128M, instances = 1, chunk size = 128M
2024-10-09T00:19:04.383490Z 0 [Note] InnoDB: Completed initialization of buffer pool
2024-10-09T00:19:04.433522Z 0 [Note] InnoDB: Highest supported file format is Barracuda.
2024-10-09T00:19:04.604169Z 0 [Note] InnoDB: Creating shared tablespace for temporary tables
2024-10-09T00:19:04.605169Z 0 [Note] InnoDB: Setting file '.\ibtmp1' size to 12 MB. Physically writing the file full; Please wait ...
2024-10-09T00:19:09.429305Z 0 [Note] InnoDB: File '.\ibtmp1' size is now 12 MB.
2024-10-09T00:19:09.446319Z 0 [Note] InnoDB: 96 redo rollback segment(s) found. 96 redo rollback segment(s) are active.
2024-10-09T00:19:09.446820Z 0 [Note] InnoDB: 32 non-redo rollback segment(s) are active.
2024-10-09T00:19:09.447821Z 0 [Note] InnoDB: Waiting for purge to start
2024-10-09T00:19:09.499865Z 0 [Note] InnoDB: page_cleaner: 1000ms intended loop took 5114ms. The settings might not be optimal. (flushed=0 and evicted=0, during the time.)
2024-10-09T00:19:09.500866Z 0 [Note] InnoDB: 5.7.11 started; log sequence number 2791466
2024-10-09T00:19:09.501868Z 0 [Note] InnoDB: Loading buffer pool(s) from D:\Web III\UwAmp\bin\database\mysql-5.7.11\data\ib_buffer_pool
2024-10-09T00:19:09.501868Z 0 [Note] Plugin 'FEDERATED' is disabled.
2024-10-09T00:19:09.626474Z 0 [Warning] Failed to set up SSL because of the following SSL library error: SSL context is not usable without certificate and private key
2024-10-09T00:19:09.628476Z 0 [Note] Server hostname (bind-address): '*'; port: 3306
2024-10-09T00:19:09.629477Z 0 [Note] IPv6 is available.
2024-10-09T00:19:09.629978Z 0 [Note]   - '::' resolves to '::';
2024-10-09T00:19:09.630478Z 0 [Note] Server socket created on IP: '::'.
2024-10-09T00:19:09.684024Z 0 [Note] InnoDB: Buffer pool(s) load completed at 241008 20:19:09
2024-10-09T00:19:09.703040Z 0 [Note] Event Scheduler: Loaded 0 events
2024-10-09T00:19:09.703541Z 0 [Note] D:\Web III\UwAmp\bin\database\mysql-5.7.11\bin\mysqld.exe: ready for connections.
Version: '5.7.11'  socket: ''  port: 3306  MySQL Community Server (GPL)
2024-10-09T03:23:35.452794Z 0 [Note] D:\Web III\UwAmp\bin\database\mysql-5.7.11\bin\mysqld.exe: Normal shutdown

2024-10-09T03:23:35.453795Z 0 [Note] Giving 0 client threads a chance to die gracefully
2024-10-09T03:23:35.454795Z 0 [Note] Shutting down slave threads
2024-10-09T03:23:35.455296Z 0 [Note] Forcefully disconnecting 0 remaining clients
2024-10-09T03:23:35.455796Z 0 [Note] Event Scheduler: Purging the queue. 0 events
2024-10-09T03:23:35.456797Z 0 [Note] Binlog end
2024-10-09T03:23:35.493329Z 0 [Note] Shutting down plugin 'ngram'
2024-10-09T03:23:35.493829Z 0 [Note] Shutting down plugin 'partition'
2024-10-09T03:23:35.494330Z 0 [Note] Shutting down plugin 'BLACKHOLE'
2024-10-09T03:23:35.494830Z 0 [Note] Shutting down plugin 'ARCHIVE'
2024-10-09T03:23:35.495331Z 0 [Note] Shutting down plugin 'PERFORMANCE_SCHEMA'
2024-10-09T03:23:35.495832Z 0 [Note] Shutting down plugin 'MRG_MYISAM'
2024-10-09T03:23:35.496332Z 0 [Note] Shutting down plugin 'MyISAM'
2024-10-09T03:23:35.496832Z 0 [Note] Shutting down plugin 'INNODB_SYS_VIRTUAL'
2024-10-09T03:23:35.497333Z 0 [Note] Shutting down plugin 'INNODB_SYS_DATAFILES'
2024-10-09T03:23:35.497832Z 0 [Note] Shutting down plugin 'INNODB_SYS_TABLESPACES'
2024-10-09T03:23:35.498333Z 0 [Note] Shutting down plugin 'INNODB_SYS_FOREIGN_COLS'
2024-10-09T03:23:35.498834Z 0 [Note] Shutting down plugin 'INNODB_SYS_FOREIGN'
2024-10-09T03:23:35.499334Z 0 [Note] Shutting down plugin 'INNODB_SYS_FIELDS'
2024-10-09T03:23:35.499835Z 0 [Note] Shutting down plugin 'INNODB_SYS_COLUMNS'
2024-10-09T03:23:35.500335Z 0 [Note] Shutting down plugin 'INNODB_SYS_INDEXES'
2024-10-09T03:23:35.500835Z 0 [Note] Shutting down plugin 'INNODB_SYS_TABLESTATS'
2024-10-09T03:23:35.501336Z 0 [Note] Shutting down plugin 'INNODB_SYS_TABLES'
2024-10-09T03:23:35.501837Z 0 [Note] Shutting down plugin 'INNODB_FT_INDEX_TABLE'
2024-10-09T03:23:35.502337Z 0 [Note] Shutting down plugin 'INNODB_FT_INDEX_CACHE'
2024-10-09T03:23:35.502837Z 0 [Note] Shutting down plugin 'INNODB_FT_CONFIG'
2024-10-09T03:23:35.503337Z 0 [Note] Shutting down plugin 'INNODB_FT_BEING_DELETED'
2024-10-09T03:23:35.504339Z 0 [Note] Shutting down plugin 'INNODB_FT_DELETED'
2024-10-09T03:23:35.504838Z 0 [Note] Shutting down plugin 'INNODB_FT_DEFAULT_STOPWORD'
2024-10-09T03:23:35.505339Z 0 [Note] Shutting down plugin 'INNODB_METRICS'
2024-10-09T03:23:35.505839Z 0 [Note] Shutting down plugin 'INNODB_TEMP_TABLE_INFO'
2024-10-09T03:23:35.506340Z 0 [Note] Shutting down plugin 'INNODB_BUFFER_POOL_STATS'
2024-10-09T03:23:35.506840Z 0 [Note] Shutting down plugin 'INNODB_BUFFER_PAGE_LRU'
2024-10-09T03:23:35.507341Z 0 [Note] Shutting down plugin 'INNODB_BUFFER_PAGE'
2024-10-09T03:23:35.507841Z 0 [Note] Shutting down plugin 'INNODB_CMP_PER_INDEX_RESET'
2024-10-09T03:23:35.508342Z 0 [Note] Shutting down plugin 'INNODB_CMP_PER_INDEX'
2024-10-09T03:23:35.508842Z 0 [Note] Shutting down plugin 'INNODB_CMPMEM_RESET'
2024-10-09T03:23:35.509343Z 0 [Note] Shutting down plugin 'INNODB_CMPMEM'
2024-10-09T03:23:35.509844Z 0 [Note] Shutting down plugin 'INNODB_CMP_RESET'
2024-10-09T03:23:35.510344Z 0 [Note] Shutting down plugin 'INNODB_CMP'
2024-10-09T03:23:35.510844Z 0 [Note] Shutting down plugin 'INNODB_LOCK_WAITS'
2024-10-09T03:23:35.511345Z 0 [Note] Shutting down plugin 'INNODB_LOCKS'
2024-10-09T03:23:35.511845Z 0 [Note] Shutting down plugin 'INNODB_TRX'
2024-10-09T03:23:35.512345Z 0 [Note] Shutting down plugin 'InnoDB'
2024-10-09T03:23:35.512846Z 0 [Note] InnoDB: FTS optimize thread exiting.
2024-10-09T03:23:35.513346Z 0 [Note] InnoDB: Starting shutdown...
2024-10-09T03:23:35.614292Z 0 [Note] InnoDB: Dumping buffer pool(s) to D:\Web III\UwAmp\bin\database\mysql-5.7.11\data\ib_buffer_pool
2024-10-09T03:23:35.626802Z 0 [Note] InnoDB: Buffer pool(s) dump completed at 241008 23:23:35
2024-10-09T03:23:37.052306Z 0 [Note] InnoDB: Shutdown completed; log sequence number 2833785
2024-10-09T03:23:37.055309Z 0 [Note] InnoDB: Removed temporary tablespace data file: "ibtmp1"
2024-10-09T03:23:37.055809Z 0 [Note] Shutting down plugin 'MEMORY'
2024-10-09T03:23:37.056309Z 0 [Note] Shutting down plugin 'CSV'
2024-10-09T03:23:37.056809Z 0 [Note] Shutting down plugin 'sha256_password'
2024-10-09T03:23:37.057310Z 0 [Note] Shutting down plugin 'mysql_native_password'
2024-10-09T03:23:37.057810Z 0 [Note] Shutting down plugin 'binlog'
2024-10-09T03:23:37.060814Z 0 [Note] D:\Web III\UwAmp\bin\database\mysql-5.7.11\bin\mysqld.exe: Shutdown complete

2024-11-15T00:41:46.290783Z 0 [Warning] TIMESTAMP with implicit DEFAULT value is deprecated. Please use --explicit_defaults_for_timestamp server option (see documentation for more details).
2024-11-15T00:41:46.291284Z 0 [Warning] 'NO_ZERO_DATE', 'NO_ZERO_IN_DATE' and 'ERROR_FOR_DIVISION_BY_ZERO' sql modes should be used with strict mode. They will be merged with strict mode in a future release.
2024-11-15T00:41:46.291284Z 0 [Warning] 'NO_AUTO_CREATE_USER' sql mode was not set.
2024-11-15T00:41:46.291284Z 0 [Warning] Insecure configuration for --secure-file-priv: Current value does not restrict location of generated files. Consider setting it to a valid, non-empty path.
2024-11-15T00:41:46.291284Z 0 [ERROR] Cannot open Windows EventLog; check privileges, or start server with --log_syslog=0
2024-11-15T00:41:46.291284Z 0 [Note] D:\Web III\UwAmp\bin\database\mysql-5.7.11\bin\mysqld.exe (mysqld 5.7.11) starting as process 12672 ...
2024-11-15T00:41:46.360776Z 0 [ERROR] Can't open shared library 'D:\Web III\UwAmp\bin\database\mysql-5.7.11\lib\plugin\keyring_file.dll' (errno: 126 Le module spécifié est introuvable.)
2024-11-15T00:41:46.362278Z 0 [ERROR] Couldn't load plugin named 'keyring_file' with soname 'keyring_file.dll'.
2024-11-15T00:41:46.363278Z 0 [Note] InnoDB: Mutexes and rw_locks use Windows interlocked functions
2024-11-15T00:41:46.363778Z 0 [Note] InnoDB: Uses event mutexes
2024-11-15T00:41:46.364279Z 0 [Note] InnoDB: Memory barrier is not used
2024-11-15T00:41:46.364779Z 0 [Note] InnoDB: Compressed tables use zlib 1.2.3
2024-11-15T00:41:46.365780Z 0 [Note] InnoDB: Number of pools: 1
2024-11-15T00:41:46.366280Z 0 [Note] InnoDB: Not using CPU crc32 instructions
2024-11-15T00:41:46.407816Z 0 [Note] InnoDB: Initializing buffer pool, total size = 128M, instances = 1, chunk size = 128M
2024-11-15T00:41:46.412820Z 0 [Note] InnoDB: Completed initialization of buffer pool
2024-11-15T00:41:46.486884Z 0 [Note] InnoDB: Highest supported file format is Barracuda.
2024-11-15T00:41:47.283572Z 0 [Note] InnoDB: Creating shared tablespace for temporary tables
2024-11-15T00:41:47.284072Z 0 [Note] InnoDB: Setting file '.\ibtmp1' size to 12 MB. Physically writing the file full; Please wait ...
2024-11-15T00:42:06.463744Z 0 [Note] InnoDB: File '.\ibtmp1' size is now 12 MB.
2024-11-15T00:42:06.479759Z 0 [Note] InnoDB: 96 redo rollback segment(s) found. 96 redo rollback segment(s) are active.
2024-11-15T00:42:06.480760Z 0 [Note] InnoDB: 32 non-redo rollback segment(s) are active.
2024-11-15T00:42:06.481260Z 0 [Note] InnoDB: Waiting for purge to start
2024-11-15T00:42:06.532268Z 0 [Note] InnoDB: page_cleaner: 1000ms intended loop took 20118ms. The settings might not be optimal. (flushed=0 and evicted=0, during the time.)
2024-11-15T00:42:06.532769Z 0 [Note] InnoDB: 5.7.11 started; log sequence number 3875919
2024-11-15T00:42:06.534269Z 0 [Note] InnoDB: Loading buffer pool(s) from D:\Web III\UwAmp\bin\database\mysql-5.7.11\data\ib_buffer_pool
2024-11-15T00:42:06.534269Z 0 [Note] Plugin 'FEDERATED' is disabled.
2024-11-15T00:42:06.656756Z 0 [Warning] Failed to set up SSL because of the following SSL library error: SSL context is not usable without certificate and private key
2024-11-15T00:42:06.659259Z 0 [Note] Server hostname (bind-address): '*'; port: 3306
2024-11-15T00:42:06.660259Z 0 [Note] IPv6 is available.
2024-11-15T00:42:06.660259Z 0 [Note]   - '::' resolves to '::';
2024-11-15T00:42:06.660760Z 0 [Note] Server socket created on IP: '::'.
2024-11-15T00:42:06.779596Z 0 [Note] InnoDB: Buffer pool(s) load completed at 241114 19:42:06
2024-11-15T00:42:06.987651Z 0 [Note] Event Scheduler: Loaded 0 events
2024-11-15T00:42:06.988151Z 0 [Note] D:\Web III\UwAmp\bin\database\mysql-5.7.11\bin\mysqld.exe: ready for connections.
Version: '5.7.11'  socket: ''  port: 3306  MySQL Community Server (GPL)
2024-11-15T00:42:06.991654Z 0 [Note] D:\Web III\UwAmp\bin\database\mysql-5.7.11\bin\mysqld.exe: Normal shutdown

2024-11-15T00:42:06.992656Z 0 [Note] Giving 0 client threads a chance to die gracefully
2024-11-15T00:42:06.993156Z 0 [Note] Shutting down slave threads
2024-11-15T00:42:06.993656Z 0 [Note] Forcefully disconnecting 0 remaining clients
2024-11-15T00:42:06.994157Z 0 [Note] Event Scheduler: Purging the queue. 0 events
2024-11-15T00:42:06.994657Z 0 [Note] Binlog end
2024-11-15T00:42:07.024092Z 0 [Note] Shutting down plugin 'ngram'
2024-11-15T00:42:07.024594Z 0 [Note] Shutting down plugin 'partition'
2024-11-15T00:42:07.024594Z 0 [Note] Shutting down plugin 'BLACKHOLE'
2024-11-15T00:42:07.025095Z 0 [Note] Shutting down plugin 'ARCHIVE'
2024-11-15T00:42:07.025595Z 0 [Note] Shutting down plugin 'PERFORMANCE_SCHEMA'
2024-11-15T00:42:07.026096Z 0 [Note] Shutting down plugin 'MRG_MYISAM'
2024-11-15T00:42:07.026596Z 0 [Note] Shutting down plugin 'MyISAM'
2024-11-15T00:42:07.027096Z 0 [Note] Shutting down plugin 'INNODB_SYS_VIRTUAL'
2024-11-15T00:42:07.027596Z 0 [Note] Shutting down plugin 'INNODB_SYS_DATAFILES'
2024-11-15T00:42:07.028097Z 0 [Note] Shutting down plugin 'INNODB_SYS_TABLESPACES'
2024-11-15T00:42:07.028597Z 0 [Note] Shutting down plugin 'INNODB_SYS_FOREIGN_COLS'
2024-11-15T00:42:07.029099Z 0 [Note] Shutting down plugin 'INNODB_SYS_FOREIGN'
2024-11-15T00:42:07.029598Z 0 [Note] Shutting down plugin 'INNODB_SYS_FIELDS'
2024-11-15T00:42:07.030099Z 0 [Note] Shutting down plugin 'INNODB_SYS_COLUMNS'
2024-11-15T00:42:07.030599Z 0 [Note] Shutting down plugin 'INNODB_SYS_INDEXES'
2024-11-15T00:42:07.031099Z 0 [Note] Shutting down plugin 'INNODB_SYS_TABLESTATS'
2024-11-15T00:42:07.031599Z 0 [Note] Shutting down plugin 'INNODB_SYS_TABLES'
2024-11-15T00:42:07.032101Z 0 [Note] Shutting down plugin 'INNODB_FT_INDEX_TABLE'
2024-11-15T00:42:07.032602Z 0 [Note] Shutting down plugin 'INNODB_FT_INDEX_CACHE'
2024-11-15T00:42:07.033101Z 0 [Note] Shutting down plugin 'INNODB_FT_CONFIG'
2024-11-15T00:42:07.033601Z 0 [Note] Shutting down plugin 'INNODB_FT_BEING_DELETED'
2024-11-15T00:42:07.034102Z 0 [Note] Shutting down plugin 'INNODB_FT_DELETED'
2024-11-15T00:42:07.034602Z 0 [Note] Shutting down plugin 'INNODB_FT_DEFAULT_STOPWORD'
2024-11-15T00:42:07.035104Z 0 [Note] Shutting down plugin 'INNODB_METRICS'
2024-11-15T00:42:07.035603Z 0 [Note] Shutting down plugin 'INNODB_TEMP_TABLE_INFO'
2024-11-15T00:42:07.036104Z 0 [Note] Shutting down plugin 'INNODB_BUFFER_POOL_STATS'
2024-11-15T00:42:07.036604Z 0 [Note] Shutting down plugin 'INNODB_BUFFER_PAGE_LRU'
2024-11-15T00:42:07.037104Z 0 [Note] Shutting down plugin 'INNODB_BUFFER_PAGE'
2024-11-15T00:42:07.037604Z 0 [Note] Shutting down plugin 'INNODB_CMP_PER_INDEX_RESET'
2024-11-15T00:42:07.038106Z 0 [Note] Shutting down plugin 'INNODB_CMP_PER_INDEX'
2024-11-15T00:42:07.038606Z 0 [Note] Shutting down plugin 'INNODB_CMPMEM_RESET'
2024-11-15T00:42:07.039108Z 0 [Note] Shutting down plugin 'INNODB_CMPMEM'
2024-11-15T00:42:07.039607Z 0 [Note] Shutting down plugin 'INNODB_CMP_RESET'
2024-11-15T00:42:07.040107Z 0 [Note] Shutting down plugin 'INNODB_CMP'
2024-11-15T00:42:07.040608Z 0 [Note] Shutting down plugin 'INNODB_LOCK_WAITS'
2024-11-15T00:42:07.041108Z 0 [Note] Shutting down plugin 'INNODB_LOCKS'
2024-11-15T00:42:07.041108Z 0 [Note] Shutting down plugin 'INNODB_TRX'
2024-11-15T00:42:07.041608Z 0 [Note] Shutting down plugin 'InnoDB'
2024-11-15T00:42:07.042109Z 0 [Note] InnoDB: FTS optimize thread exiting.
2024-11-15T00:42:07.042610Z 0 [Note] InnoDB: Starting shutdown...
2024-11-15T00:42:07.143581Z 0 [Note] InnoDB: Dumping buffer pool(s) to D:\Web III\UwAmp\bin\database\mysql-5.7.11\data\ib_buffer_pool
2024-11-15T00:42:07.160095Z 0 [Note] InnoDB: Buffer pool(s) dump completed at 241114 19:42:07
2024-11-15T00:42:07.872283Z 0 [Note] InnoDB: Shutdown completed; log sequence number 3875938
2024-11-15T00:42:07.875787Z 0 [Note] InnoDB: Removed temporary tablespace data file: "ibtmp1"
2024-11-15T00:42:07.876787Z 0 [Note] Shutting down plugin 'MEMORY'
2024-11-15T00:42:07.877788Z 0 [Note] Shutting down plugin 'CSV'
2024-11-15T00:42:07.878789Z 0 [Note] Shutting down plugin 'sha256_password'
2024-11-15T00:42:07.879289Z 0 [Note] Shutting down plugin 'mysql_native_password'
2024-11-15T00:42:07.879789Z 0 [Note] Shutting down plugin 'binlog'
2024-11-15T00:42:07.882792Z 0 [Note] D:\Web III\UwAmp\bin\database\mysql-5.7.11\bin\mysqld.exe: Shutdown complete

2024-11-15T00:42:08.553917Z 0 [Warning] TIMESTAMP with implicit DEFAULT value is deprecated. Please use --explicit_defaults_for_timestamp server option (see documentation for more details).
2024-11-15T00:42:08.553917Z 0 [Warning] 'NO_ZERO_DATE', 'NO_ZERO_IN_DATE' and 'ERROR_FOR_DIVISION_BY_ZERO' sql modes should be used with strict mode. They will be merged with strict mode in a future release.
2024-11-15T00:42:08.553917Z 0 [Warning] 'NO_AUTO_CREATE_USER' sql mode was not set.
2024-11-15T00:42:08.553917Z 0 [Warning] Insecure configuration for --secure-file-priv: Current value does not restrict location of generated files. Consider setting it to a valid, non-empty path.
2024-11-15T00:42:08.554418Z 0 [ERROR] Cannot open Windows EventLog; check privileges, or start server with --log_syslog=0
2024-11-15T00:42:08.554418Z 0 [Note] D:\Web III\UwAmp\bin\database\mysql-5.7.11\bin\mysqld.exe (mysqld 5.7.11) starting as process 27316 ...
2024-11-15T00:42:08.571432Z 0 [ERROR] Can't open shared library 'D:\Web III\UwAmp\bin\database\mysql-5.7.11\lib\plugin\keyring_file.dll' (errno: 126 Le module spécifié est introuvable.)
2024-11-15T00:42:08.572433Z 0 [ERROR] Couldn't load plugin named 'keyring_file' with soname 'keyring_file.dll'.
2024-11-15T00:42:08.573434Z 0 [Note] InnoDB: Mutexes and rw_locks use Windows interlocked functions
2024-11-15T00:42:08.574435Z 0 [Note] InnoDB: Uses event mutexes
2024-11-15T00:42:08.574435Z 0 [Note] InnoDB: Memory barrier is not used
2024-11-15T00:42:08.574936Z 0 [Note] InnoDB: Compressed tables use zlib 1.2.3
2024-11-15T00:42:08.575936Z 0 [Note] InnoDB: Number of pools: 1
2024-11-15T00:42:08.576436Z 0 [Note] InnoDB: Not using CPU crc32 instructions
2024-11-15T00:42:08.611967Z 0 [Note] InnoDB: Initializing buffer pool, total size = 128M, instances = 1, chunk size = 128M
2024-11-15T00:42:08.616471Z 0 [Note] InnoDB: Completed initialization of buffer pool
2024-11-15T00:42:08.661009Z 0 [Note] InnoDB: Highest supported file format is Barracuda.
2024-11-15T00:42:09.021854Z 0 [Note] InnoDB: Creating shared tablespace for temporary tables
2024-11-15T00:42:09.022855Z 0 [Note] InnoDB: Setting file '.\ibtmp1' size to 12 MB. Physically writing the file full; Please wait ...
2024-11-15T00:42:09.141100Z 0 [Note] InnoDB: File '.\ibtmp1' size is now 12 MB.
2024-11-15T00:42:09.157614Z 0 [Note] InnoDB: 96 redo rollback segment(s) found. 96 redo rollback segment(s) are active.
2024-11-15T00:42:09.158614Z 0 [Note] InnoDB: 32 non-redo rollback segment(s) are active.
2024-11-15T00:42:09.159115Z 0 [Note] InnoDB: Waiting for purge to start
2024-11-15T00:42:09.212107Z 0 [Note] InnoDB: 5.7.11 started; log sequence number 3875938
2024-11-15T00:42:09.212608Z 0 [Note] Plugin 'FEDERATED' is disabled.
2024-11-15T00:42:09.212608Z 0 [Note] InnoDB: Loading buffer pool(s) from D:\Web III\UwAmp\bin\database\mysql-5.7.11\data\ib_buffer_pool
2024-11-15T00:42:09.223118Z 0 [Warning] Failed to set up SSL because of the following SSL library error: SSL context is not usable without certificate and private key
2024-11-15T00:42:09.225619Z 0 [Note] Server hostname (bind-address): '*'; port: 3306
2024-11-15T00:42:09.226620Z 0 [Note] IPv6 is available.
2024-11-15T00:42:09.227121Z 0 [Note]   - '::' resolves to '::';
2024-11-15T00:42:09.227621Z 0 [Note] Server socket created on IP: '::'.
2024-11-15T00:42:09.287174Z 0 [Note] Event Scheduler: Loaded 0 events
2024-11-15T00:42:09.287673Z 0 [Note] D:\Web III\UwAmp\bin\database\mysql-5.7.11\bin\mysqld.exe: ready for connections.
Version: '5.7.11'  socket: ''  port: 3306  MySQL Community Server (GPL)
2024-11-15T00:42:09.295753Z 0 [Note] InnoDB: Buffer pool(s) load completed at 241114 19:42:09
2024-11-15T01:38:47.055365Z 0 [Note] D:\Web III\UwAmp\bin\database\mysql-5.7.11\bin\mysqld.exe: Normal shutdown

2024-11-15T01:38:47.056866Z 0 [Note] Giving 0 client threads a chance to die gracefully
2024-11-15T01:38:47.057868Z 0 [Note] Shutting down slave threads
2024-11-15T01:38:47.058368Z 0 [Note] Forcefully disconnecting 0 remaining clients
2024-11-15T01:38:47.059369Z 0 [Note] Event Scheduler: Purging the queue. 0 events
2024-11-15T01:38:47.061370Z 0 [Note] Binlog end
2024-11-15T01:38:47.070378Z 0 [Note] Shutting down plugin 'ngram'
2024-11-15T01:38:47.070879Z 0 [Note] Shutting down plugin 'partition'
2024-11-15T01:38:47.071379Z 0 [Note] Shutting down plugin 'BLACKHOLE'
2024-11-15T01:38:47.071879Z 0 [Note] Shutting down plugin 'ARCHIVE'
2024-11-15T01:38:47.072880Z 0 [Note] Shutting down plugin 'PERFORMANCE_SCHEMA'
2024-11-15T01:38:47.073381Z 0 [Note] Shutting down plugin 'MRG_MYISAM'
2024-11-15T01:38:47.073882Z 0 [Note] Shutting down plugin 'MyISAM'
2024-11-15T01:38:47.074381Z 0 [Note] Shutting down plugin 'INNODB_SYS_VIRTUAL'
2024-11-15T01:38:47.075382Z 0 [Note] Shutting down plugin 'INNODB_SYS_DATAFILES'
2024-11-15T01:38:47.075883Z 0 [Note] Shutting down plugin 'INNODB_SYS_TABLESPACES'
2024-11-15T01:38:47.076883Z 0 [Note] Shutting down plugin 'INNODB_SYS_FOREIGN_COLS'
2024-11-15T01:38:47.077885Z 0 [Note] Shutting down plugin 'INNODB_SYS_FOREIGN'
2024-11-15T01:38:47.078386Z 0 [Note] Shutting down plugin 'INNODB_SYS_FIELDS'
2024-11-15T01:38:47.079386Z 0 [Note] Shutting down plugin 'INNODB_SYS_COLUMNS'
2024-11-15T01:38:47.080386Z 0 [Note] Shutting down plugin 'INNODB_SYS_INDEXES'
2024-11-15T01:38:47.080887Z 0 [Note] Shutting down plugin 'INNODB_SYS_TABLESTATS'
2024-11-15T01:38:47.081887Z 0 [Note] Shutting down plugin 'INNODB_SYS_TABLES'
2024-11-15T01:38:47.082388Z 0 [Note] Shutting down plugin 'INNODB_FT_INDEX_TABLE'
2024-11-15T01:38:47.083389Z 0 [Note] Shutting down plugin 'INNODB_FT_INDEX_CACHE'
2024-11-15T01:38:47.083889Z 0 [Note] Shutting down plugin 'INNODB_FT_CONFIG'
2024-11-15T01:38:47.084891Z 0 [Note] Shutting down plugin 'INNODB_FT_BEING_DELETED'
2024-11-15T01:38:47.085892Z 0 [Note] Shutting down plugin 'INNODB_FT_DELETED'
2024-11-15T01:38:47.086892Z 0 [Note] Shutting down plugin 'INNODB_FT_DEFAULT_STOPWORD'
2024-11-15T01:38:47.087893Z 0 [Note] Shutting down plugin 'INNODB_METRICS'
2024-11-15T01:38:47.088393Z 0 [Note] Shutting down plugin 'INNODB_TEMP_TABLE_INFO'
2024-11-15T01:38:47.089394Z 0 [Note] Shutting down plugin 'INNODB_BUFFER_POOL_STATS'
2024-11-15T01:38:47.090395Z 0 [Note] Shutting down plugin 'INNODB_BUFFER_PAGE_LRU'
2024-11-15T01:38:47.091396Z 0 [Note] Shutting down plugin 'INNODB_BUFFER_PAGE'
2024-11-15T01:38:47.092397Z 0 [Note] Shutting down plugin 'INNODB_CMP_PER_INDEX_RESET'
2024-11-15T01:38:47.093397Z 0 [Note] Shutting down plugin 'INNODB_CMP_PER_INDEX'
2024-11-15T01:38:47.094399Z 0 [Note] Shutting down plugin 'INNODB_CMPMEM_RESET'
2024-11-15T01:38:47.094899Z 0 [Note] Shutting down plugin 'INNODB_CMPMEM'
2024-11-15T01:38:47.095901Z 0 [Note] Shutting down plugin 'INNODB_CMP_RESET'
2024-11-15T01:38:47.096901Z 0 [Note] Shutting down plugin 'INNODB_CMP'
2024-11-15T01:38:47.097401Z 0 [Note] Shutting down plugin 'INNODB_LOCK_WAITS'
2024-11-15T01:38:47.097902Z 0 [Note] Shutting down plugin 'INNODB_LOCKS'
2024-11-15T01:38:47.098402Z 0 [Note] Shutting down plugin 'INNODB_TRX'
2024-11-15T01:38:47.099403Z 0 [Note] Shutting down plugin 'InnoDB'
2024-11-15T01:38:47.099903Z 0 [Note] InnoDB: FTS optimize thread exiting.
2024-11-15T01:38:47.100904Z 0 [Note] InnoDB: Starting shutdown...
2024-11-15T01:38:47.202493Z 0 [Note] InnoDB: Dumping buffer pool(s) to D:\Web III\UwAmp\bin\database\mysql-5.7.11\data\ib_buffer_pool
2024-11-15T01:38:47.794000Z 0 [Note] InnoDB: Buffer pool(s) dump completed at 241114 20:38:47
2024-11-15T01:38:48.520789Z 0 [Note] InnoDB: Shutdown completed; log sequence number 3900628
2024-11-15T01:38:48.524291Z 0 [Note] InnoDB: Removed temporary tablespace data file: "ibtmp1"
2024-11-15T01:38:48.524792Z 0 [Note] Shutting down plugin 'MEMORY'
2024-11-15T01:38:48.525292Z 0 [Note] Shutting down plugin 'CSV'
2024-11-15T01:38:48.525793Z 0 [Note] Shutting down plugin 'sha256_password'
2024-11-15T01:38:48.526293Z 0 [Note] Shutting down plugin 'mysql_native_password'
2024-11-15T01:38:48.526794Z 0 [Note] Shutting down plugin 'binlog'
2024-11-15T01:38:48.531298Z 0 [Note] D:\Web III\UwAmp\bin\database\mysql-5.7.11\bin\mysqld.exe: Shutdown complete

2024-11-18T15:31:27.594370Z 0 [Warning] TIMESTAMP with implicit DEFAULT value is deprecated. Please use --explicit_defaults_for_timestamp server option (see documentation for more details).
2024-11-18T15:31:27.594370Z 0 [Warning] 'NO_ZERO_DATE', 'NO_ZERO_IN_DATE' and 'ERROR_FOR_DIVISION_BY_ZERO' sql modes should be used with strict mode. They will be merged with strict mode in a future release.
2024-11-18T15:31:27.594370Z 0 [Warning] 'NO_AUTO_CREATE_USER' sql mode was not set.
2024-11-18T15:31:27.594370Z 0 [Warning] Insecure configuration for --secure-file-priv: Current value does not restrict location of generated files. Consider setting it to a valid, non-empty path.
2024-11-18T15:31:27.594370Z 0 [ERROR] Cannot open Windows EventLog; check privileges, or start server with --log_syslog=0
2024-11-18T15:31:27.594370Z 0 [Note] D:\Web III\UwAmp\bin\database\mysql-5.7.11\bin\mysqld.exe (mysqld 5.7.11) starting as process 23364 ...
2024-11-18T15:31:28.832485Z 0 [ERROR] Can't open shared library 'D:\Web III\UwAmp\bin\database\mysql-5.7.11\lib\plugin\keyring_file.dll' (errno: 126 Le module spécifié est introuvable.)
2024-11-18T15:31:28.833988Z 0 [ERROR] Couldn't load plugin named 'keyring_file' with soname 'keyring_file.dll'.
2024-11-18T15:31:28.834988Z 0 [Note] InnoDB: Mutexes and rw_locks use Windows interlocked functions
2024-11-18T15:31:28.835489Z 0 [Note] InnoDB: Uses event mutexes
2024-11-18T15:31:28.835989Z 0 [Note] InnoDB: Memory barrier is not used
2024-11-18T15:31:28.836489Z 0 [Note] InnoDB: Compressed tables use zlib 1.2.3
2024-11-18T15:31:28.837490Z 0 [Note] InnoDB: Number of pools: 1
2024-11-18T15:31:28.837991Z 0 [Note] InnoDB: Not using CPU crc32 instructions
2024-11-18T15:31:28.871520Z 0 [Note] InnoDB: Initializing buffer pool, total size = 128M, instances = 1, chunk size = 128M
2024-11-18T15:31:28.876023Z 0 [Note] InnoDB: Completed initialization of buffer pool
2024-11-18T15:31:28.942339Z 0 [Note] InnoDB: Highest supported file format is Barracuda.
2024-11-18T15:31:29.754256Z 0 [Note] InnoDB: Creating shared tablespace for temporary tables
2024-11-18T15:31:29.755257Z 0 [Note] InnoDB: Setting file '.\ibtmp1' size to 12 MB. Physically writing the file full; Please wait ...
2024-11-18T15:31:37.922780Z 0 [Note] InnoDB: File '.\ibtmp1' size is now 12 MB.
2024-11-18T15:31:37.940296Z 0 [Note] InnoDB: 96 redo rollback segment(s) found. 96 redo rollback segment(s) are active.
2024-11-18T15:31:37.941296Z 0 [Note] InnoDB: 32 non-redo rollback segment(s) are active.
2024-11-18T15:31:37.941797Z 0 [Note] InnoDB: Waiting for purge to start
2024-11-18T15:31:37.992840Z 0 [Note] InnoDB: page_cleaner: 1000ms intended loop took 9115ms. The settings might not be optimal. (flushed=0 and evicted=0, during the time.)
2024-11-18T15:31:37.993340Z 0 [Note] InnoDB: 5.7.11 started; log sequence number 3900628
2024-11-18T15:31:37.994842Z 0 [Note] InnoDB: Loading buffer pool(s) from D:\Web III\UwAmp\bin\database\mysql-5.7.11\data\ib_buffer_pool
2024-11-18T15:31:37.994842Z 0 [Note] Plugin 'FEDERATED' is disabled.
2024-11-18T15:31:38.133961Z 0 [Warning] Failed to set up SSL because of the following SSL library error: SSL context is not usable without certificate and private key
2024-11-18T15:31:38.136464Z 0 [Note] Server hostname (bind-address): '*'; port: 3306
2024-11-18T15:31:38.136964Z 0 [Note] IPv6 is available.
2024-11-18T15:31:38.138465Z 0 [Note]   - '::' resolves to '::';
2024-11-18T15:31:38.138465Z 0 [Note] Server socket created on IP: '::'.
2024-11-18T15:31:38.293420Z 0 [Note] InnoDB: Buffer pool(s) load completed at 241118 10:31:38
2024-11-18T15:31:38.416274Z 0 [Note] Event Scheduler: Loaded 0 events
2024-11-18T15:31:38.416775Z 0 [Note] D:\Web III\UwAmp\bin\database\mysql-5.7.11\bin\mysqld.exe: ready for connections.
Version: '5.7.11'  socket: ''  port: 3306  MySQL Community Server (GPL)
2024-11-18T15:37:20.521268Z 0 [Note] InnoDB: page_cleaner: 1000ms intended loop took 4931ms. The settings might not be optimal. (flushed=0 and evicted=0, during the time.)
2024-11-18T16:11:26.166961Z 0 [Note] D:\Web III\UwAmp\bin\database\mysql-5.7.11\bin\mysqld.exe: Normal shutdown

2024-11-18T16:11:26.167963Z 0 [Note] Giving 0 client threads a chance to die gracefully
2024-11-18T16:11:26.168463Z 0 [Note] Shutting down slave threads
2024-11-18T16:11:26.168963Z 0 [Note] Forcefully disconnecting 0 remaining clients
2024-11-18T16:11:26.169464Z 0 [Note] Event Scheduler: Purging the queue. 0 events
2024-11-18T16:11:26.170965Z 0 [Note] Binlog end
2024-11-18T16:11:26.244027Z 0 [Note] Shutting down plugin 'ngram'
2024-11-18T16:11:26.244528Z 0 [Note] Shutting down plugin 'partition'
2024-11-18T16:11:26.245028Z 0 [Note] Shutting down plugin 'BLACKHOLE'
2024-11-18T16:11:26.245529Z 0 [Note] Shutting down plugin 'ARCHIVE'
2024-11-18T16:11:26.246030Z 0 [Note] Shutting down plugin 'PERFORMANCE_SCHEMA'
2024-11-18T16:11:26.246530Z 0 [Note] Shutting down plugin 'MRG_MYISAM'
2024-11-18T16:11:26.247030Z 0 [Note] Shutting down plugin 'MyISAM'
2024-11-18T16:11:26.247531Z 0 [Note] Shutting down plugin 'INNODB_SYS_VIRTUAL'
2024-11-18T16:11:26.248031Z 0 [Note] Shutting down plugin 'INNODB_SYS_DATAFILES'
2024-11-18T16:11:26.248532Z 0 [Note] Shutting down plugin 'INNODB_SYS_TABLESPACES'
2024-11-18T16:11:26.249532Z 0 [Note] Shutting down plugin 'INNODB_SYS_FOREIGN_COLS'
2024-11-18T16:11:26.250032Z 0 [Note] Shutting down plugin 'INNODB_SYS_FOREIGN'
2024-11-18T16:11:26.251034Z 0 [Note] Shutting down plugin 'INNODB_SYS_FIELDS'
2024-11-18T16:11:26.251534Z 0 [Note] Shutting down plugin 'INNODB_SYS_COLUMNS'
2024-11-18T16:11:26.252035Z 0 [Note] Shutting down plugin 'INNODB_SYS_INDEXES'
2024-11-18T16:11:26.252535Z 0 [Note] Shutting down plugin 'INNODB_SYS_TABLESTATS'
2024-11-18T16:11:26.253036Z 0 [Note] Shutting down plugin 'INNODB_SYS_TABLES'
2024-11-18T16:11:26.253536Z 0 [Note] Shutting down plugin 'INNODB_FT_INDEX_TABLE'
2024-11-18T16:11:26.254036Z 0 [Note] Shutting down plugin 'INNODB_FT_INDEX_CACHE'
2024-11-18T16:11:26.254537Z 0 [Note] Shutting down plugin 'INNODB_FT_CONFIG'
2024-11-18T16:11:26.255037Z 0 [Note] Shutting down plugin 'INNODB_FT_BEING_DELETED'
2024-11-18T16:11:26.255537Z 0 [Note] Shutting down plugin 'INNODB_FT_DELETED'
2024-11-18T16:11:26.256038Z 0 [Note] Shutting down plugin 'INNODB_FT_DEFAULT_STOPWORD'
2024-11-18T16:11:26.256539Z 0 [Note] Shutting down plugin 'INNODB_METRICS'
2024-11-18T16:11:26.257039Z 0 [Note] Shutting down plugin 'INNODB_TEMP_TABLE_INFO'
2024-11-18T16:11:26.257539Z 0 [Note] Shutting down plugin 'INNODB_BUFFER_POOL_STATS'
2024-11-18T16:11:26.258040Z 0 [Note] Shutting down plugin 'INNODB_BUFFER_PAGE_LRU'
2024-11-18T16:11:26.258540Z 0 [Note] Shutting down plugin 'INNODB_BUFFER_PAGE'
2024-11-18T16:11:26.259041Z 0 [Note] Shutting down plugin 'INNODB_CMP_PER_INDEX_RESET'
2024-11-18T16:11:26.259541Z 0 [Note] Shutting down plugin 'INNODB_CMP_PER_INDEX'
2024-11-18T16:11:26.260041Z 0 [Note] Shutting down plugin 'INNODB_CMPMEM_RESET'
2024-11-18T16:11:26.260542Z 0 [Note] Shutting down plugin 'INNODB_CMPMEM'
2024-11-18T16:11:26.261042Z 0 [Note] Shutting down plugin 'INNODB_CMP_RESET'
2024-11-18T16:11:26.261542Z 0 [Note] Shutting down plugin 'INNODB_CMP'
2024-11-18T16:11:26.262043Z 0 [Note] Shutting down plugin 'INNODB_LOCK_WAITS'
2024-11-18T16:11:26.262543Z 0 [Note] Shutting down plugin 'INNODB_LOCKS'
2024-11-18T16:11:26.263044Z 0 [Note] Shutting down plugin 'INNODB_TRX'
2024-11-18T16:11:26.263544Z 0 [Note] Shutting down plugin 'InnoDB'
2024-11-18T16:11:26.264045Z 0 [Note] InnoDB: FTS optimize thread exiting.
2024-11-18T16:11:26.264545Z 0 [Note] InnoDB: Starting shutdown...
2024-11-18T16:11:26.366132Z 0 [Note] InnoDB: Dumping buffer pool(s) to D:\Web III\UwAmp\bin\database\mysql-5.7.11\data\ib_buffer_pool
2024-11-18T16:11:26.379143Z 0 [Note] InnoDB: Buffer pool(s) dump completed at 241118 11:11:26
2024-11-18T16:11:27.537139Z 0 [Note] InnoDB: Shutdown completed; log sequence number 4067082
2024-11-18T16:11:27.543644Z 0 [Note] InnoDB: Removed temporary tablespace data file: "ibtmp1"
2024-11-18T16:11:27.544645Z 0 [Note] Shutting down plugin 'MEMORY'
2024-11-18T16:11:27.545145Z 0 [Note] Shutting down plugin 'CSV'
2024-11-18T16:11:27.545646Z 0 [Note] Shutting down plugin 'sha256_password'
2024-11-18T16:11:27.546646Z 0 [Note] Shutting down plugin 'mysql_native_password'
2024-11-18T16:11:27.548148Z 0 [Note] Shutting down plugin 'binlog'
2024-11-18T16:11:27.551652Z 0 [Note] D:\Web III\UwAmp\bin\database\mysql-5.7.11\bin\mysqld.exe: Shutdown complete

2024-11-20T01:13:28.268103Z 0 [Warning] TIMESTAMP with implicit DEFAULT value is deprecated. Please use --explicit_defaults_for_timestamp server option (see documentation for more details).
2024-11-20T01:13:28.268605Z 0 [Warning] 'NO_ZERO_DATE', 'NO_ZERO_IN_DATE' and 'ERROR_FOR_DIVISION_BY_ZERO' sql modes should be used with strict mode. They will be merged with strict mode in a future release.
2024-11-20T01:13:28.268605Z 0 [Warning] 'NO_AUTO_CREATE_USER' sql mode was not set.
2024-11-20T01:13:28.268605Z 0 [Warning] Insecure configuration for --secure-file-priv: Current value does not restrict location of generated files. Consider setting it to a valid, non-empty path.
2024-11-20T01:13:28.268605Z 0 [ERROR] Cannot open Windows EventLog; check privileges, or start server with --log_syslog=0
2024-11-20T01:13:28.268605Z 0 [Note] D:\Web III\UwAmp\bin\database\mysql-5.7.11\bin\mysqld.exe (mysqld 5.7.11) starting as process 24756 ...
2024-11-20T01:13:28.339165Z 0 [ERROR] Can't open shared library 'D:\Web III\UwAmp\bin\database\mysql-5.7.11\lib\plugin\keyring_file.dll' (errno: 126 Le module spécifié est introuvable.)
2024-11-20T01:13:28.340666Z 0 [ERROR] Couldn't load plugin named 'keyring_file' with soname 'keyring_file.dll'.
2024-11-20T01:13:28.342168Z 0 [Note] InnoDB: Mutexes and rw_locks use Windows interlocked functions
2024-11-20T01:13:28.342668Z 0 [Note] InnoDB: Uses event mutexes
2024-11-20T01:13:28.343168Z 0 [Note] InnoDB: Memory barrier is not used
2024-11-20T01:13:28.343669Z 0 [Note] InnoDB: Compressed tables use zlib 1.2.3
2024-11-20T01:13:28.344669Z 0 [Note] InnoDB: Number of pools: 1
2024-11-20T01:13:28.345169Z 0 [Note] InnoDB: Not using CPU crc32 instructions
2024-11-20T01:13:28.391710Z 0 [Note] InnoDB: Initializing buffer pool, total size = 128M, instances = 1, chunk size = 128M
2024-11-20T01:13:28.397215Z 0 [Note] InnoDB: Completed initialization of buffer pool
2024-11-20T01:13:28.485290Z 0 [Note] InnoDB: Highest supported file format is Barracuda.
2024-11-20T01:13:29.878131Z 0 [Note] InnoDB: Creating shared tablespace for temporary tables
2024-11-20T01:13:29.879129Z 0 [Note] InnoDB: Setting file '.\ibtmp1' size to 12 MB. Physically writing the file full; Please wait ...
2024-11-20T01:13:30.040267Z 0 [Note] InnoDB: File '.\ibtmp1' size is now 12 MB.
2024-11-20T01:13:30.057783Z 0 [Note] InnoDB: 96 redo rollback segment(s) found. 96 redo rollback segment(s) are active.
2024-11-20T01:13:30.058284Z 0 [Note] InnoDB: 32 non-redo rollback segment(s) are active.
2024-11-20T01:13:30.059284Z 0 [Note] InnoDB: Waiting for purge to start
2024-11-20T01:13:30.112830Z 0 [Note] InnoDB: 5.7.11 started; log sequence number 4689933
2024-11-20T01:13:30.113831Z 0 [Note] InnoDB: Loading buffer pool(s) from D:\Web III\UwAmp\bin\database\mysql-5.7.11\data\ib_buffer_pool
2024-11-20T01:13:30.113831Z 0 [Note] Plugin 'FEDERATED' is disabled.
2024-11-20T01:13:30.241441Z 0 [Warning] Failed to set up SSL because of the following SSL library error: SSL context is not usable without certificate and private key
2024-11-20T01:13:30.244443Z 0 [Note] Server hostname (bind-address): '*'; port: 3306
2024-11-20T01:13:30.244943Z 0 [Note] IPv6 is available.
2024-11-20T01:13:30.245444Z 0 [Note]   - '::' resolves to '::';
2024-11-20T01:13:30.245945Z 0 [Note] Server socket created on IP: '::'.
2024-11-20T01:13:30.369363Z 0 [Note] InnoDB: Buffer pool(s) load completed at 241119 20:13:30
2024-11-20T01:13:30.621240Z 0 [Note] Event Scheduler: Loaded 0 events
2024-11-20T01:13:30.621741Z 0 [Note] D:\Web III\UwAmp\bin\database\mysql-5.7.11\bin\mysqld.exe: ready for connections.
Version: '5.7.11'  socket: ''  port: 3306  MySQL Community Server (GPL)
2024-11-20T01:59:24.604290Z 0 [Note] InnoDB: page_cleaner: 1000ms intended loop took 4742ms. The settings might not be optimal. (flushed=0 and evicted=0, during the time.)
2024-11-20T02:16:38.131380Z 0 [Note] InnoDB: page_cleaner: 1000ms intended loop took 14658ms. The settings might not be optimal. (flushed=159 and evicted=0, during the time.)
2024-11-20T02:16:55.417814Z 0 [Note] InnoDB: page_cleaner: 1000ms intended loop took 5476ms. The settings might not be optimal. (flushed=1 and evicted=0, during the time.)
2024-11-20T02:17:23.434940Z 0 [Note] InnoDB: page_cleaner: 1000ms intended loop took 21246ms. The settings might not be optimal. (flushed=154 and evicted=0, during the time.)
2024-11-20T03:13:25.618251Z 0 [Note] D:\Web III\UwAmp\bin\database\mysql-5.7.11\bin\mysqld.exe: Normal shutdown

2024-11-20T03:13:25.618751Z 0 [Note] Giving 0 client threads a chance to die gracefully
2024-11-20T03:13:25.619253Z 0 [Note] Shutting down slave threads
2024-11-20T03:13:25.619753Z 0 [Note] Forcefully disconnecting 0 remaining clients
2024-11-20T03:13:25.620254Z 0 [Note] Event Scheduler: Purging the queue. 0 events
2024-11-20T03:13:25.621254Z 0 [Note] Binlog end
2024-11-20T03:13:25.651279Z 0 [Note] Shutting down plugin 'ngram'
2024-11-20T03:13:25.651781Z 0 [Note] Shutting down plugin 'partition'
2024-11-20T03:13:25.652280Z 0 [Note] Shutting down plugin 'BLACKHOLE'
2024-11-20T03:13:25.652781Z 0 [Note] Shutting down plugin 'ARCHIVE'
2024-11-20T03:13:25.653281Z 0 [Note] Shutting down plugin 'PERFORMANCE_SCHEMA'
2024-11-20T03:13:25.653781Z 0 [Note] Shutting down plugin 'MRG_MYISAM'
2024-11-20T03:13:25.654282Z 0 [Note] Shutting down plugin 'MyISAM'
2024-11-20T03:13:25.654782Z 0 [Note] Shutting down plugin 'INNODB_SYS_VIRTUAL'
2024-11-20T03:13:25.655783Z 0 [Note] Shutting down plugin 'INNODB_SYS_DATAFILES'
2024-11-20T03:13:25.656284Z 0 [Note] Shutting down plugin 'INNODB_SYS_TABLESPACES'
2024-11-20T03:13:25.657285Z 0 [Note] Shutting down plugin 'INNODB_SYS_FOREIGN_COLS'
2024-11-20T03:13:25.657786Z 0 [Note] Shutting down plugin 'INNODB_SYS_FOREIGN'
2024-11-20T03:13:25.658285Z 0 [Note] Shutting down plugin 'INNODB_SYS_FIELDS'
2024-11-20T03:13:25.658786Z 0 [Note] Shutting down plugin 'INNODB_SYS_COLUMNS'
2024-11-20T03:13:25.659286Z 0 [Note] Shutting down plugin 'INNODB_SYS_INDEXES'
2024-11-20T03:13:25.659787Z 0 [Note] Shutting down plugin 'INNODB_SYS_TABLESTATS'
2024-11-20T03:13:25.660287Z 0 [Note] Shutting down plugin 'INNODB_SYS_TABLES'
2024-11-20T03:13:25.660788Z 0 [Note] Shutting down plugin 'INNODB_FT_INDEX_TABLE'
2024-11-20T03:13:25.661288Z 0 [Note] Shutting down plugin 'INNODB_FT_INDEX_CACHE'
2024-11-20T03:13:25.661789Z 0 [Note] Shutting down plugin 'INNODB_FT_CONFIG'
2024-11-20T03:13:25.662789Z 0 [Note] Shutting down plugin 'INNODB_FT_BEING_DELETED'
2024-11-20T03:13:25.663290Z 0 [Note] Shutting down plugin 'INNODB_FT_DELETED'
2024-11-20T03:13:25.663790Z 0 [Note] Shutting down plugin 'INNODB_FT_DEFAULT_STOPWORD'
2024-11-20T03:13:25.664291Z 0 [Note] Shutting down plugin 'INNODB_METRICS'
2024-11-20T03:13:25.664791Z 0 [Note] Shutting down plugin 'INNODB_TEMP_TABLE_INFO'
2024-11-20T03:13:25.665291Z 0 [Note] Shutting down plugin 'INNODB_BUFFER_POOL_STATS'
2024-11-20T03:13:25.665792Z 0 [Note] Shutting down plugin 'INNODB_BUFFER_PAGE_LRU'
2024-11-20T03:13:25.666293Z 0 [Note] Shutting down plugin 'INNODB_BUFFER_PAGE'
2024-11-20T03:13:25.666793Z 0 [Note] Shutting down plugin 'INNODB_CMP_PER_INDEX_RESET'
2024-11-20T03:13:25.667293Z 0 [Note] Shutting down plugin 'INNODB_CMP_PER_INDEX'
2024-11-20T03:13:25.668295Z 0 [Note] Shutting down plugin 'INNODB_CMPMEM_RESET'
2024-11-20T03:13:25.668794Z 0 [Note] Shutting down plugin 'INNODB_CMPMEM'
2024-11-20T03:13:25.668794Z 0 [Note] Shutting down plugin 'INNODB_CMP_RESET'
2024-11-20T03:13:25.669295Z 0 [Note] Shutting down plugin 'INNODB_CMP'
2024-11-20T03:13:25.669797Z 0 [Note] Shutting down plugin 'INNODB_LOCK_WAITS'
2024-11-20T03:13:25.670296Z 0 [Note] Shutting down plugin 'INNODB_LOCKS'
2024-11-20T03:13:25.670796Z 0 [Note] Shutting down plugin 'INNODB_TRX'
2024-11-20T03:13:25.671297Z 0 [Note] Shutting down plugin 'InnoDB'
2024-11-20T03:13:25.671797Z 0 [Note] InnoDB: FTS optimize thread exiting.
2024-11-20T03:13:25.672297Z 0 [Note] InnoDB: Starting shutdown...
2024-11-20T03:13:25.774385Z 0 [Note] InnoDB: Dumping buffer pool(s) to D:\Web III\UwAmp\bin\database\mysql-5.7.11\data\ib_buffer_pool
2024-11-20T03:13:25.789398Z 0 [Note] InnoDB: Buffer pool(s) dump completed at 241119 22:13:25
2024-11-20T03:13:27.058772Z 0 [Note] InnoDB: Shutdown completed; log sequence number 5290700
2024-11-20T03:13:27.062275Z 0 [Note] InnoDB: Removed temporary tablespace data file: "ibtmp1"
2024-11-20T03:13:27.062776Z 0 [Note] Shutting down plugin 'MEMORY'
2024-11-20T03:13:27.063275Z 0 [Note] Shutting down plugin 'CSV'
2024-11-20T03:13:27.063776Z 0 [Note] Shutting down plugin 'sha256_password'
2024-11-20T03:13:27.064276Z 0 [Note] Shutting down plugin 'mysql_native_password'
2024-11-20T03:13:27.064777Z 0 [Note] Shutting down plugin 'binlog'
2024-11-20T03:13:27.071783Z 0 [Note] D:\Web III\UwAmp\bin\database\mysql-5.7.11\bin\mysqld.exe: Shutdown complete

2024-11-21T15:39:27.767065Z 0 [Warning] TIMESTAMP with implicit DEFAULT value is deprecated. Please use --explicit_defaults_for_timestamp server option (see documentation for more details).
2024-11-21T15:39:27.767065Z 0 [Warning] 'NO_ZERO_DATE', 'NO_ZERO_IN_DATE' and 'ERROR_FOR_DIVISION_BY_ZERO' sql modes should be used with strict mode. They will be merged with strict mode in a future release.
2024-11-21T15:39:27.767065Z 0 [Warning] 'NO_AUTO_CREATE_USER' sql mode was not set.
2024-11-21T15:39:27.767065Z 0 [Warning] Insecure configuration for --secure-file-priv: Current value does not restrict location of generated files. Consider setting it to a valid, non-empty path.
2024-11-21T15:39:27.767065Z 0 [ERROR] Cannot open Windows EventLog; check privileges, or start server with --log_syslog=0
2024-11-21T15:39:27.767065Z 0 [Note] D:\Web III\UwAmp\bin\database\mysql-5.7.11\bin\mysqld.exe (mysqld 5.7.11) starting as process 4420 ...
2024-11-21T15:39:27.820612Z 0 [ERROR] Can't open shared library 'D:\Web III\UwAmp\bin\database\mysql-5.7.11\lib\plugin\keyring_file.dll' (errno: 126 Le module spécifié est introuvable.)
2024-11-21T15:39:27.821612Z 0 [ERROR] Couldn't load plugin named 'keyring_file' with soname 'keyring_file.dll'.
2024-11-21T15:39:27.822613Z 0 [Note] InnoDB: Mutexes and rw_locks use Windows interlocked functions
2024-11-21T15:39:27.826116Z 0 [Note] InnoDB: Uses event mutexes
2024-11-21T15:39:27.826617Z 0 [Note] InnoDB: Memory barrier is not used
2024-11-21T15:39:27.827116Z 0 [Note] InnoDB: Compressed tables use zlib 1.2.3
2024-11-21T15:39:27.828118Z 0 [Note] InnoDB: Number of pools: 1
2024-11-21T15:39:27.828618Z 0 [Note] InnoDB: Not using CPU crc32 instructions
2024-11-21T15:39:27.865150Z 0 [Note] InnoDB: Initializing buffer pool, total size = 128M, instances = 1, chunk size = 128M
2024-11-21T15:39:27.869654Z 0 [Note] InnoDB: Completed initialization of buffer pool
2024-11-21T15:39:27.942216Z 0 [Note] InnoDB: Highest supported file format is Barracuda.
2024-11-21T15:39:28.834937Z 0 [Note] InnoDB: Creating shared tablespace for temporary tables
2024-11-21T15:39:28.835939Z 0 [Note] InnoDB: Setting file '.\ibtmp1' size to 12 MB. Physically writing the file full; Please wait ...
2024-11-21T15:39:39.374223Z 0 [Note] InnoDB: File '.\ibtmp1' size is now 12 MB.
2024-11-21T15:39:39.392607Z 0 [Note] InnoDB: 96 redo rollback segment(s) found. 96 redo rollback segment(s) are active.
2024-11-21T15:39:39.393608Z 0 [Note] InnoDB: 32 non-redo rollback segment(s) are active.
2024-11-21T15:39:39.394608Z 0 [Note] InnoDB: Waiting for purge to start
2024-11-21T15:39:39.446153Z 0 [Note] InnoDB: page_cleaner: 1000ms intended loop took 11575ms. The settings might not be optimal. (flushed=0 and evicted=0, during the time.)
2024-11-21T15:39:40.019187Z 0 [Note] InnoDB: 5.7.11 started; log sequence number 5290700
2024-11-21T15:39:40.019689Z 0 [Note] InnoDB: Loading buffer pool(s) from D:\Web III\UwAmp\bin\database\mysql-5.7.11\data\ib_buffer_pool
2024-11-21T15:39:40.020189Z 0 [Note] Plugin 'FEDERATED' is disabled.
2024-11-21T15:39:40.155849Z 0 [Warning] Failed to set up SSL because of the following SSL library error: SSL context is not usable without certificate and private key
2024-11-21T15:39:40.158353Z 0 [Note] Server hostname (bind-address): '*'; port: 3306
2024-11-21T15:39:40.158853Z 0 [Note] IPv6 is available.
2024-11-21T15:39:40.159355Z 0 [Note]   - '::' resolves to '::';
2024-11-21T15:39:40.159854Z 0 [Note] Server socket created on IP: '::'.
2024-11-21T15:39:40.218905Z 0 [Note] InnoDB: Buffer pool(s) load completed at 241121 10:39:40
2024-11-21T15:39:40.387133Z 0 [Note] Event Scheduler: Loaded 0 events
2024-11-21T15:39:40.387634Z 0 [Note] D:\Web III\UwAmp\bin\database\mysql-5.7.11\bin\mysqld.exe: ready for connections.
Version: '5.7.11'  socket: ''  port: 3306  MySQL Community Server (GPL)
2024-11-22T12:29:49.280078Z 0 [Note] D:\Web III\UwAmp\bin\database\mysql-5.7.11\bin\mysqld.exe: Normal shutdown

2024-11-22T12:29:49.281078Z 0 [Note] Giving 0 client threads a chance to die gracefully
2024-11-22T12:29:49.281578Z 0 [Note] Shutting down slave threads
2024-11-22T12:29:49.282080Z 0 [Note] Forcefully disconnecting 0 remaining clients
2024-11-22T12:29:49.282580Z 0 [Note] Event Scheduler: Purging the queue. 0 events
2024-11-22T12:29:49.283580Z 0 [Note] Binlog end
2024-11-22T12:29:49.317057Z 0 [Note] Shutting down plugin 'ngram'
2024-11-22T12:29:49.317557Z 0 [Note] Shutting down plugin 'partition'
2024-11-22T12:29:49.318058Z 0 [Note] Shutting down plugin 'BLACKHOLE'
2024-11-22T12:29:49.318559Z 0 [Note] Shutting down plugin 'ARCHIVE'
2024-11-22T12:29:49.319059Z 0 [Note] Shutting down plugin 'PERFORMANCE_SCHEMA'
2024-11-22T12:29:49.319559Z 0 [Note] Shutting down plugin 'MRG_MYISAM'
2024-11-22T12:29:49.320060Z 0 [Note] Shutting down plugin 'MyISAM'
2024-11-22T12:29:49.320560Z 0 [Note] Shutting down plugin 'INNODB_SYS_VIRTUAL'
2024-11-22T12:29:49.321061Z 0 [Note] Shutting down plugin 'INNODB_SYS_DATAFILES'
2024-11-22T12:29:49.321561Z 0 [Note] Shutting down plugin 'INNODB_SYS_TABLESPACES'
2024-11-22T12:29:49.322062Z 0 [Note] Shutting down plugin 'INNODB_SYS_FOREIGN_COLS'
2024-11-22T12:29:49.322562Z 0 [Note] Shutting down plugin 'INNODB_SYS_FOREIGN'
2024-11-22T12:29:49.323062Z 0 [Note] Shutting down plugin 'INNODB_SYS_FIELDS'
2024-11-22T12:29:49.323562Z 0 [Note] Shutting down plugin 'INNODB_SYS_COLUMNS'
2024-11-22T12:29:49.324063Z 0 [Note] Shutting down plugin 'INNODB_SYS_INDEXES'
2024-11-22T12:29:49.324563Z 0 [Note] Shutting down plugin 'INNODB_SYS_TABLESTATS'
2024-11-22T12:29:49.325064Z 0 [Note] Shutting down plugin 'INNODB_SYS_TABLES'
2024-11-22T12:29:49.325564Z 0 [Note] Shutting down plugin 'INNODB_FT_INDEX_TABLE'
2024-11-22T12:29:49.326065Z 0 [Note] Shutting down plugin 'INNODB_FT_INDEX_CACHE'
2024-11-22T12:29:49.326565Z 0 [Note] Shutting down plugin 'INNODB_FT_CONFIG'
2024-11-22T12:29:49.327066Z 0 [Note] Shutting down plugin 'INNODB_FT_BEING_DELETED'
2024-11-22T12:29:49.327566Z 0 [Note] Shutting down plugin 'INNODB_FT_DELETED'
2024-11-22T12:29:49.328067Z 0 [Note] Shutting down plugin 'INNODB_FT_DEFAULT_STOPWORD'
2024-11-22T12:29:49.328567Z 0 [Note] Shutting down plugin 'INNODB_METRICS'
2024-11-22T12:29:49.329067Z 0 [Note] Shutting down plugin 'INNODB_TEMP_TABLE_INFO'
2024-11-22T12:29:49.329568Z 0 [Note] Shutting down plugin 'INNODB_BUFFER_POOL_STATS'
2024-11-22T12:29:49.330068Z 0 [Note] Shutting down plugin 'INNODB_BUFFER_PAGE_LRU'
2024-11-22T12:29:49.330569Z 0 [Note] Shutting down plugin 'INNODB_BUFFER_PAGE'
2024-11-22T12:29:49.331069Z 0 [Note] Shutting down plugin 'INNODB_CMP_PER_INDEX_RESET'
2024-11-22T12:29:49.332070Z 0 [Note] Shutting down plugin 'INNODB_CMP_PER_INDEX'
2024-11-22T12:29:49.332570Z 0 [Note] Shutting down plugin 'INNODB_CMPMEM_RESET'
2024-11-22T12:29:49.333071Z 0 [Note] Shutting down plugin 'INNODB_CMPMEM'
2024-11-22T12:29:49.333071Z 0 [Note] Shutting down plugin 'INNODB_CMP_RESET'
2024-11-22T12:29:49.333571Z 0 [Note] Shutting down plugin 'INNODB_CMP'
2024-11-22T12:29:49.334073Z 0 [Note] Shutting down plugin 'INNODB_LOCK_WAITS'
2024-11-22T12:29:49.334572Z 0 [Note] Shutting down plugin 'INNODB_LOCKS'
2024-11-22T12:29:49.335073Z 0 [Note] Shutting down plugin 'INNODB_TRX'
2024-11-22T12:29:49.335573Z 0 [Note] Shutting down plugin 'InnoDB'
2024-11-22T12:29:49.336074Z 0 [Note] InnoDB: FTS optimize thread exiting.
2024-11-22T12:29:49.336574Z 0 [Note] InnoDB: Starting shutdown...
2024-11-22T12:29:49.438161Z 0 [Note] InnoDB: Dumping buffer pool(s) to D:\Web III\UwAmp\bin\database\mysql-5.7.11\data\ib_buffer_pool
2024-11-22T12:29:49.452674Z 0 [Note] InnoDB: Buffer pool(s) dump completed at 241122  7:29:49
2024-11-22T12:29:50.358168Z 0 [Note] InnoDB: Shutdown completed; log sequence number 5412669
2024-11-22T12:29:50.361171Z 0 [Note] InnoDB: Removed temporary tablespace data file: "ibtmp1"
2024-11-22T12:29:50.361672Z 0 [Note] Shutting down plugin 'MEMORY'
2024-11-22T12:29:50.362172Z 0 [Note] Shutting down plugin 'CSV'
2024-11-22T12:29:50.362672Z 0 [Note] Shutting down plugin 'sha256_password'
2024-11-22T12:29:50.363173Z 0 [Note] Shutting down plugin 'mysql_native_password'
2024-11-22T12:29:50.363673Z 0 [Note] Shutting down plugin 'binlog'
2024-11-22T12:29:50.370680Z 0 [Note] D:\Web III\UwAmp\bin\database\mysql-5.7.11\bin\mysqld.exe: Shutdown complete

2024-11-22T16:33:18.493533Z 0 [Warning] TIMESTAMP with implicit DEFAULT value is deprecated. Please use --explicit_defaults_for_timestamp server option (see documentation for more details).
2024-11-22T16:33:18.493533Z 0 [Warning] 'NO_ZERO_DATE', 'NO_ZERO_IN_DATE' and 'ERROR_FOR_DIVISION_BY_ZERO' sql modes should be used with strict mode. They will be merged with strict mode in a future release.
2024-11-22T16:33:18.493533Z 0 [Warning] 'NO_AUTO_CREATE_USER' sql mode was not set.
2024-11-22T16:33:18.493533Z 0 [Warning] Insecure configuration for --secure-file-priv: Current value does not restrict location of generated files. Consider setting it to a valid, non-empty path.
2024-11-22T16:33:18.494033Z 0 [ERROR] Cannot open Windows EventLog; check privileges, or start server with --log_syslog=0
2024-11-22T16:33:18.494033Z 0 [Note] D:\Web III\UwAmp\bin\database\mysql-5.7.11\bin\mysqld.exe (mysqld 5.7.11) starting as process 17528 ...
2024-11-22T16:33:18.594119Z 0 [ERROR] Can't open shared library 'D:\Web III\UwAmp\bin\database\mysql-5.7.11\lib\plugin\keyring_file.dll' (errno: 126 Le module spécifié est introuvable.)
2024-11-22T16:33:18.595620Z 0 [ERROR] Couldn't load plugin named 'keyring_file' with soname 'keyring_file.dll'.
2024-11-22T16:33:18.596621Z 0 [Note] InnoDB: Mutexes and rw_locks use Windows interlocked functions
2024-11-22T16:33:18.597621Z 0 [Note] InnoDB: Uses event mutexes
2024-11-22T16:33:18.598622Z 0 [Note] InnoDB: Memory barrier is not used
2024-11-22T16:33:18.599122Z 0 [Note] InnoDB: Compressed tables use zlib 1.2.3
2024-11-22T16:33:18.600623Z 0 [Note] InnoDB: Number of pools: 1
2024-11-22T16:33:18.601625Z 0 [Note] InnoDB: Not using CPU crc32 instructions
2024-11-22T16:33:18.657673Z 0 [Note] InnoDB: Initializing buffer pool, total size = 128M, instances = 1, chunk size = 128M
2024-11-22T16:33:18.669182Z 0 [Note] InnoDB: Completed initialization of buffer pool
2024-11-22T16:33:18.779277Z 0 [Note] InnoDB: Highest supported file format is Barracuda.
2024-11-22T16:33:19.955477Z 0 [Note] InnoDB: Creating shared tablespace for temporary tables
2024-11-22T16:33:19.957980Z 0 [Note] InnoDB: Setting file '.\ibtmp1' size to 12 MB. Physically writing the file full; Please wait ...
2024-11-22T16:33:20.148646Z 0 [Note] InnoDB: File '.\ibtmp1' size is now 12 MB.
2024-11-22T16:33:20.175166Z 0 [Note] InnoDB: 96 redo rollback segment(s) found. 96 redo rollback segment(s) are active.
2024-11-22T16:33:20.176167Z 0 [Note] InnoDB: 32 non-redo rollback segment(s) are active.
2024-11-22T16:33:20.177169Z 0 [Note] InnoDB: Waiting for purge to start
2024-11-22T16:33:20.229213Z 0 [Note] InnoDB: 5.7.11 started; log sequence number 5412669
2024-11-22T16:33:20.230213Z 0 [Note] InnoDB: Loading buffer pool(s) from D:\Web III\UwAmp\bin\database\mysql-5.7.11\data\ib_buffer_pool
2024-11-22T16:33:20.230213Z 0 [Note] Plugin 'FEDERATED' is disabled.
2024-11-22T16:33:20.398859Z 0 [Warning] Failed to set up SSL because of the following SSL library error: SSL context is not usable without certificate and private key
2024-11-22T16:33:20.401361Z 0 [Note] Server hostname (bind-address): '*'; port: 3306
2024-11-22T16:33:20.402362Z 0 [Note] IPv6 is available.
2024-11-22T16:33:20.403363Z 0 [Note]   - '::' resolves to '::';
2024-11-22T16:33:20.403863Z 0 [Note] Server socket created on IP: '::'.
2024-11-22T16:33:20.700120Z 0 [Note] InnoDB: Buffer pool(s) load completed at 241122 11:33:20
2024-11-22T16:33:20.872266Z 0 [Note] Event Scheduler: Loaded 0 events
2024-11-22T16:33:20.872766Z 0 [Note] D:\Web III\UwAmp\bin\database\mysql-5.7.11\bin\mysqld.exe: ready for connections.
Version: '5.7.11'  socket: ''  port: 3306  MySQL Community Server (GPL)
2024-11-22T17:28:31.770358Z 0 [Note] D:\Web III\UwAmp\bin\database\mysql-5.7.11\bin\mysqld.exe: Normal shutdown

2024-11-22T17:28:31.771358Z 0 [Note] Giving 0 client threads a chance to die gracefully
2024-11-22T17:28:31.772359Z 0 [Note] Shutting down slave threads
2024-11-22T17:28:31.773359Z 0 [Note] Forcefully disconnecting 0 remaining clients
2024-11-22T17:28:31.774360Z 0 [Note] Event Scheduler: Purging the queue. 0 events
2024-11-22T17:28:31.775361Z 0 [Note] Binlog end
2024-11-22T17:28:31.807389Z 0 [Note] Shutting down plugin 'ngram'
2024-11-22T17:28:31.807889Z 0 [Note] Shutting down plugin 'partition'
2024-11-22T17:28:31.808890Z 0 [Note] Shutting down plugin 'BLACKHOLE'
2024-11-22T17:28:31.809391Z 0 [Note] Shutting down plugin 'ARCHIVE'
2024-11-22T17:28:31.809891Z 0 [Note] Shutting down plugin 'PERFORMANCE_SCHEMA'
2024-11-22T17:28:31.810891Z 0 [Note] Shutting down plugin 'MRG_MYISAM'
2024-11-22T17:28:31.811392Z 0 [Note] Shutting down plugin 'MyISAM'
2024-11-22T17:28:31.811893Z 0 [Note] Shutting down plugin 'INNODB_SYS_VIRTUAL'
2024-11-22T17:28:31.812393Z 0 [Note] Shutting down plugin 'INNODB_SYS_DATAFILES'
2024-11-22T17:28:31.812894Z 0 [Note] Shutting down plugin 'INNODB_SYS_TABLESPACES'
2024-11-22T17:28:31.813894Z 0 [Note] Shutting down plugin 'INNODB_SYS_FOREIGN_COLS'
2024-11-22T17:28:31.814395Z 0 [Note] Shutting down plugin 'INNODB_SYS_FOREIGN'
2024-11-22T17:28:31.814895Z 0 [Note] Shutting down plugin 'INNODB_SYS_FIELDS'
2024-11-22T17:28:31.815395Z 0 [Note] Shutting down plugin 'INNODB_SYS_COLUMNS'
2024-11-22T17:28:31.815896Z 0 [Note] Shutting down plugin 'INNODB_SYS_INDEXES'
2024-11-22T17:28:31.816396Z 0 [Note] Shutting down plugin 'INNODB_SYS_TABLESTATS'
2024-11-22T17:28:31.817398Z 0 [Note] Shutting down plugin 'INNODB_SYS_TABLES'
2024-11-22T17:28:31.817898Z 0 [Note] Shutting down plugin 'INNODB_FT_INDEX_TABLE'
2024-11-22T17:28:31.818899Z 0 [Note] Shutting down plugin 'INNODB_FT_INDEX_CACHE'
2024-11-22T17:28:31.819399Z 0 [Note] Shutting down plugin 'INNODB_FT_CONFIG'
2024-11-22T17:28:31.819899Z 0 [Note] Shutting down plugin 'INNODB_FT_BEING_DELETED'
2024-11-22T17:28:31.820400Z 0 [Note] Shutting down plugin 'INNODB_FT_DELETED'
2024-11-22T17:28:31.820901Z 0 [Note] Shutting down plugin 'INNODB_FT_DEFAULT_STOPWORD'
2024-11-22T17:28:31.821400Z 0 [Note] Shutting down plugin 'INNODB_METRICS'
2024-11-22T17:28:31.822402Z 0 [Note] Shutting down plugin 'INNODB_TEMP_TABLE_INFO'
2024-11-22T17:28:31.822902Z 0 [Note] Shutting down plugin 'INNODB_BUFFER_POOL_STATS'
2024-11-22T17:28:31.823402Z 0 [Note] Shutting down plugin 'INNODB_BUFFER_PAGE_LRU'
2024-11-22T17:28:31.823903Z 0 [Note] Shutting down plugin 'INNODB_BUFFER_PAGE'
2024-11-22T17:28:31.824403Z 0 [Note] Shutting down plugin 'INNODB_CMP_PER_INDEX_RESET'
2024-11-22T17:28:31.824904Z 0 [Note] Shutting down plugin 'INNODB_CMP_PER_INDEX'
2024-11-22T17:28:31.825906Z 0 [Note] Shutting down plugin 'INNODB_CMPMEM_RESET'
2024-11-22T17:28:31.826404Z 0 [Note] Shutting down plugin 'INNODB_CMPMEM'
2024-11-22T17:28:31.826906Z 0 [Note] Shutting down plugin 'INNODB_CMP_RESET'
2024-11-22T17:28:31.827407Z 0 [Note] Shutting down plugin 'INNODB_CMP'
2024-11-22T17:28:31.827907Z 0 [Note] Shutting down plugin 'INNODB_LOCK_WAITS'
2024-11-22T17:28:31.828407Z 0 [Note] Shutting down plugin 'INNODB_LOCKS'
2024-11-22T17:28:31.828908Z 0 [Note] Shutting down plugin 'INNODB_TRX'
2024-11-22T17:28:31.829408Z 0 [Note] Shutting down plugin 'InnoDB'
2024-11-22T17:28:31.829909Z 0 [Note] InnoDB: FTS optimize thread exiting.
2024-11-22T17:28:31.830409Z 0 [Note] InnoDB: Starting shutdown...
2024-11-22T17:28:31.932496Z 0 [Note] InnoDB: Dumping buffer pool(s) to D:\Web III\UwAmp\bin\database\mysql-5.7.11\data\ib_buffer_pool
2024-11-22T17:28:31.942505Z 0 [Note] InnoDB: Buffer pool(s) dump completed at 241122 12:28:31
2024-11-22T17:28:33.119251Z 0 [Note] InnoDB: Shutdown completed; log sequence number 5503945
2024-11-22T17:28:33.122720Z 0 [Note] InnoDB: Removed temporary tablespace data file: "ibtmp1"
2024-11-22T17:28:33.123721Z 0 [Note] Shutting down plugin 'MEMORY'
2024-11-22T17:28:33.124221Z 0 [Note] Shutting down plugin 'CSV'
2024-11-22T17:28:33.124722Z 0 [Note] Shutting down plugin 'sha256_password'
2024-11-22T17:28:33.125222Z 0 [Note] Shutting down plugin 'mysql_native_password'
2024-11-22T17:28:33.125722Z 0 [Note] Shutting down plugin 'binlog'
2024-11-22T17:28:33.132728Z 0 [Note] D:\Web III\UwAmp\bin\database\mysql-5.7.11\bin\mysqld.exe: Shutdown complete

