2024-09-16T16:21:11.689292Z 0 [Warning] TIMESTAMP with implicit DEFAULT value is deprecated. Please use --explicit_defaults_for_timestamp server option (see documentation for more details).
2024-09-16T16:21:11.689292Z 0 [Warning] 'NO_ZERO_DATE', 'NO_ZERO_IN_DATE' and 'ERROR_FOR_DIVISION_BY_ZERO' sql modes should be used with strict mode. They will be merged with strict mode in a future release.
2024-09-16T16:21:11.689292Z 0 [Warning] 'NO_AUTO_CREATE_USER' sql mode was not set.
2024-09-16T16:21:11.689292Z 0 [Warning] Insecure configuration for --secure-file-priv: Current value does not restrict location of generated files. Consider setting it to a valid, non-empty path.
2024-09-16T16:21:11.689292Z 0 [ERROR] Cannot open Windows EventLog; check privileges, or start server with --log_syslog=0
2024-09-16T16:21:11.689292Z 0 [Note] D:\Web III\UwAmp\bin\database\mysql-5.7.11\bin\mysqld.exe (mysqld 5.7.11) starting as process 10496 ...
2024-09-16T16:21:11.775416Z 0 [ERROR] Can't open shared library 'D:\Web III\UwAmp\bin\database\mysql-5.7.11\lib\plugin\keyring_file.dll' (errno: 126 Le module spécifié est introuvable.)
2024-09-16T16:21:11.776417Z 0 [ERROR] Couldn't load plugin named 'keyring_file' with soname 'keyring_file.dll'.
2024-09-16T16:21:11.777415Z 0 [Note] InnoDB: Mutexes and rw_locks use Windows interlocked functions
2024-09-16T16:21:11.778415Z 0 [Note] InnoDB: Uses event mutexes
2024-09-16T16:21:11.779415Z 0 [Note] InnoDB: Memory barrier is not used
2024-09-16T16:21:11.779415Z 0 [Note] InnoDB: Compressed tables use zlib 1.2.3
2024-09-16T16:21:11.780415Z 0 [Note] InnoDB: Number of pools: 1
2024-09-16T16:21:11.780415Z 0 [Note] InnoDB: Not using CPU crc32 instructions
2024-09-16T16:21:11.825926Z 0 [Note] InnoDB: Initializing buffer pool, total size = 128M, instances = 1, chunk size = 128M
2024-09-16T16:21:11.831926Z 0 [Note] InnoDB: Completed initialization of buffer pool
2024-09-16T16:21:11.999702Z 0 [Note] InnoDB: Highest supported file format is Barracuda.
2024-09-16T16:21:13.751656Z 0 [Note] InnoDB: Creating shared tablespace for temporary tables
2024-09-16T16:21:13.752614Z 0 [Note] InnoDB: Setting file '.\ibtmp1' size to 12 MB. Physically writing the file full; Please wait ...
2024-09-16T16:21:59.547163Z 0 [Note] InnoDB: File '.\ibtmp1' size is now 12 MB.
2024-09-16T16:21:59.585269Z 0 [Note] InnoDB: 96 redo rollback segment(s) found. 96 redo rollback segment(s) are active.
2024-09-16T16:21:59.586277Z 0 [Note] InnoDB: 32 non-redo rollback segment(s) are active.
2024-09-16T16:21:59.587279Z 0 [Note] InnoDB: Waiting for purge to start
2024-09-16T16:21:59.640201Z 0 [Note] InnoDB: page_cleaner: 1000ms intended loop took 47807ms. The settings might not be optimal. (flushed=0 and evicted=0, during the time.)
2024-09-16T16:21:59.650588Z 0 [Note] InnoDB: 5.7.11 started; log sequence number 2776827
2024-09-16T16:21:59.651589Z 0 [Note] InnoDB: Loading buffer pool(s) from D:\Web III\UwAmp\bin\database\mysql-5.7.11\data\ib_buffer_pool
2024-09-16T16:21:59.651589Z 0 [Note] Plugin 'FEDERATED' is disabled.
2024-09-16T16:21:59.854330Z 0 [Warning] Failed to set up SSL because of the following SSL library error: SSL context is not usable without certificate and private key
2024-09-16T16:21:59.857330Z 0 [Note] Server hostname (bind-address): '*'; port: 3306
2024-09-16T16:21:59.858331Z 0 [Note] IPv6 is available.
2024-09-16T16:21:59.858331Z 0 [Note]   - '::' resolves to '::';
2024-09-16T16:21:59.859331Z 0 [Note] Server socket created on IP: '::'.
2024-09-16T16:22:04.044337Z 0 [Note] InnoDB: Buffer pool(s) load completed at 240916 12:22:04
2024-09-16T16:22:04.988599Z 0 [Note] Event Scheduler: Loaded 0 events
2024-09-16T16:22:04.988599Z 0 [Note] D:\Web III\UwAmp\bin\database\mysql-5.7.11\bin\mysqld.exe: ready for connections.
Version: '5.7.11'  socket: ''  port: 3306  MySQL Community Server (GPL)
2024-09-16T18:45:34.186284Z 0 [Note] D:\Web III\UwAmp\bin\database\mysql-5.7.11\bin\mysqld.exe: Normal shutdown

2024-09-16T18:45:34.187278Z 0 [Note] Giving 0 client threads a chance to die gracefully
2024-09-16T18:45:34.187278Z 0 [Note] Shutting down slave threads
2024-09-16T18:45:34.188289Z 0 [Note] Forcefully disconnecting 0 remaining clients
2024-09-16T18:45:34.188289Z 0 [Note] Event Scheduler: Purging the queue. 0 events
2024-09-16T18:45:34.190286Z 0 [Note] Binlog end
2024-09-16T18:45:34.237285Z 0 [Note] Shutting down plugin 'ngram'
2024-09-16T18:45:34.237285Z 0 [Note] Shutting down plugin 'partition'
2024-09-16T18:45:34.238312Z 0 [Note] Shutting down plugin 'BLACKHOLE'
2024-09-16T18:45:34.238312Z 0 [Note] Shutting down plugin 'ARCHIVE'
2024-09-16T18:45:34.238312Z 0 [Note] Shutting down plugin 'PERFORMANCE_SCHEMA'
2024-09-16T18:45:34.239320Z 0 [Note] Shutting down plugin 'MRG_MYISAM'
2024-09-16T18:45:34.240310Z 0 [Note] Shutting down plugin 'MyISAM'
2024-09-16T18:45:34.240310Z 0 [Note] Shutting down plugin 'INNODB_SYS_VIRTUAL'
2024-09-16T18:45:34.241315Z 0 [Note] Shutting down plugin 'INNODB_SYS_DATAFILES'
2024-09-16T18:45:34.241315Z 0 [Note] Shutting down plugin 'INNODB_SYS_TABLESPACES'
2024-09-16T18:45:34.242310Z 0 [Note] Shutting down plugin 'INNODB_SYS_FOREIGN_COLS'
2024-09-16T18:45:34.242310Z 0 [Note] Shutting down plugin 'INNODB_SYS_FOREIGN'
2024-09-16T18:45:34.243311Z 0 [Note] Shutting down plugin 'INNODB_SYS_FIELDS'
2024-09-16T18:45:34.243311Z 0 [Note] Shutting down plugin 'INNODB_SYS_COLUMNS'
2024-09-16T18:45:34.244317Z 0 [Note] Shutting down plugin 'INNODB_SYS_INDEXES'
2024-09-16T18:45:34.244317Z 0 [Note] Shutting down plugin 'INNODB_SYS_TABLESTATS'
2024-09-16T18:45:34.245310Z 0 [Note] Shutting down plugin 'INNODB_SYS_TABLES'
2024-09-16T18:45:34.246279Z 0 [Note] Shutting down plugin 'INNODB_FT_INDEX_TABLE'
2024-09-16T18:45:34.246279Z 0 [Note] Shutting down plugin 'INNODB_FT_INDEX_CACHE'
2024-09-16T18:45:34.247283Z 0 [Note] Shutting down plugin 'INNODB_FT_CONFIG'
2024-09-16T18:45:34.247283Z 0 [Note] Shutting down plugin 'INNODB_FT_BEING_DELETED'
2024-09-16T18:45:34.248312Z 0 [Note] Shutting down plugin 'INNODB_FT_DELETED'
2024-09-16T18:45:34.248312Z 0 [Note] Shutting down plugin 'INNODB_FT_DEFAULT_STOPWORD'
2024-09-16T18:45:34.249312Z 0 [Note] Shutting down plugin 'INNODB_METRICS'
2024-09-16T18:45:34.249312Z 0 [Note] Shutting down plugin 'INNODB_TEMP_TABLE_INFO'
2024-09-16T18:45:34.250311Z 0 [Note] Shutting down plugin 'INNODB_BUFFER_POOL_STATS'
2024-09-16T18:45:34.251313Z 0 [Note] Shutting down plugin 'INNODB_BUFFER_PAGE_LRU'
2024-09-16T18:45:34.251313Z 0 [Note] Shutting down plugin 'INNODB_BUFFER_PAGE'
2024-09-16T18:45:34.252351Z 0 [Note] Shutting down plugin 'INNODB_CMP_PER_INDEX_RESET'
2024-09-16T18:45:34.252351Z 0 [Note] Shutting down plugin 'INNODB_CMP_PER_INDEX'
2024-09-16T18:45:34.253351Z 0 [Note] Shutting down plugin 'INNODB_CMPMEM_RESET'
2024-09-16T18:45:34.253351Z 0 [Note] Shutting down plugin 'INNODB_CMPMEM'
2024-09-16T18:45:34.254354Z 0 [Note] Shutting down plugin 'INNODB_CMP_RESET'
2024-09-16T18:45:34.255353Z 0 [Note] Shutting down plugin 'INNODB_CMP'
2024-09-16T18:45:34.255353Z 0 [Note] Shutting down plugin 'INNODB_LOCK_WAITS'
2024-09-16T18:45:34.256352Z 0 [Note] Shutting down plugin 'INNODB_LOCKS'
2024-09-16T18:45:34.256352Z 0 [Note] Shutting down plugin 'INNODB_TRX'
2024-09-16T18:45:34.257351Z 0 [Note] Shutting down plugin 'InnoDB'
2024-09-16T18:45:34.257351Z 0 [Note] InnoDB: FTS optimize thread exiting.
2024-09-16T18:45:34.258353Z 0 [Note] InnoDB: Starting shutdown...
2024-09-16T18:45:34.362811Z 0 [Note] InnoDB: Dumping buffer pool(s) to D:\Web III\UwAmp\bin\database\mysql-5.7.11\data\ib_buffer_pool
2024-09-16T18:45:34.378337Z 0 [Note] InnoDB: Buffer pool(s) dump completed at 240916 14:45:34
2024-09-16T18:45:35.927280Z 0 [Note] InnoDB: Shutdown completed; log sequence number 2779491
2024-09-16T18:45:35.932272Z 0 [Note] InnoDB: Removed temporary tablespace data file: "ibtmp1"
2024-09-16T18:45:35.933306Z 0 [Note] Shutting down plugin 'MEMORY'
2024-09-16T18:45:35.933306Z 0 [Note] Shutting down plugin 'CSV'
2024-09-16T18:45:35.934268Z 0 [Note] Shutting down plugin 'sha256_password'
2024-09-16T18:45:35.934268Z 0 [Note] Shutting down plugin 'mysql_native_password'
2024-09-16T18:45:35.935277Z 0 [Note] Shutting down plugin 'binlog'
2024-09-16T18:45:35.943310Z 0 [Note] D:\Web III\UwAmp\bin\database\mysql-5.7.11\bin\mysqld.exe: Shutdown complete

2024-09-30T16:49:40.235417Z 0 [Warning] TIMESTAMP with implicit DEFAULT value is deprecated. Please use --explicit_defaults_for_timestamp server option (see documentation for more details).
2024-09-30T16:49:40.235417Z 0 [Warning] 'NO_ZERO_DATE', 'NO_ZERO_IN_DATE' and 'ERROR_FOR_DIVISION_BY_ZERO' sql modes should be used with strict mode. They will be merged with strict mode in a future release.
2024-09-30T16:49:40.235417Z 0 [Warning] 'NO_AUTO_CREATE_USER' sql mode was not set.
2024-09-30T16:49:40.235417Z 0 [Warning] Insecure configuration for --secure-file-priv: Current value does not restrict location of generated files. Consider setting it to a valid, non-empty path.
2024-09-30T16:49:40.235417Z 0 [ERROR] Cannot open Windows EventLog; check privileges, or start server with --log_syslog=0
2024-09-30T16:49:40.235417Z 0 [Note] D:\Web III\UwAmp\bin\database\mysql-5.7.11\bin\mysqld.exe (mysqld 5.7.11) starting as process 4420 ...
2024-09-30T16:49:40.336668Z 0 [ERROR] Can't open shared library 'D:\Web III\UwAmp\bin\database\mysql-5.7.11\lib\plugin\keyring_file.dll' (errno: 126 Le module spécifié est introuvable.)
2024-09-30T16:49:40.338672Z 0 [ERROR] Couldn't load plugin named 'keyring_file' with soname 'keyring_file.dll'.
2024-09-30T16:49:40.339669Z 0 [Note] InnoDB: Mutexes and rw_locks use Windows interlocked functions
2024-09-30T16:49:40.340669Z 0 [Note] InnoDB: Uses event mutexes
2024-09-30T16:49:40.341668Z 0 [Note] InnoDB: Memory barrier is not used
2024-09-30T16:49:40.341668Z 0 [Note] InnoDB: Compressed tables use zlib 1.2.3
2024-09-30T16:49:40.342669Z 0 [Note] InnoDB: Number of pools: 1
2024-09-30T16:49:40.343670Z 0 [Note] InnoDB: Not using CPU crc32 instructions
2024-09-30T16:49:40.390668Z 0 [Note] InnoDB: Initializing buffer pool, total size = 128M, instances = 1, chunk size = 128M
2024-09-30T16:49:40.397668Z 0 [Note] InnoDB: Completed initialization of buffer pool
2024-09-30T16:49:40.492222Z 0 [Note] InnoDB: Highest supported file format is Barracuda.
2024-09-30T16:49:41.426318Z 0 [Note] InnoDB: Creating shared tablespace for temporary tables
2024-09-30T16:49:41.427278Z 0 [Note] InnoDB: Setting file '.\ibtmp1' size to 12 MB. Physically writing the file full; Please wait ...
2024-09-30T16:49:46.259665Z 0 [Note] InnoDB: File '.\ibtmp1' size is now 12 MB.
2024-09-30T16:49:46.283656Z 0 [Note] InnoDB: 96 redo rollback segment(s) found. 96 redo rollback segment(s) are active.
2024-09-30T16:49:46.283656Z 0 [Note] InnoDB: 32 non-redo rollback segment(s) are active.
2024-09-30T16:49:46.284667Z 0 [Note] InnoDB: Waiting for purge to start
2024-09-30T16:49:46.349178Z 0 [Note] InnoDB: page_cleaner: 1000ms intended loop took 5951ms. The settings might not be optimal. (flushed=0 and evicted=0, during the time.)
2024-09-30T16:49:46.351207Z 0 [Note] InnoDB: 5.7.11 started; log sequence number 2789056
2024-09-30T16:49:46.352190Z 0 [Note] InnoDB: Loading buffer pool(s) from D:\Web III\UwAmp\bin\database\mysql-5.7.11\data\ib_buffer_pool
2024-09-30T16:49:46.352190Z 0 [Note] Plugin 'FEDERATED' is disabled.
2024-09-30T16:49:46.522094Z 0 [Warning] Failed to set up SSL because of the following SSL library error: SSL context is not usable without certificate and private key
2024-09-30T16:49:46.525095Z 0 [Note] Server hostname (bind-address): '*'; port: 3306
2024-09-30T16:49:46.525095Z 0 [Note] IPv6 is available.
2024-09-30T16:49:46.526639Z 0 [Note]   - '::' resolves to '::';
2024-09-30T16:49:46.526639Z 0 [Note] Server socket created on IP: '::'.
2024-09-30T16:49:46.636326Z 0 [Note] InnoDB: Buffer pool(s) load completed at 240930 12:49:46
2024-09-30T16:49:46.820964Z 0 [Note] Event Scheduler: Loaded 0 events
2024-09-30T16:49:46.821923Z 0 [Note] D:\Web III\UwAmp\bin\database\mysql-5.7.11\bin\mysqld.exe: ready for connections.
Version: '5.7.11'  socket: ''  port: 3306  MySQL Community Server (GPL)
2024-09-30T18:43:55.928870Z 0 [Note] D:\Web III\UwAmp\bin\database\mysql-5.7.11\bin\mysqld.exe: Normal shutdown

2024-09-30T18:43:55.928870Z 0 [Note] Giving 0 client threads a chance to die gracefully
2024-09-30T18:43:55.928870Z 0 [Note] Shutting down slave threads
2024-09-30T18:43:55.928870Z 0 [Note] Forcefully disconnecting 0 remaining clients
2024-09-30T18:43:55.928870Z 0 [Note] Event Scheduler: Purging the queue. 0 events
2024-09-30T18:43:55.928870Z 0 [Note] Binlog end
2024-09-30T18:43:55.960934Z 0 [Note] Shutting down plugin 'ngram'
2024-09-30T18:43:55.960934Z 0 [Note] Shutting down plugin 'partition'
2024-09-30T18:43:55.960934Z 0 [Note] Shutting down plugin 'BLACKHOLE'
2024-09-30T18:43:55.960934Z 0 [Note] Shutting down plugin 'ARCHIVE'
2024-09-30T18:43:55.960934Z 0 [Note] Shutting down plugin 'PERFORMANCE_SCHEMA'
2024-09-30T18:43:55.960934Z 0 [Note] Shutting down plugin 'MRG_MYISAM'
2024-09-30T18:43:55.960934Z 0 [Note] Shutting down plugin 'MyISAM'
2024-09-30T18:43:55.960934Z 0 [Note] Shutting down plugin 'INNODB_SYS_VIRTUAL'
2024-09-30T18:43:55.960934Z 0 [Note] Shutting down plugin 'INNODB_SYS_DATAFILES'
2024-09-30T18:43:55.960934Z 0 [Note] Shutting down plugin 'INNODB_SYS_TABLESPACES'
2024-09-30T18:43:55.960934Z 0 [Note] Shutting down plugin 'INNODB_SYS_FOREIGN_COLS'
2024-09-30T18:43:55.960934Z 0 [Note] Shutting down plugin 'INNODB_SYS_FOREIGN'
2024-09-30T18:43:55.960934Z 0 [Note] Shutting down plugin 'INNODB_SYS_FIELDS'
2024-09-30T18:43:55.960934Z 0 [Note] Shutting down plugin 'INNODB_SYS_COLUMNS'
2024-09-30T18:43:55.960934Z 0 [Note] Shutting down plugin 'INNODB_SYS_INDEXES'
2024-09-30T18:43:55.960934Z 0 [Note] Shutting down plugin 'INNODB_SYS_TABLESTATS'
2024-09-30T18:43:55.960934Z 0 [Note] Shutting down plugin 'INNODB_SYS_TABLES'
2024-09-30T18:43:55.960934Z 0 [Note] Shutting down plugin 'INNODB_FT_INDEX_TABLE'
2024-09-30T18:43:55.960934Z 0 [Note] Shutting down plugin 'INNODB_FT_INDEX_CACHE'
2024-09-30T18:43:55.960934Z 0 [Note] Shutting down plugin 'INNODB_FT_CONFIG'
2024-09-30T18:43:55.960934Z 0 [Note] Shutting down plugin 'INNODB_FT_BEING_DELETED'
2024-09-30T18:43:55.960934Z 0 [Note] Shutting down plugin 'INNODB_FT_DELETED'
2024-09-30T18:43:55.960934Z 0 [Note] Shutting down plugin 'INNODB_FT_DEFAULT_STOPWORD'
2024-09-30T18:43:55.976609Z 0 [Note] Shutting down plugin 'INNODB_METRICS'
2024-09-30T18:43:55.976609Z 0 [Note] Shutting down plugin 'INNODB_TEMP_TABLE_INFO'
2024-09-30T18:43:55.976609Z 0 [Note] Shutting down plugin 'INNODB_BUFFER_POOL_STATS'
2024-09-30T18:43:55.976609Z 0 [Note] Shutting down plugin 'INNODB_BUFFER_PAGE_LRU'
2024-09-30T18:43:55.976609Z 0 [Note] Shutting down plugin 'INNODB_BUFFER_PAGE'
2024-09-30T18:43:55.976609Z 0 [Note] Shutting down plugin 'INNODB_CMP_PER_INDEX_RESET'
2024-09-30T18:43:55.976609Z 0 [Note] Shutting down plugin 'INNODB_CMP_PER_INDEX'
2024-09-30T18:43:55.976609Z 0 [Note] Shutting down plugin 'INNODB_CMPMEM_RESET'
2024-09-30T18:43:55.976609Z 0 [Note] Shutting down plugin 'INNODB_CMPMEM'
2024-09-30T18:43:55.976609Z 0 [Note] Shutting down plugin 'INNODB_CMP_RESET'
2024-09-30T18:43:55.976609Z 0 [Note] Shutting down plugin 'INNODB_CMP'
2024-09-30T18:43:55.976609Z 0 [Note] Shutting down plugin 'INNODB_LOCK_WAITS'
2024-09-30T18:43:55.976609Z 0 [Note] Shutting down plugin 'INNODB_LOCKS'
2024-09-30T18:43:55.976609Z 0 [Note] Shutting down plugin 'INNODB_TRX'
2024-09-30T18:43:55.976609Z 0 [Note] Shutting down plugin 'InnoDB'
2024-09-30T18:43:55.976609Z 0 [Note] InnoDB: FTS optimize thread exiting.
2024-09-30T18:43:55.976609Z 0 [Note] InnoDB: Starting shutdown...
2024-09-30T18:43:56.086905Z 0 [Note] InnoDB: Dumping buffer pool(s) to D:\Web III\UwAmp\bin\database\mysql-5.7.11\data\ib_buffer_pool
2024-09-30T18:43:56.086905Z 0 [Note] InnoDB: Buffer pool(s) dump completed at 240930 14:43:56
2024-09-30T18:43:57.612658Z 0 [Note] InnoDB: Shutdown completed; log sequence number 2789084
2024-09-30T18:43:57.612658Z 0 [Note] InnoDB: Removed temporary tablespace data file: "ibtmp1"
2024-09-30T18:43:57.612658Z 0 [Note] Shutting down plugin 'MEMORY'
2024-09-30T18:43:57.628317Z 0 [Note] Shutting down plugin 'CSV'
2024-09-30T18:43:57.628317Z 0 [Note] Shutting down plugin 'sha256_password'
2024-09-30T18:43:57.628317Z 0 [Note] Shutting down plugin 'mysql_native_password'
2024-09-30T18:43:57.628317Z 0 [Note] Shutting down plugin 'binlog'
2024-09-30T18:43:57.628317Z 0 [Note] D:\Web III\UwAmp\bin\database\mysql-5.7.11\bin\mysqld.exe: Shutdown complete

2024-10-07T17:23:25.651469Z 0 [Warning] TIMESTAMP with implicit DEFAULT value is deprecated. Please use --explicit_defaults_for_timestamp server option (see documentation for more details).
2024-10-07T17:23:25.651469Z 0 [Warning] 'NO_ZERO_DATE', 'NO_ZERO_IN_DATE' and 'ERROR_FOR_DIVISION_BY_ZERO' sql modes should be used with strict mode. They will be merged with strict mode in a future release.
2024-10-07T17:23:25.651469Z 0 [Warning] 'NO_AUTO_CREATE_USER' sql mode was not set.
2024-10-07T17:23:25.651469Z 0 [Warning] Insecure configuration for --secure-file-priv: Current value does not restrict location of generated files. Consider setting it to a valid, non-empty path.
2024-10-07T17:23:25.651469Z 0 [ERROR] Cannot open Windows EventLog; check privileges, or start server with --log_syslog=0
2024-10-07T17:23:25.651469Z 0 [Note] D:\Web III\UwAmp\bin\database\mysql-5.7.11\bin\mysqld.exe (mysqld 5.7.11) starting as process 6068 ...
2024-10-07T17:23:25.714471Z 0 [ERROR] Can't open shared library 'D:\Web III\UwAmp\bin\database\mysql-5.7.11\lib\plugin\keyring_file.dll' (errno: 126 Le module spécifié est introuvable.)
2024-10-07T17:23:25.715471Z 0 [ERROR] Couldn't load plugin named 'keyring_file' with soname 'keyring_file.dll'.
2024-10-07T17:23:25.716471Z 0 [Note] InnoDB: Mutexes and rw_locks use Windows interlocked functions
2024-10-07T17:23:25.717471Z 0 [Note] InnoDB: Uses event mutexes
2024-10-07T17:23:25.718471Z 0 [Note] InnoDB: Memory barrier is not used
2024-10-07T17:23:25.718471Z 0 [Note] InnoDB: Compressed tables use zlib 1.2.3
2024-10-07T17:23:25.719470Z 0 [Note] InnoDB: Number of pools: 1
2024-10-07T17:23:25.720473Z 0 [Note] InnoDB: Not using CPU crc32 instructions
2024-10-07T17:23:25.769982Z 0 [Note] InnoDB: Initializing buffer pool, total size = 128M, instances = 1, chunk size = 128M
2024-10-07T17:23:25.775981Z 0 [Note] InnoDB: Completed initialization of buffer pool
2024-10-07T17:23:25.860227Z 0 [Note] InnoDB: Highest supported file format is Barracuda.
2024-10-07T17:23:26.622956Z 0 [Note] InnoDB: Creating shared tablespace for temporary tables
2024-10-07T17:23:26.623956Z 0 [Note] InnoDB: Setting file '.\ibtmp1' size to 12 MB. Physically writing the file full; Please wait ...
2024-10-07T17:23:26.805107Z 0 [Note] InnoDB: File '.\ibtmp1' size is now 12 MB.
2024-10-07T17:23:26.837777Z 0 [Note] InnoDB: 96 redo rollback segment(s) found. 96 redo rollback segment(s) are active.
2024-10-07T17:23:26.838777Z 0 [Note] InnoDB: 32 non-redo rollback segment(s) are active.
2024-10-07T17:23:26.838777Z 0 [Note] InnoDB: Waiting for purge to start
2024-10-07T17:23:26.893321Z 0 [Note] InnoDB: 5.7.11 started; log sequence number 2790258
2024-10-07T17:23:26.894323Z 0 [Note] InnoDB: Loading buffer pool(s) from D:\Web III\UwAmp\bin\database\mysql-5.7.11\data\ib_buffer_pool
2024-10-07T17:23:26.894323Z 0 [Note] Plugin 'FEDERATED' is disabled.
2024-10-07T17:23:27.072046Z 0 [Warning] Failed to set up SSL because of the following SSL library error: SSL context is not usable without certificate and private key
2024-10-07T17:23:27.075046Z 0 [Note] Server hostname (bind-address): '*'; port: 3306
2024-10-07T17:23:27.076046Z 0 [Note] IPv6 is available.
2024-10-07T17:23:27.077046Z 0 [Note]   - '::' resolves to '::';
2024-10-07T17:23:27.077046Z 0 [Note] Server socket created on IP: '::'.
2024-10-07T17:23:27.281168Z 0 [Note] InnoDB: Buffer pool(s) load completed at 241007 13:23:27
2024-10-07T17:23:27.617550Z 0 [Note] Event Scheduler: Loaded 0 events
2024-10-07T17:23:27.617550Z 0 [Note] D:\Web III\UwAmp\bin\database\mysql-5.7.11\bin\mysqld.exe: ready for connections.
Version: '5.7.11'  socket: ''  port: 3306  MySQL Community Server (GPL)
2024-10-07T18:40:24.417409Z 0 [Note] D:\Web III\UwAmp\bin\database\mysql-5.7.11\bin\mysqld.exe: Normal shutdown

2024-10-07T18:40:24.417409Z 0 [Note] Giving 0 client threads a chance to die gracefully
2024-10-07T18:40:24.417409Z 0 [Note] Shutting down slave threads
2024-10-07T18:40:24.417409Z 0 [Note] Forcefully disconnecting 0 remaining clients
2024-10-07T18:40:24.417409Z 0 [Note] Event Scheduler: Purging the queue. 0 events
2024-10-07T18:40:24.417409Z 0 [Note] Binlog end
2024-10-07T18:40:24.462222Z 0 [Note] Shutting down plugin 'ngram'
2024-10-07T18:40:24.462222Z 0 [Note] Shutting down plugin 'partition'
2024-10-07T18:40:24.462222Z 0 [Note] Shutting down plugin 'BLACKHOLE'
2024-10-07T18:40:24.462222Z 0 [Note] Shutting down plugin 'ARCHIVE'
2024-10-07T18:40:24.462222Z 0 [Note] Shutting down plugin 'PERFORMANCE_SCHEMA'
2024-10-07T18:40:24.462222Z 0 [Note] Shutting down plugin 'MRG_MYISAM'
2024-10-07T18:40:24.462222Z 0 [Note] Shutting down plugin 'MyISAM'
2024-10-07T18:40:24.462222Z 0 [Note] Shutting down plugin 'INNODB_SYS_VIRTUAL'
2024-10-07T18:40:24.462222Z 0 [Note] Shutting down plugin 'INNODB_SYS_DATAFILES'
2024-10-07T18:40:24.462222Z 0 [Note] Shutting down plugin 'INNODB_SYS_TABLESPACES'
2024-10-07T18:40:24.462222Z 0 [Note] Shutting down plugin 'INNODB_SYS_FOREIGN_COLS'
2024-10-07T18:40:24.462222Z 0 [Note] Shutting down plugin 'INNODB_SYS_FOREIGN'
2024-10-07T18:40:24.462222Z 0 [Note] Shutting down plugin 'INNODB_SYS_FIELDS'
2024-10-07T18:40:24.462222Z 0 [Note] Shutting down plugin 'INNODB_SYS_COLUMNS'
2024-10-07T18:40:24.462222Z 0 [Note] Shutting down plugin 'INNODB_SYS_INDEXES'
2024-10-07T18:40:24.462222Z 0 [Note] Shutting down plugin 'INNODB_SYS_TABLESTATS'
2024-10-07T18:40:24.462222Z 0 [Note] Shutting down plugin 'INNODB_SYS_TABLES'
2024-10-07T18:40:24.462222Z 0 [Note] Shutting down plugin 'INNODB_FT_INDEX_TABLE'
2024-10-07T18:40:24.462222Z 0 [Note] Shutting down plugin 'INNODB_FT_INDEX_CACHE'
2024-10-07T18:40:24.462222Z 0 [Note] Shutting down plugin 'INNODB_FT_CONFIG'
2024-10-07T18:40:24.462222Z 0 [Note] Shutting down plugin 'INNODB_FT_BEING_DELETED'
2024-10-07T18:40:24.462222Z 0 [Note] Shutting down plugin 'INNODB_FT_DELETED'
2024-10-07T18:40:24.462222Z 0 [Note] Shutting down plugin 'INNODB_FT_DEFAULT_STOPWORD'
2024-10-07T18:40:24.462222Z 0 [Note] Shutting down plugin 'INNODB_METRICS'
2024-10-07T18:40:24.462222Z 0 [Note] Shutting down plugin 'INNODB_TEMP_TABLE_INFO'
2024-10-07T18:40:24.462222Z 0 [Note] Shutting down plugin 'INNODB_BUFFER_POOL_STATS'
2024-10-07T18:40:24.462222Z 0 [Note] Shutting down plugin 'INNODB_BUFFER_PAGE_LRU'
2024-10-07T18:40:24.462222Z 0 [Note] Shutting down plugin 'INNODB_BUFFER_PAGE'
2024-10-07T18:40:24.477805Z 0 [Note] Shutting down plugin 'INNODB_CMP_PER_INDEX_RESET'
2024-10-07T18:40:24.477805Z 0 [Note] Shutting down plugin 'INNODB_CMP_PER_INDEX'
2024-10-07T18:40:24.477805Z 0 [Note] Shutting down plugin 'INNODB_CMPMEM_RESET'
2024-10-07T18:40:24.477805Z 0 [Note] Shutting down plugin 'INNODB_CMPMEM'
2024-10-07T18:40:24.477805Z 0 [Note] Shutting down plugin 'INNODB_CMP_RESET'
2024-10-07T18:40:24.477805Z 0 [Note] Shutting down plugin 'INNODB_CMP'
2024-10-07T18:40:24.477805Z 0 [Note] Shutting down plugin 'INNODB_LOCK_WAITS'
2024-10-07T18:40:24.477805Z 0 [Note] Shutting down plugin 'INNODB_LOCKS'
2024-10-07T18:40:24.477805Z 0 [Note] Shutting down plugin 'INNODB_TRX'
2024-10-07T18:40:24.477805Z 0 [Note] Shutting down plugin 'InnoDB'
2024-10-07T18:40:24.477805Z 0 [Note] InnoDB: FTS optimize thread exiting.
2024-10-07T18:40:24.477805Z 0 [Note] InnoDB: Starting shutdown...
2024-10-07T18:40:24.587713Z 0 [Note] InnoDB: Dumping buffer pool(s) to D:\Web III\UwAmp\bin\database\mysql-5.7.11\data\ib_buffer_pool
2024-10-07T18:40:24.587713Z 0 [Note] InnoDB: Buffer pool(s) dump completed at 241007 14:40:24
2024-10-07T18:40:26.368754Z 0 [Note] InnoDB: Shutdown completed; log sequence number 2790849
2024-10-07T18:40:26.368754Z 0 [Note] InnoDB: Removed temporary tablespace data file: "ibtmp1"
2024-10-07T18:40:26.368754Z 0 [Note] Shutting down plugin 'MEMORY'
2024-10-07T18:40:26.384379Z 0 [Note] Shutting down plugin 'CSV'
2024-10-07T18:40:26.384379Z 0 [Note] Shutting down plugin 'sha256_password'
2024-10-07T18:40:26.384379Z 0 [Note] Shutting down plugin 'mysql_native_password'
2024-10-07T18:40:26.384379Z 0 [Note] Shutting down plugin 'binlog'
2024-10-07T18:40:26.384379Z 0 [Note] D:\Web III\UwAmp\bin\database\mysql-5.7.11\bin\mysqld.exe: Shutdown complete

2024-10-21T16:38:40.908012Z 0 [Warning] TIMESTAMP with implicit DEFAULT value is deprecated. Please use --explicit_defaults_for_timestamp server option (see documentation for more details).
2024-10-21T16:38:40.908012Z 0 [Warning] 'NO_ZERO_DATE', 'NO_ZERO_IN_DATE' and 'ERROR_FOR_DIVISION_BY_ZERO' sql modes should be used with strict mode. They will be merged with strict mode in a future release.
2024-10-21T16:38:40.908012Z 0 [Warning] 'NO_AUTO_CREATE_USER' sql mode was not set.
2024-10-21T16:38:40.908012Z 0 [Warning] Insecure configuration for --secure-file-priv: Current value does not restrict location of generated files. Consider setting it to a valid, non-empty path.
2024-10-21T16:38:40.908012Z 0 [ERROR] Cannot open Windows EventLog; check privileges, or start server with --log_syslog=0
2024-10-21T16:38:40.908012Z 0 [Note] D:\Web III\UwAmp\bin\database\mysql-5.7.11\bin\mysqld.exe (mysqld 5.7.11) starting as process 18688 ...
2024-10-21T16:38:40.981851Z 0 [ERROR] Can't open shared library 'D:\Web III\UwAmp\bin\database\mysql-5.7.11\lib\plugin\keyring_file.dll' (errno: 126 Le module spécifié est introuvable.)
2024-10-21T16:38:40.982850Z 0 [ERROR] Couldn't load plugin named 'keyring_file' with soname 'keyring_file.dll'.
2024-10-21T16:38:40.985355Z 0 [Note] InnoDB: Mutexes and rw_locks use Windows interlocked functions
2024-10-21T16:38:40.986370Z 0 [Note] InnoDB: Uses event mutexes
2024-10-21T16:38:40.986370Z 0 [Note] InnoDB: Memory barrier is not used
2024-10-21T16:38:40.987401Z 0 [Note] InnoDB: Compressed tables use zlib 1.2.3
2024-10-21T16:38:40.988360Z 0 [Note] InnoDB: Number of pools: 1
2024-10-21T16:38:40.988360Z 0 [Note] InnoDB: Not using CPU crc32 instructions
2024-10-21T16:38:41.151318Z 0 [Note] InnoDB: Initializing buffer pool, total size = 128M, instances = 1, chunk size = 128M
2024-10-21T16:38:41.166346Z 0 [Note] InnoDB: Completed initialization of buffer pool
2024-10-21T16:38:41.294069Z 0 [Note] InnoDB: Highest supported file format is Barracuda.
2024-10-21T16:38:42.661059Z 0 [Note] InnoDB: Creating shared tablespace for temporary tables
2024-10-21T16:38:42.661059Z 0 [Note] InnoDB: Setting file '.\ibtmp1' size to 12 MB. Physically writing the file full; Please wait ...
2024-10-21T16:38:46.344047Z 0 [Note] InnoDB: File '.\ibtmp1' size is now 12 MB.
2024-10-21T16:38:46.364912Z 0 [Note] InnoDB: 96 redo rollback segment(s) found. 96 redo rollback segment(s) are active.
2024-10-21T16:38:46.365947Z 0 [Note] InnoDB: 32 non-redo rollback segment(s) are active.
2024-10-21T16:38:46.366944Z 0 [Note] InnoDB: Waiting for purge to start
2024-10-21T16:38:46.422908Z 0 [Note] InnoDB: page_cleaner: 1000ms intended loop took 5252ms. The settings might not be optimal. (flushed=0 and evicted=0, during the time.)
2024-10-21T16:38:46.423905Z 0 [Note] InnoDB: 5.7.11 started; log sequence number 2834632
2024-10-21T16:38:46.425410Z 0 [Note] InnoDB: Loading buffer pool(s) from D:\Web III\UwAmp\bin\database\mysql-5.7.11\data\ib_buffer_pool
2024-10-21T16:38:46.425410Z 0 [Note] Plugin 'FEDERATED' is disabled.
2024-10-21T16:38:46.626433Z 0 [Warning] Failed to set up SSL because of the following SSL library error: SSL context is not usable without certificate and private key
2024-10-21T16:38:46.629430Z 0 [Note] Server hostname (bind-address): '*'; port: 3306
2024-10-21T16:38:46.630431Z 0 [Note] IPv6 is available.
2024-10-21T16:38:46.630431Z 0 [Note]   - '::' resolves to '::';
2024-10-21T16:38:46.631431Z 0 [Note] Server socket created on IP: '::'.
2024-10-21T16:38:46.813563Z 0 [Note] InnoDB: Buffer pool(s) load completed at 241021 12:38:46
2024-10-21T16:38:47.034016Z 0 [Note] Event Scheduler: Loaded 0 events
2024-10-21T16:38:47.035519Z 0 [Note] D:\Web III\UwAmp\bin\database\mysql-5.7.11\bin\mysqld.exe: ready for connections.
Version: '5.7.11'  socket: ''  port: 3306  MySQL Community Server (GPL)
2024-10-21T18:51:55.274955Z 0 [Note] D:\Web III\UwAmp\bin\database\mysql-5.7.11\bin\mysqld.exe: Normal shutdown

2024-10-21T18:51:55.274955Z 0 [Note] Giving 0 client threads a chance to die gracefully
2024-10-21T18:51:55.274955Z 0 [Note] Shutting down slave threads
2024-10-21T18:51:55.274955Z 0 [Note] Forcefully disconnecting 0 remaining clients
2024-10-21T18:51:55.274955Z 0 [Note] Event Scheduler: Purging the queue. 0 events
2024-10-21T18:51:55.274955Z 0 [Note] Binlog end
2024-10-21T18:51:55.318854Z 0 [Note] Shutting down plugin 'ngram'
2024-10-21T18:51:55.318854Z 0 [Note] Shutting down plugin 'partition'
2024-10-21T18:51:55.318854Z 0 [Note] Shutting down plugin 'BLACKHOLE'
2024-10-21T18:51:55.318854Z 0 [Note] Shutting down plugin 'ARCHIVE'
2024-10-21T18:51:55.318854Z 0 [Note] Shutting down plugin 'PERFORMANCE_SCHEMA'
2024-10-21T18:51:55.318854Z 0 [Note] Shutting down plugin 'MRG_MYISAM'
2024-10-21T18:51:55.318854Z 0 [Note] Shutting down plugin 'MyISAM'
2024-10-21T18:51:55.318854Z 0 [Note] Shutting down plugin 'INNODB_SYS_VIRTUAL'
2024-10-21T18:51:55.318854Z 0 [Note] Shutting down plugin 'INNODB_SYS_DATAFILES'
2024-10-21T18:51:55.318854Z 0 [Note] Shutting down plugin 'INNODB_SYS_TABLESPACES'
2024-10-21T18:51:55.318854Z 0 [Note] Shutting down plugin 'INNODB_SYS_FOREIGN_COLS'
2024-10-21T18:51:55.318854Z 0 [Note] Shutting down plugin 'INNODB_SYS_FOREIGN'
2024-10-21T18:51:55.318854Z 0 [Note] Shutting down plugin 'INNODB_SYS_FIELDS'
2024-10-21T18:51:55.318854Z 0 [Note] Shutting down plugin 'INNODB_SYS_COLUMNS'
2024-10-21T18:51:55.318854Z 0 [Note] Shutting down plugin 'INNODB_SYS_INDEXES'
2024-10-21T18:51:55.318854Z 0 [Note] Shutting down plugin 'INNODB_SYS_TABLESTATS'
2024-10-21T18:51:55.318854Z 0 [Note] Shutting down plugin 'INNODB_SYS_TABLES'
2024-10-21T18:51:55.318854Z 0 [Note] Shutting down plugin 'INNODB_FT_INDEX_TABLE'
2024-10-21T18:51:55.318854Z 0 [Note] Shutting down plugin 'INNODB_FT_INDEX_CACHE'
2024-10-21T18:51:55.318854Z 0 [Note] Shutting down plugin 'INNODB_FT_CONFIG'
2024-10-21T18:51:55.318854Z 0 [Note] Shutting down plugin 'INNODB_FT_BEING_DELETED'
2024-10-21T18:51:55.334378Z 0 [Note] Shutting down plugin 'INNODB_FT_DELETED'
2024-10-21T18:51:55.334378Z 0 [Note] Shutting down plugin 'INNODB_FT_DEFAULT_STOPWORD'
2024-10-21T18:51:55.334378Z 0 [Note] Shutting down plugin 'INNODB_METRICS'
2024-10-21T18:51:55.334378Z 0 [Note] Shutting down plugin 'INNODB_TEMP_TABLE_INFO'
2024-10-21T18:51:55.334378Z 0 [Note] Shutting down plugin 'INNODB_BUFFER_POOL_STATS'
2024-10-21T18:51:55.334378Z 0 [Note] Shutting down plugin 'INNODB_BUFFER_PAGE_LRU'
2024-10-21T18:51:55.334378Z 0 [Note] Shutting down plugin 'INNODB_BUFFER_PAGE'
2024-10-21T18:51:55.334378Z 0 [Note] Shutting down plugin 'INNODB_CMP_PER_INDEX_RESET'
2024-10-21T18:51:55.334378Z 0 [Note] Shutting down plugin 'INNODB_CMP_PER_INDEX'
2024-10-21T18:51:55.334378Z 0 [Note] Shutting down plugin 'INNODB_CMPMEM_RESET'
2024-10-21T18:51:55.334378Z 0 [Note] Shutting down plugin 'INNODB_CMPMEM'
2024-10-21T18:51:55.334378Z 0 [Note] Shutting down plugin 'INNODB_CMP_RESET'
2024-10-21T18:51:55.334378Z 0 [Note] Shutting down plugin 'INNODB_CMP'
2024-10-21T18:51:55.334378Z 0 [Note] Shutting down plugin 'INNODB_LOCK_WAITS'
2024-10-21T18:51:55.334378Z 0 [Note] Shutting down plugin 'INNODB_LOCKS'
2024-10-21T18:51:55.334378Z 0 [Note] Shutting down plugin 'INNODB_TRX'
2024-10-21T18:51:55.334378Z 0 [Note] Shutting down plugin 'InnoDB'
2024-10-21T18:51:55.334378Z 0 [Note] InnoDB: FTS optimize thread exiting.
2024-10-21T18:51:55.334378Z 0 [Note] InnoDB: Starting shutdown...
2024-10-21T18:51:55.444512Z 0 [Note] InnoDB: Dumping buffer pool(s) to D:\Web III\UwAmp\bin\database\mysql-5.7.11\data\ib_buffer_pool
2024-10-21T18:51:55.460309Z 0 [Note] InnoDB: Buffer pool(s) dump completed at 241021 14:51:55
2024-10-21T18:51:57.031345Z 0 [Note] InnoDB: Shutdown completed; log sequence number 3002422
2024-10-21T18:51:57.047009Z 0 [Note] InnoDB: Removed temporary tablespace data file: "ibtmp1"
2024-10-21T18:51:57.047009Z 0 [Note] Shutting down plugin 'MEMORY'
2024-10-21T18:51:57.047009Z 0 [Note] Shutting down plugin 'CSV'
2024-10-21T18:51:57.047009Z 0 [Note] Shutting down plugin 'sha256_password'
2024-10-21T18:51:57.047009Z 0 [Note] Shutting down plugin 'mysql_native_password'
2024-10-21T18:51:57.047009Z 0 [Note] Shutting down plugin 'binlog'
2024-10-21T18:51:57.047009Z 0 [Note] D:\Web III\UwAmp\bin\database\mysql-5.7.11\bin\mysqld.exe: Shutdown complete

2024-10-28T16:14:09.043405Z 0 [Warning] TIMESTAMP with implicit DEFAULT value is deprecated. Please use --explicit_defaults_for_timestamp server option (see documentation for more details).
2024-10-28T16:14:09.043405Z 0 [Warning] 'NO_ZERO_DATE', 'NO_ZERO_IN_DATE' and 'ERROR_FOR_DIVISION_BY_ZERO' sql modes should be used with strict mode. They will be merged with strict mode in a future release.
2024-10-28T16:14:09.043405Z 0 [Warning] 'NO_AUTO_CREATE_USER' sql mode was not set.
2024-10-28T16:14:09.043405Z 0 [Warning] Insecure configuration for --secure-file-priv: Current value does not restrict location of generated files. Consider setting it to a valid, non-empty path.
2024-10-28T16:14:09.043405Z 0 [ERROR] Cannot open Windows EventLog; check privileges, or start server with --log_syslog=0
2024-10-28T16:14:09.043405Z 0 [Note] D:\Web III\UwAmp\bin\database\mysql-5.7.11\bin\mysqld.exe (mysqld 5.7.11) starting as process 30980 ...
2024-10-28T16:14:09.136214Z 0 [ERROR] Can't open shared library 'D:\Web III\UwAmp\bin\database\mysql-5.7.11\lib\plugin\keyring_file.dll' (errno: 126 Le module spécifié est introuvable.)
2024-10-28T16:14:09.137216Z 0 [ERROR] Couldn't load plugin named 'keyring_file' with soname 'keyring_file.dll'.
2024-10-28T16:14:09.138213Z 0 [Note] InnoDB: Mutexes and rw_locks use Windows interlocked functions
2024-10-28T16:14:09.139240Z 0 [Note] InnoDB: Uses event mutexes
2024-10-28T16:14:09.139240Z 0 [Note] InnoDB: Memory barrier is not used
2024-10-28T16:14:09.140213Z 0 [Note] InnoDB: Compressed tables use zlib 1.2.3
2024-10-28T16:14:09.141244Z 0 [Note] InnoDB: Number of pools: 1
2024-10-28T16:14:09.141244Z 0 [Note] InnoDB: Not using CPU crc32 instructions
2024-10-28T16:14:09.185114Z 0 [Note] InnoDB: Initializing buffer pool, total size = 128M, instances = 1, chunk size = 128M
2024-10-28T16:14:09.191114Z 0 [Note] InnoDB: Completed initialization of buffer pool
2024-10-28T16:14:09.332428Z 0 [Note] InnoDB: Highest supported file format is Barracuda.
2024-10-28T16:14:11.019609Z 0 [Note] InnoDB: Creating shared tablespace for temporary tables
2024-10-28T16:14:11.020611Z 0 [Note] InnoDB: Setting file '.\ibtmp1' size to 12 MB. Physically writing the file full; Please wait ...
2024-10-28T16:14:11.887880Z 0 [Note] InnoDB: File '.\ibtmp1' size is now 12 MB.
2024-10-28T16:14:11.931043Z 0 [Note] InnoDB: 96 redo rollback segment(s) found. 96 redo rollback segment(s) are active.
2024-10-28T16:14:11.932680Z 0 [Note] InnoDB: 32 non-redo rollback segment(s) are active.
2024-10-28T16:14:11.933603Z 0 [Note] InnoDB: Waiting for purge to start
2024-10-28T16:14:11.991618Z 0 [Note] InnoDB: 5.7.11 started; log sequence number 3095032
2024-10-28T16:14:11.993120Z 0 [Note] Plugin 'FEDERATED' is disabled.
2024-10-28T16:14:11.993120Z 0 [Note] InnoDB: Loading buffer pool(s) from D:\Web III\UwAmp\bin\database\mysql-5.7.11\data\ib_buffer_pool
2024-10-28T16:14:12.222381Z 0 [Warning] Failed to set up SSL because of the following SSL library error: SSL context is not usable without certificate and private key
2024-10-28T16:14:12.225390Z 0 [Note] Server hostname (bind-address): '*'; port: 3306
2024-10-28T16:14:12.225390Z 0 [Note] IPv6 is available.
2024-10-28T16:14:12.226430Z 0 [Note]   - '::' resolves to '::';
2024-10-28T16:14:12.226430Z 0 [Note] Server socket created on IP: '::'.
2024-10-28T16:14:12.425402Z 0 [Note] InnoDB: Buffer pool(s) load completed at 241028 12:14:12
2024-10-28T16:14:12.637270Z 0 [Note] Event Scheduler: Loaded 0 events
2024-10-28T16:14:12.638268Z 0 [Note] D:\Web III\UwAmp\bin\database\mysql-5.7.11\bin\mysqld.exe: ready for connections.
Version: '5.7.11'  socket: ''  port: 3306  MySQL Community Server (GPL)
2024-10-28T16:24:06.313153Z 0 [Note] InnoDB: page_cleaner: 1000ms intended loop took 5633ms. The settings might not be optimal. (flushed=118 and evicted=0, during the time.)
2024-10-28T17:01:53.787655Z 0 [Note] InnoDB: page_cleaner: 1000ms intended loop took 7180ms. The settings might not be optimal. (flushed=94 and evicted=0, during the time.)
2024-10-28T17:15:10.576833Z 0 [Note] InnoDB: page_cleaner: 1000ms intended loop took 4467ms. The settings might not be optimal. (flushed=108 and evicted=0, during the time.)
2024-10-28T18:42:25.220671Z 0 [Note] D:\Web III\UwAmp\bin\database\mysql-5.7.11\bin\mysqld.exe: Normal shutdown

2024-10-28T18:42:25.221678Z 0 [Note] Giving 0 client threads a chance to die gracefully
2024-10-28T18:42:25.222667Z 0 [Note] Shutting down slave threads
2024-10-28T18:42:25.222667Z 0 [Note] Forcefully disconnecting 0 remaining clients
2024-10-28T18:42:25.223675Z 0 [Note] Event Scheduler: Purging the queue. 0 events
2024-10-28T18:42:25.224673Z 0 [Note] Binlog end
2024-10-28T18:42:25.267952Z 0 [Note] Shutting down plugin 'ngram'
2024-10-28T18:42:25.267952Z 0 [Note] Shutting down plugin 'partition'
2024-10-28T18:42:25.269116Z 0 [Note] Shutting down plugin 'BLACKHOLE'
2024-10-28T18:42:25.269116Z 0 [Note] Shutting down plugin 'ARCHIVE'
2024-10-28T18:42:25.269116Z 0 [Note] Shutting down plugin 'PERFORMANCE_SCHEMA'
2024-10-28T18:42:25.270147Z 0 [Note] Shutting down plugin 'MRG_MYISAM'
2024-10-28T18:42:25.271115Z 0 [Note] Shutting down plugin 'MyISAM'
2024-10-28T18:42:25.271115Z 0 [Note] Shutting down plugin 'INNODB_SYS_VIRTUAL'
2024-10-28T18:42:25.272118Z 0 [Note] Shutting down plugin 'INNODB_SYS_DATAFILES'
2024-10-28T18:42:25.272118Z 0 [Note] Shutting down plugin 'INNODB_SYS_TABLESPACES'
2024-10-28T18:42:25.273123Z 0 [Note] Shutting down plugin 'INNODB_SYS_FOREIGN_COLS'
2024-10-28T18:42:25.273123Z 0 [Note] Shutting down plugin 'INNODB_SYS_FOREIGN'
2024-10-28T18:42:25.274116Z 0 [Note] Shutting down plugin 'INNODB_SYS_FIELDS'
2024-10-28T18:42:25.274116Z 0 [Note] Shutting down plugin 'INNODB_SYS_COLUMNS'
2024-10-28T18:42:25.275117Z 0 [Note] Shutting down plugin 'INNODB_SYS_INDEXES'
2024-10-28T18:42:25.275117Z 0 [Note] Shutting down plugin 'INNODB_SYS_TABLESTATS'
2024-10-28T18:42:25.276115Z 0 [Note] Shutting down plugin 'INNODB_SYS_TABLES'
2024-10-28T18:42:25.277116Z 0 [Note] Shutting down plugin 'INNODB_FT_INDEX_TABLE'
2024-10-28T18:42:25.277116Z 0 [Note] Shutting down plugin 'INNODB_FT_INDEX_CACHE'
2024-10-28T18:42:25.278243Z 0 [Note] Shutting down plugin 'INNODB_FT_CONFIG'
2024-10-28T18:42:25.278243Z 0 [Note] Shutting down plugin 'INNODB_FT_BEING_DELETED'
2024-10-28T18:42:25.279243Z 0 [Note] Shutting down plugin 'INNODB_FT_DELETED'
2024-10-28T18:42:25.279243Z 0 [Note] Shutting down plugin 'INNODB_FT_DEFAULT_STOPWORD'
2024-10-28T18:42:25.280243Z 0 [Note] Shutting down plugin 'INNODB_METRICS'
2024-10-28T18:42:25.280243Z 0 [Note] Shutting down plugin 'INNODB_TEMP_TABLE_INFO'
2024-10-28T18:42:25.281244Z 0 [Note] Shutting down plugin 'INNODB_BUFFER_POOL_STATS'
2024-10-28T18:42:25.281244Z 0 [Note] Shutting down plugin 'INNODB_BUFFER_PAGE_LRU'
2024-10-28T18:42:25.282250Z 0 [Note] Shutting down plugin 'INNODB_BUFFER_PAGE'
2024-10-28T18:42:25.283244Z 0 [Note] Shutting down plugin 'INNODB_CMP_PER_INDEX_RESET'
2024-10-28T18:42:25.283244Z 0 [Note] Shutting down plugin 'INNODB_CMP_PER_INDEX'
2024-10-28T18:42:25.284243Z 0 [Note] Shutting down plugin 'INNODB_CMPMEM_RESET'
2024-10-28T18:42:25.284243Z 0 [Note] Shutting down plugin 'INNODB_CMPMEM'
2024-10-28T18:42:25.285244Z 0 [Note] Shutting down plugin 'INNODB_CMP_RESET'
2024-10-28T18:42:25.285244Z 0 [Note] Shutting down plugin 'INNODB_CMP'
2024-10-28T18:42:25.286244Z 0 [Note] Shutting down plugin 'INNODB_LOCK_WAITS'
2024-10-28T18:42:25.286244Z 0 [Note] Shutting down plugin 'INNODB_LOCKS'
2024-10-28T18:42:25.287243Z 0 [Note] Shutting down plugin 'INNODB_TRX'
2024-10-28T18:42:25.287243Z 0 [Note] Shutting down plugin 'InnoDB'
2024-10-28T18:42:25.288247Z 0 [Note] InnoDB: FTS optimize thread exiting.
2024-10-28T18:42:25.288839Z 0 [Note] InnoDB: Starting shutdown...
2024-10-28T18:42:25.400322Z 0 [Note] InnoDB: Dumping buffer pool(s) to D:\Web III\UwAmp\bin\database\mysql-5.7.11\data\ib_buffer_pool
2024-10-28T18:42:25.421270Z 0 [Note] InnoDB: Buffer pool(s) dump completed at 241028 14:42:25
2024-10-28T18:42:26.320664Z 0 [Note] InnoDB: Shutdown completed; log sequence number 3360410
2024-10-28T18:42:27.013225Z 0 [Note] InnoDB: Removed temporary tablespace data file: "ibtmp1"
2024-10-28T18:42:27.013225Z 0 [Note] Shutting down plugin 'MEMORY'
2024-10-28T18:42:27.014249Z 0 [Note] Shutting down plugin 'CSV'
2024-10-28T18:42:27.014249Z 0 [Note] Shutting down plugin 'sha256_password'
2024-10-28T18:42:27.015236Z 0 [Note] Shutting down plugin 'mysql_native_password'
2024-10-28T18:42:27.015236Z 0 [Note] Shutting down plugin 'binlog'
2024-10-28T18:42:27.023258Z 0 [Note] D:\Web III\UwAmp\bin\database\mysql-5.7.11\bin\mysqld.exe: Shutdown complete

2024-11-11T19:32:31.098904Z 0 [Warning] TIMESTAMP with implicit DEFAULT value is deprecated. Please use --explicit_defaults_for_timestamp server option (see documentation for more details).
2024-11-11T19:32:31.099020Z 0 [Warning] 'NO_ZERO_DATE', 'NO_ZERO_IN_DATE' and 'ERROR_FOR_DIVISION_BY_ZERO' sql modes should be used with strict mode. They will be merged with strict mode in a future release.
2024-11-11T19:32:31.099020Z 0 [Warning] 'NO_AUTO_CREATE_USER' sql mode was not set.
2024-11-11T19:32:31.099020Z 0 [Warning] Insecure configuration for --secure-file-priv: Current value does not restrict location of generated files. Consider setting it to a valid, non-empty path.
2024-11-11T19:32:31.099020Z 0 [ERROR] Cannot open Windows EventLog; check privileges, or start server with --log_syslog=0
2024-11-11T19:32:31.099020Z 0 [Note] D:\Web III\UwAmp\bin\database\mysql-5.7.11\bin\mysqld.exe (mysqld 5.7.11) starting as process 6432 ...
2024-11-11T19:32:31.202235Z 0 [ERROR] Can't open shared library 'D:\Web III\UwAmp\bin\database\mysql-5.7.11\lib\plugin\keyring_file.dll' (errno: 126 Le module spécifié est introuvable.)
2024-11-11T19:32:31.203275Z 0 [ERROR] Couldn't load plugin named 'keyring_file' with soname 'keyring_file.dll'.
2024-11-11T19:32:31.204277Z 0 [Note] InnoDB: Mutexes and rw_locks use Windows interlocked functions
2024-11-11T19:32:31.205235Z 0 [Note] InnoDB: Uses event mutexes
2024-11-11T19:32:31.205235Z 0 [Note] InnoDB: Memory barrier is not used
2024-11-11T19:32:31.206273Z 0 [Note] InnoDB: Compressed tables use zlib 1.2.3
2024-11-11T19:32:31.207273Z 0 [Note] InnoDB: Number of pools: 1
2024-11-11T19:32:31.207273Z 0 [Note] InnoDB: Not using CPU crc32 instructions
2024-11-11T19:32:31.252119Z 0 [Note] InnoDB: Initializing buffer pool, total size = 128M, instances = 1, chunk size = 128M
2024-11-11T19:32:31.258120Z 0 [Note] InnoDB: Completed initialization of buffer pool
2024-11-11T19:32:31.403801Z 0 [Note] InnoDB: Highest supported file format is Barracuda.
2024-11-11T19:32:33.145166Z 0 [Note] InnoDB: Creating shared tablespace for temporary tables
2024-11-11T19:32:33.146164Z 0 [Note] InnoDB: Setting file '.\ibtmp1' size to 12 MB. Physically writing the file full; Please wait ...
2024-11-11T19:32:41.683452Z 0 [Note] InnoDB: File '.\ibtmp1' size is now 12 MB.
2024-11-11T19:32:41.706071Z 0 [Note] InnoDB: 96 redo rollback segment(s) found. 96 redo rollback segment(s) are active.
2024-11-11T19:32:41.707071Z 0 [Note] InnoDB: 32 non-redo rollback segment(s) are active.
2024-11-11T19:32:41.708073Z 0 [Note] InnoDB: Waiting for purge to start
2024-11-11T19:32:41.773809Z 0 [Note] InnoDB: page_cleaner: 1000ms intended loop took 10513ms. The settings might not be optimal. (flushed=0 and evicted=0, during the time.)
2024-11-11T19:32:41.774829Z 0 [Note] InnoDB: 5.7.11 started; log sequence number 3523686
2024-11-11T19:32:41.775814Z 0 [Note] InnoDB: Loading buffer pool(s) from D:\Web III\UwAmp\bin\database\mysql-5.7.11\data\ib_buffer_pool
2024-11-11T19:32:41.775814Z 0 [Note] Plugin 'FEDERATED' is disabled.
2024-11-11T19:32:41.965914Z 0 [Warning] Failed to set up SSL because of the following SSL library error: SSL context is not usable without certificate and private key
2024-11-11T19:32:41.968655Z 0 [Note] Server hostname (bind-address): '*'; port: 3306
2024-11-11T19:32:41.969661Z 0 [Note] IPv6 is available.
2024-11-11T19:32:41.970686Z 0 [Note]   - '::' resolves to '::';
2024-11-11T19:32:41.970686Z 0 [Note] Server socket created on IP: '::'.
2024-11-11T19:32:42.100652Z 0 [Note] InnoDB: Buffer pool(s) load completed at 241111 14:32:42
2024-11-11T19:32:42.338856Z 0 [Note] Event Scheduler: Loaded 0 events
2024-11-11T19:32:42.338856Z 0 [Note] D:\Web III\UwAmp\bin\database\mysql-5.7.11\bin\mysqld.exe: ready for connections.
Version: '5.7.11'  socket: ''  port: 3306  MySQL Community Server (GPL)
2024-11-11T19:36:34.967800Z 0 [Note] InnoDB: page_cleaner: 1000ms intended loop took 41825ms. The settings might not be optimal. (flushed=157 and evicted=0, during the time.)
2024-11-11T19:48:20.713099Z 0 [Note] D:\Web III\UwAmp\bin\database\mysql-5.7.11\bin\mysqld.exe: Normal shutdown

2024-11-11T19:48:20.714092Z 0 [Note] Giving 0 client threads a chance to die gracefully
2024-11-11T19:48:20.715100Z 0 [Note] Shutting down slave threads
2024-11-11T19:48:20.716092Z 0 [Note] Forcefully disconnecting 0 remaining clients
2024-11-11T19:48:20.716092Z 0 [Note] Event Scheduler: Purging the queue. 0 events
2024-11-11T19:48:20.717101Z 0 [Note] Binlog end
2024-11-11T19:48:20.752834Z 0 [Note] Shutting down plugin 'ngram'
2024-11-11T19:48:20.752834Z 0 [Note] Shutting down plugin 'partition'
2024-11-11T19:48:20.753835Z 0 [Note] Shutting down plugin 'BLACKHOLE'
2024-11-11T19:48:20.754066Z 0 [Note] Shutting down plugin 'ARCHIVE'
2024-11-11T19:48:20.754066Z 0 [Note] Shutting down plugin 'PERFORMANCE_SCHEMA'
2024-11-11T19:48:20.754066Z 0 [Note] Shutting down plugin 'MRG_MYISAM'
2024-11-11T19:48:20.754066Z 0 [Note] Shutting down plugin 'MyISAM'
2024-11-11T19:48:20.754066Z 0 [Note] Shutting down plugin 'INNODB_SYS_VIRTUAL'
2024-11-11T19:48:20.754066Z 0 [Note] Shutting down plugin 'INNODB_SYS_DATAFILES'
2024-11-11T19:48:20.754066Z 0 [Note] Shutting down plugin 'INNODB_SYS_TABLESPACES'
2024-11-11T19:48:20.754066Z 0 [Note] Shutting down plugin 'INNODB_SYS_FOREIGN_COLS'
2024-11-11T19:48:20.758083Z 0 [Note] Shutting down plugin 'INNODB_SYS_FOREIGN'
2024-11-11T19:48:20.758083Z 0 [Note] Shutting down plugin 'INNODB_SYS_FIELDS'
2024-11-11T19:48:20.758083Z 0 [Note] Shutting down plugin 'INNODB_SYS_COLUMNS'
2024-11-11T19:48:20.758083Z 0 [Note] Shutting down plugin 'INNODB_SYS_INDEXES'
2024-11-11T19:48:20.758083Z 0 [Note] Shutting down plugin 'INNODB_SYS_TABLESTATS'
2024-11-11T19:48:20.758083Z 0 [Note] Shutting down plugin 'INNODB_SYS_TABLES'
2024-11-11T19:48:20.758083Z 0 [Note] Shutting down plugin 'INNODB_FT_INDEX_TABLE'
2024-11-11T19:48:20.758083Z 0 [Note] Shutting down plugin 'INNODB_FT_INDEX_CACHE'
2024-11-11T19:48:20.758083Z 0 [Note] Shutting down plugin 'INNODB_FT_CONFIG'
2024-11-11T19:48:20.758083Z 0 [Note] Shutting down plugin 'INNODB_FT_BEING_DELETED'
2024-11-11T19:48:20.758083Z 0 [Note] Shutting down plugin 'INNODB_FT_DELETED'
2024-11-11T19:48:20.758083Z 0 [Note] Shutting down plugin 'INNODB_FT_DEFAULT_STOPWORD'
2024-11-11T19:48:20.758083Z 0 [Note] Shutting down plugin 'INNODB_METRICS'
2024-11-11T19:48:20.758083Z 0 [Note] Shutting down plugin 'INNODB_TEMP_TABLE_INFO'
2024-11-11T19:48:20.758083Z 0 [Note] Shutting down plugin 'INNODB_BUFFER_POOL_STATS'
2024-11-11T19:48:20.758083Z 0 [Note] Shutting down plugin 'INNODB_BUFFER_PAGE_LRU'
2024-11-11T19:48:20.758083Z 0 [Note] Shutting down plugin 'INNODB_BUFFER_PAGE'
2024-11-11T19:48:20.758083Z 0 [Note] Shutting down plugin 'INNODB_CMP_PER_INDEX_RESET'
2024-11-11T19:48:20.758083Z 0 [Note] Shutting down plugin 'INNODB_CMP_PER_INDEX'
2024-11-11T19:48:20.758083Z 0 [Note] Shutting down plugin 'INNODB_CMPMEM_RESET'
2024-11-11T19:48:20.758083Z 0 [Note] Shutting down plugin 'INNODB_CMPMEM'
2024-11-11T19:48:20.769603Z 0 [Note] Shutting down plugin 'INNODB_CMP_RESET'
2024-11-11T19:48:20.769603Z 0 [Note] Shutting down plugin 'INNODB_CMP'
2024-11-11T19:48:20.769603Z 0 [Note] Shutting down plugin 'INNODB_LOCK_WAITS'
2024-11-11T19:48:20.769603Z 0 [Note] Shutting down plugin 'INNODB_LOCKS'
2024-11-11T19:48:20.769603Z 0 [Note] Shutting down plugin 'INNODB_TRX'
2024-11-11T19:48:20.769603Z 0 [Note] Shutting down plugin 'InnoDB'
2024-11-11T19:48:20.769603Z 0 [Note] InnoDB: FTS optimize thread exiting.
2024-11-11T19:48:20.769603Z 0 [Note] InnoDB: Starting shutdown...
2024-11-11T19:48:20.880978Z 0 [Note] InnoDB: Dumping buffer pool(s) to D:\Web III\UwAmp\bin\database\mysql-5.7.11\data\ib_buffer_pool
2024-11-11T19:48:20.896617Z 0 [Note] InnoDB: Buffer pool(s) dump completed at 241111 14:48:20
2024-11-11T19:48:22.134329Z 0 [Note] InnoDB: Shutdown completed; log sequence number 3605297
2024-11-11T19:48:22.138334Z 0 [Note] InnoDB: Removed temporary tablespace data file: "ibtmp1"
2024-11-11T19:48:22.138334Z 0 [Note] Shutting down plugin 'MEMORY'
2024-11-11T19:48:22.138334Z 0 [Note] Shutting down plugin 'CSV'
2024-11-11T19:48:22.138334Z 0 [Note] Shutting down plugin 'sha256_password'
2024-11-11T19:48:22.138334Z 0 [Note] Shutting down plugin 'mysql_native_password'
2024-11-11T19:48:22.138334Z 0 [Note] Shutting down plugin 'binlog'
2024-11-11T19:48:22.144426Z 0 [Note] D:\Web III\UwAmp\bin\database\mysql-5.7.11\bin\mysqld.exe: Shutdown complete

2024-11-18T17:31:30.526633Z 0 [Warning] TIMESTAMP with implicit DEFAULT value is deprecated. Please use --explicit_defaults_for_timestamp server option (see documentation for more details).
2024-11-18T17:31:30.526633Z 0 [Warning] 'NO_ZERO_DATE', 'NO_ZERO_IN_DATE' and 'ERROR_FOR_DIVISION_BY_ZERO' sql modes should be used with strict mode. They will be merged with strict mode in a future release.
2024-11-18T17:31:30.526633Z 0 [Warning] 'NO_AUTO_CREATE_USER' sql mode was not set.
2024-11-18T17:31:30.526633Z 0 [Warning] Insecure configuration for --secure-file-priv: Current value does not restrict location of generated files. Consider setting it to a valid, non-empty path.
2024-11-18T17:31:30.526633Z 0 [ERROR] Cannot open Windows EventLog; check privileges, or start server with --log_syslog=0
2024-11-18T17:31:30.526633Z 0 [Note] D:\Web III\UwAmp\bin\database\mysql-5.7.11\bin\mysqld.exe (mysqld 5.7.11) starting as process 6692 ...
2024-11-18T17:31:30.629407Z 0 [ERROR] Can't open shared library 'D:\Web III\UwAmp\bin\database\mysql-5.7.11\lib\plugin\keyring_file.dll' (errno: 126 Le module spécifié est introuvable.)
2024-11-18T17:31:30.630415Z 0 [ERROR] Couldn't load plugin named 'keyring_file' with soname 'keyring_file.dll'.
2024-11-18T17:31:30.631622Z 0 [Note] InnoDB: Mutexes and rw_locks use Windows interlocked functions
2024-11-18T17:31:30.632654Z 0 [Note] InnoDB: Uses event mutexes
2024-11-18T17:31:30.632654Z 0 [Note] InnoDB: Memory barrier is not used
2024-11-18T17:31:30.633652Z 0 [Note] InnoDB: Compressed tables use zlib 1.2.3
2024-11-18T17:31:30.634650Z 0 [Note] InnoDB: Number of pools: 1
2024-11-18T17:31:30.634650Z 0 [Note] InnoDB: Not using CPU crc32 instructions
2024-11-18T17:31:30.683182Z 0 [Note] InnoDB: Initializing buffer pool, total size = 128M, instances = 1, chunk size = 128M
2024-11-18T17:31:30.689176Z 0 [Note] InnoDB: Completed initialization of buffer pool
2024-11-18T17:31:30.815546Z 0 [Note] InnoDB: Highest supported file format is Barracuda.
2024-11-18T17:31:32.866765Z 0 [Note] InnoDB: Creating shared tablespace for temporary tables
2024-11-18T17:31:32.867765Z 0 [Note] InnoDB: Setting file '.\ibtmp1' size to 12 MB. Physically writing the file full; Please wait ...
2024-11-18T17:31:40.807702Z 0 [Note] InnoDB: File '.\ibtmp1' size is now 12 MB.
2024-11-18T17:31:40.832550Z 0 [Note] InnoDB: 96 redo rollback segment(s) found. 96 redo rollback segment(s) are active.
2024-11-18T17:31:40.833545Z 0 [Note] InnoDB: 32 non-redo rollback segment(s) are active.
2024-11-18T17:31:40.834537Z 0 [Note] InnoDB: Waiting for purge to start
2024-11-18T17:31:40.887921Z 0 [Note] InnoDB: page_cleaner: 1000ms intended loop took 10196ms. The settings might not be optimal. (flushed=0 and evicted=0, during the time.)
2024-11-18T17:31:40.888924Z 0 [Note] InnoDB: 5.7.11 started; log sequence number 4067082
2024-11-18T17:31:40.889930Z 0 [Note] InnoDB: Loading buffer pool(s) from D:\Web III\UwAmp\bin\database\mysql-5.7.11\data\ib_buffer_pool
2024-11-18T17:31:40.889930Z 0 [Note] Plugin 'FEDERATED' is disabled.
2024-11-18T17:31:41.837341Z 0 [Warning] Failed to set up SSL because of the following SSL library error: SSL context is not usable without certificate and private key
2024-11-18T17:31:41.839339Z 0 [Note] Server hostname (bind-address): '*'; port: 3306
2024-11-18T17:31:41.840338Z 0 [Note] IPv6 is available.
2024-11-18T17:31:41.841337Z 0 [Note]   - '::' resolves to '::';
2024-11-18T17:31:41.841337Z 0 [Note] Server socket created on IP: '::'.
2024-11-18T17:31:42.080258Z 0 [Note] InnoDB: Buffer pool(s) load completed at 241118 12:31:42
2024-11-18T17:31:42.404426Z 0 [Note] Event Scheduler: Loaded 0 events
2024-11-18T17:31:42.404426Z 0 [Note] D:\Web III\UwAmp\bin\database\mysql-5.7.11\bin\mysqld.exe: ready for connections.
Version: '5.7.11'  socket: ''  port: 3306  MySQL Community Server (GPL)
2024-11-18T17:32:39.423579Z 0 [Note] InnoDB: page_cleaner: 1000ms intended loop took 4062ms. The settings might not be optimal. (flushed=0 and evicted=0, during the time.)
2024-11-18T17:34:23.553874Z 0 [Note] InnoDB: page_cleaner: 1000ms intended loop took 6494ms. The settings might not be optimal. (flushed=0 and evicted=0, during the time.)
2024-11-18T17:34:59.202174Z 0 [Note] InnoDB: page_cleaner: 1000ms intended loop took 7489ms. The settings might not be optimal. (flushed=4 and evicted=0, during the time.)
2024-11-18T17:35:26.307123Z 0 [Note] InnoDB: page_cleaner: 1000ms intended loop took 9975ms. The settings might not be optimal. (flushed=90 and evicted=0, during the time.)
2024-11-18T19:52:18.387860Z 0 [Note] D:\Web III\UwAmp\bin\database\mysql-5.7.11\bin\mysqld.exe: Normal shutdown

2024-11-18T19:52:18.387860Z 0 [Note] Giving 0 client threads a chance to die gracefully
2024-11-18T19:52:18.387860Z 0 [Note] Shutting down slave threads
2024-11-18T19:52:18.387860Z 0 [Note] Forcefully disconnecting 0 remaining clients
2024-11-18T19:52:18.387860Z 0 [Note] Event Scheduler: Purging the queue. 0 events
2024-11-18T19:52:18.397934Z 0 [Note] Binlog end
2024-11-18T19:52:18.438309Z 0 [Note] Shutting down plugin 'ngram'
2024-11-18T19:52:18.439308Z 0 [Note] Shutting down plugin 'partition'
2024-11-18T19:52:18.440518Z 0 [Note] Shutting down plugin 'BLACKHOLE'
2024-11-18T19:52:18.440518Z 0 [Note] Shutting down plugin 'ARCHIVE'
2024-11-18T19:52:18.441559Z 0 [Note] Shutting down plugin 'PERFORMANCE_SCHEMA'
2024-11-18T19:52:18.442558Z 0 [Note] Shutting down plugin 'MRG_MYISAM'
2024-11-18T19:52:18.443558Z 0 [Note] Shutting down plugin 'MyISAM'
2024-11-18T19:52:18.443558Z 0 [Note] Shutting down plugin 'INNODB_SYS_VIRTUAL'
2024-11-18T19:52:18.444558Z 0 [Note] Shutting down plugin 'INNODB_SYS_DATAFILES'
2024-11-18T19:52:18.445559Z 0 [Note] Shutting down plugin 'INNODB_SYS_TABLESPACES'
2024-11-18T19:52:18.446558Z 0 [Note] Shutting down plugin 'INNODB_SYS_FOREIGN_COLS'
2024-11-18T19:52:18.447559Z 0 [Note] Shutting down plugin 'INNODB_SYS_FOREIGN'
2024-11-18T19:52:18.448559Z 0 [Note] Shutting down plugin 'INNODB_SYS_FIELDS'
2024-11-18T19:52:18.448559Z 0 [Note] Shutting down plugin 'INNODB_SYS_COLUMNS'
2024-11-18T19:52:18.449560Z 0 [Note] Shutting down plugin 'INNODB_SYS_INDEXES'
2024-11-18T19:52:18.450561Z 0 [Note] Shutting down plugin 'INNODB_SYS_TABLESTATS'
2024-11-18T19:52:18.451558Z 0 [Note] Shutting down plugin 'INNODB_SYS_TABLES'
2024-11-18T19:52:18.452560Z 0 [Note] Shutting down plugin 'INNODB_FT_INDEX_TABLE'
2024-11-18T19:52:18.452560Z 0 [Note] Shutting down plugin 'INNODB_FT_INDEX_CACHE'
2024-11-18T19:52:18.453559Z 0 [Note] Shutting down plugin 'INNODB_FT_CONFIG'
2024-11-18T19:52:18.454561Z 0 [Note] Shutting down plugin 'INNODB_FT_BEING_DELETED'
2024-11-18T19:52:18.455558Z 0 [Note] Shutting down plugin 'INNODB_FT_DELETED'
2024-11-18T19:52:18.456563Z 0 [Note] Shutting down plugin 'INNODB_FT_DEFAULT_STOPWORD'
2024-11-18T19:52:18.456563Z 0 [Note] Shutting down plugin 'INNODB_METRICS'
2024-11-18T19:52:18.456563Z 0 [Note] Shutting down plugin 'INNODB_TEMP_TABLE_INFO'
2024-11-18T19:52:18.456563Z 0 [Note] Shutting down plugin 'INNODB_BUFFER_POOL_STATS'
2024-11-18T19:52:18.456563Z 0 [Note] Shutting down plugin 'INNODB_BUFFER_PAGE_LRU'
2024-11-18T19:52:18.456563Z 0 [Note] Shutting down plugin 'INNODB_BUFFER_PAGE'
2024-11-18T19:52:18.456563Z 0 [Note] Shutting down plugin 'INNODB_CMP_PER_INDEX_RESET'
2024-11-18T19:52:18.456563Z 0 [Note] Shutting down plugin 'INNODB_CMP_PER_INDEX'
2024-11-18T19:52:18.456563Z 0 [Note] Shutting down plugin 'INNODB_CMPMEM_RESET'
2024-11-18T19:52:18.456563Z 0 [Note] Shutting down plugin 'INNODB_CMPMEM'
2024-11-18T19:52:18.464614Z 0 [Note] Shutting down plugin 'INNODB_CMP_RESET'
2024-11-18T19:52:18.465628Z 0 [Note] Shutting down plugin 'INNODB_CMP'
2024-11-18T19:52:18.466741Z 0 [Note] Shutting down plugin 'INNODB_LOCK_WAITS'
2024-11-18T19:52:18.466741Z 0 [Note] Shutting down plugin 'INNODB_LOCKS'
2024-11-18T19:52:18.466741Z 0 [Note] Shutting down plugin 'INNODB_TRX'
2024-11-18T19:52:18.466741Z 0 [Note] Shutting down plugin 'InnoDB'
2024-11-18T19:52:18.466741Z 0 [Note] InnoDB: FTS optimize thread exiting.
2024-11-18T19:52:18.466741Z 0 [Note] InnoDB: Starting shutdown...
2024-11-18T19:52:18.588617Z 0 [Note] InnoDB: Dumping buffer pool(s) to D:\Web III\UwAmp\bin\database\mysql-5.7.11\data\ib_buffer_pool
2024-11-18T19:52:18.607048Z 0 [Note] InnoDB: Buffer pool(s) dump completed at 241118 14:52:18
2024-11-18T19:52:20.006061Z 0 [Note] InnoDB: Shutdown completed; log sequence number 4478220
2024-11-18T19:52:20.010802Z 0 [Note] InnoDB: Removed temporary tablespace data file: "ibtmp1"
2024-11-18T19:52:20.011808Z 0 [Note] Shutting down plugin 'MEMORY'
2024-11-18T19:52:20.012813Z 0 [Note] Shutting down plugin 'CSV'
2024-11-18T19:52:20.012813Z 0 [Note] Shutting down plugin 'sha256_password'
2024-11-18T19:52:20.013808Z 0 [Note] Shutting down plugin 'mysql_native_password'
2024-11-18T19:52:20.015479Z 0 [Note] Shutting down plugin 'binlog'
2024-11-18T19:52:20.026118Z 0 [Note] D:\Web III\UwAmp\bin\database\mysql-5.7.11\bin\mysqld.exe: Shutdown complete

2024-11-25T17:40:51.779588Z 0 [Warning] TIMESTAMP with implicit DEFAULT value is deprecated. Please use --explicit_defaults_for_timestamp server option (see documentation for more details).
2024-11-25T17:40:51.779588Z 0 [Warning] 'NO_ZERO_DATE', 'NO_ZERO_IN_DATE' and 'ERROR_FOR_DIVISION_BY_ZERO' sql modes should be used with strict mode. They will be merged with strict mode in a future release.
2024-11-25T17:40:51.779588Z 0 [Warning] 'NO_AUTO_CREATE_USER' sql mode was not set.
2024-11-25T17:40:51.779588Z 0 [Warning] Insecure configuration for --secure-file-priv: Current value does not restrict location of generated files. Consider setting it to a valid, non-empty path.
2024-11-25T17:40:51.780582Z 0 [ERROR] Cannot open Windows EventLog; check privileges, or start server with --log_syslog=0
2024-11-25T17:40:51.780582Z 0 [Note] D:\Web III\UwAmp\bin\database\mysql-5.7.11\bin\mysqld.exe (mysqld 5.7.11) starting as process 6972 ...
2024-11-25T17:40:51.892040Z 0 [ERROR] Can't open shared library 'D:\Web III\UwAmp\bin\database\mysql-5.7.11\lib\plugin\keyring_file.dll' (errno: 126 Le module spécifié est introuvable.)
2024-11-25T17:40:51.893039Z 0 [ERROR] Couldn't load plugin named 'keyring_file' with soname 'keyring_file.dll'.
2024-11-25T17:40:51.894039Z 0 [Note] InnoDB: Mutexes and rw_locks use Windows interlocked functions
2024-11-25T17:40:51.895039Z 0 [Note] InnoDB: Uses event mutexes
2024-11-25T17:40:51.895039Z 0 [Note] InnoDB: Memory barrier is not used
2024-11-25T17:40:51.896038Z 0 [Note] InnoDB: Compressed tables use zlib 1.2.3
2024-11-25T17:40:51.897040Z 0 [Note] InnoDB: Number of pools: 1
2024-11-25T17:40:51.897040Z 0 [Note] InnoDB: Not using CPU crc32 instructions
2024-11-25T17:40:51.947555Z 0 [Note] InnoDB: Initializing buffer pool, total size = 128M, instances = 1, chunk size = 128M
2024-11-25T17:40:51.953555Z 0 [Note] InnoDB: Completed initialization of buffer pool
2024-11-25T17:40:52.103533Z 0 [Note] InnoDB: Highest supported file format is Barracuda.
2024-11-25T17:40:54.185248Z 0 [Note] InnoDB: Creating shared tablespace for temporary tables
2024-11-25T17:40:54.186247Z 0 [Note] InnoDB: Setting file '.\ibtmp1' size to 12 MB. Physically writing the file full; Please wait ...
2024-11-25T17:40:59.245500Z 0 [Note] InnoDB: File '.\ibtmp1' size is now 12 MB.
2024-11-25T17:40:59.265019Z 0 [Note] InnoDB: 96 redo rollback segment(s) found. 96 redo rollback segment(s) are active.
2024-11-25T17:40:59.265019Z 0 [Note] InnoDB: 32 non-redo rollback segment(s) are active.
2024-11-25T17:40:59.266018Z 0 [Note] InnoDB: Waiting for purge to start
2024-11-25T17:40:59.332022Z 0 [Note] InnoDB: page_cleaner: 1000ms intended loop took 7376ms. The settings might not be optimal. (flushed=0 and evicted=0, during the time.)
2024-11-25T17:40:59.333018Z 0 [Note] InnoDB: 5.7.11 started; log sequence number 5503945
2024-11-25T17:40:59.334019Z 0 [Note] InnoDB: Loading buffer pool(s) from D:\Web III\UwAmp\bin\database\mysql-5.7.11\data\ib_buffer_pool
2024-11-25T17:40:59.334019Z 0 [Note] Plugin 'FEDERATED' is disabled.
2024-11-25T17:41:05.185201Z 0 [Warning] Failed to set up SSL because of the following SSL library error: SSL context is not usable without certificate and private key
2024-11-25T17:41:05.188162Z 0 [Note] Server hostname (bind-address): '*'; port: 3306
2024-11-25T17:41:05.190171Z 0 [Note] IPv6 is available.
2024-11-25T17:41:05.190171Z 0 [Note]   - '::' resolves to '::';
2024-11-25T17:41:05.191162Z 0 [Note] Server socket created on IP: '::'.
2024-11-25T17:41:05.382590Z 0 [Note] InnoDB: Buffer pool(s) load completed at 241125 12:41:05
2024-11-25T17:41:05.650244Z 0 [Note] Event Scheduler: Loaded 0 events
2024-11-25T17:41:05.650244Z 0 [Note] D:\Web III\UwAmp\bin\database\mysql-5.7.11\bin\mysqld.exe: ready for connections.
Version: '5.7.11'  socket: ''  port: 3306  MySQL Community Server (GPL)
2024-11-25T19:48:14.942035Z 0 [Note] D:\Web III\UwAmp\bin\database\mysql-5.7.11\bin\mysqld.exe: Normal shutdown

2024-11-25T19:48:14.942035Z 0 [Note] Giving 0 client threads a chance to die gracefully
2024-11-25T19:48:14.942035Z 0 [Note] Shutting down slave threads
2024-11-25T19:48:14.942035Z 0 [Note] Forcefully disconnecting 0 remaining clients
2024-11-25T19:48:14.942035Z 0 [Note] Event Scheduler: Purging the queue. 0 events
2024-11-25T19:48:14.942035Z 0 [Note] Binlog end
2024-11-25T19:48:14.973139Z 0 [Note] Shutting down plugin 'ngram'
2024-11-25T19:48:14.973139Z 0 [Note] Shutting down plugin 'partition'
2024-11-25T19:48:14.973139Z 0 [Note] Shutting down plugin 'BLACKHOLE'
2024-11-25T19:48:14.973139Z 0 [Note] Shutting down plugin 'ARCHIVE'
2024-11-25T19:48:14.973139Z 0 [Note] Shutting down plugin 'PERFORMANCE_SCHEMA'
2024-11-25T19:48:14.973139Z 0 [Note] Shutting down plugin 'MRG_MYISAM'
2024-11-25T19:48:14.973139Z 0 [Note] Shutting down plugin 'MyISAM'
2024-11-25T19:48:14.973139Z 0 [Note] Shutting down plugin 'INNODB_SYS_VIRTUAL'
2024-11-25T19:48:14.973139Z 0 [Note] Shutting down plugin 'INNODB_SYS_DATAFILES'
2024-11-25T19:48:14.973139Z 0 [Note] Shutting down plugin 'INNODB_SYS_TABLESPACES'
2024-11-25T19:48:14.989145Z 0 [Note] Shutting down plugin 'INNODB_SYS_FOREIGN_COLS'
2024-11-25T19:48:14.989145Z 0 [Note] Shutting down plugin 'INNODB_SYS_FOREIGN'
2024-11-25T19:48:14.989901Z 0 [Note] Shutting down plugin 'INNODB_SYS_FIELDS'
2024-11-25T19:48:14.989901Z 0 [Note] Shutting down plugin 'INNODB_SYS_COLUMNS'
2024-11-25T19:48:14.990933Z 0 [Note] Shutting down plugin 'INNODB_SYS_INDEXES'
2024-11-25T19:48:14.990933Z 0 [Note] Shutting down plugin 'INNODB_SYS_TABLESTATS'
2024-11-25T19:48:14.991965Z 0 [Note] Shutting down plugin 'INNODB_SYS_TABLES'
2024-11-25T19:48:14.991965Z 0 [Note] Shutting down plugin 'INNODB_FT_INDEX_TABLE'
2024-11-25T19:48:14.992964Z 0 [Note] Shutting down plugin 'INNODB_FT_INDEX_CACHE'
2024-11-25T19:48:14.993965Z 0 [Note] Shutting down plugin 'INNODB_FT_CONFIG'
2024-11-25T19:48:14.993965Z 0 [Note] Shutting down plugin 'INNODB_FT_BEING_DELETED'
2024-11-25T19:48:14.995063Z 0 [Note] Shutting down plugin 'INNODB_FT_DELETED'
2024-11-25T19:48:14.995063Z 0 [Note] Shutting down plugin 'INNODB_FT_DEFAULT_STOPWORD'
2024-11-25T19:48:14.996130Z 0 [Note] Shutting down plugin 'INNODB_METRICS'
2024-11-25T19:48:14.996130Z 0 [Note] Shutting down plugin 'INNODB_TEMP_TABLE_INFO'
2024-11-25T19:48:14.997130Z 0 [Note] Shutting down plugin 'INNODB_BUFFER_POOL_STATS'
2024-11-25T19:48:14.997130Z 0 [Note] Shutting down plugin 'INNODB_BUFFER_PAGE_LRU'
2024-11-25T19:48:14.998131Z 0 [Note] Shutting down plugin 'INNODB_BUFFER_PAGE'
2024-11-25T19:48:14.998131Z 0 [Note] Shutting down plugin 'INNODB_CMP_PER_INDEX_RESET'
2024-11-25T19:48:14.999130Z 0 [Note] Shutting down plugin 'INNODB_CMP_PER_INDEX'
2024-11-25T19:48:14.999130Z 0 [Note] Shutting down plugin 'INNODB_CMPMEM_RESET'
2024-11-25T19:48:15.000130Z 0 [Note] Shutting down plugin 'INNODB_CMPMEM'
2024-11-25T19:48:15.000130Z 0 [Note] Shutting down plugin 'INNODB_CMP_RESET'
2024-11-25T19:48:15.001174Z 0 [Note] Shutting down plugin 'INNODB_CMP'
2024-11-25T19:48:15.001174Z 0 [Note] Shutting down plugin 'INNODB_LOCK_WAITS'
2024-11-25T19:48:15.002174Z 0 [Note] Shutting down plugin 'INNODB_LOCKS'
2024-11-25T19:48:15.002174Z 0 [Note] Shutting down plugin 'INNODB_TRX'
2024-11-25T19:48:15.003174Z 0 [Note] Shutting down plugin 'InnoDB'
2024-11-25T19:48:15.003174Z 0 [Note] InnoDB: FTS optimize thread exiting.
2024-11-25T19:48:15.004141Z 0 [Note] InnoDB: Starting shutdown...
2024-11-25T19:48:15.106235Z 0 [Note] InnoDB: Dumping buffer pool(s) to D:\Web III\UwAmp\bin\database\mysql-5.7.11\data\ib_buffer_pool
2024-11-25T19:48:15.122631Z 0 [Note] InnoDB: Buffer pool(s) dump completed at 241125 14:48:15
2024-11-25T19:48:16.122443Z 0 [Note] InnoDB: Shutdown completed; log sequence number 5556781
2024-11-25T19:48:16.138429Z 0 [Note] InnoDB: Removed temporary tablespace data file: "ibtmp1"
2024-11-25T19:48:16.138429Z 0 [Note] Shutting down plugin 'MEMORY'
2024-11-25T19:48:16.138429Z 0 [Note] Shutting down plugin 'CSV'
2024-11-25T19:48:16.138429Z 0 [Note] Shutting down plugin 'sha256_password'
2024-11-25T19:48:16.138429Z 0 [Note] Shutting down plugin 'mysql_native_password'
2024-11-25T19:48:16.138429Z 0 [Note] Shutting down plugin 'binlog'
2024-11-25T19:48:16.138429Z 0 [Note] D:\Web III\UwAmp\bin\database\mysql-5.7.11\bin\mysqld.exe: Shutdown complete

2024-12-02T16:59:38.186117Z 0 [Warning] TIMESTAMP with implicit DEFAULT value is deprecated. Please use --explicit_defaults_for_timestamp server option (see documentation for more details).
2024-12-02T16:59:38.186117Z 0 [Warning] 'NO_ZERO_DATE', 'NO_ZERO_IN_DATE' and 'ERROR_FOR_DIVISION_BY_ZERO' sql modes should be used with strict mode. They will be merged with strict mode in a future release.
2024-12-02T16:59:38.186117Z 0 [Warning] 'NO_AUTO_CREATE_USER' sql mode was not set.
2024-12-02T16:59:38.186117Z 0 [Warning] Insecure configuration for --secure-file-priv: Current value does not restrict location of generated files. Consider setting it to a valid, non-empty path.
2024-12-02T16:59:38.187109Z 0 [ERROR] Cannot open Windows EventLog; check privileges, or start server with --log_syslog=0
2024-12-02T16:59:38.187109Z 0 [Note] D:\Web III\UwAmp\bin\database\mysql-5.7.11\bin\mysqld.exe (mysqld 5.7.11) starting as process 16576 ...
2024-12-02T16:59:38.285732Z 0 [ERROR] Can't open shared library 'D:\Web III\UwAmp\bin\database\mysql-5.7.11\lib\plugin\keyring_file.dll' (errno: 126 Le module spécifié est introuvable.)
2024-12-02T16:59:38.286731Z 0 [ERROR] Couldn't load plugin named 'keyring_file' with soname 'keyring_file.dll'.
2024-12-02T16:59:38.288721Z 0 [Note] InnoDB: Mutexes and rw_locks use Windows interlocked functions
2024-12-02T16:59:38.289717Z 0 [Note] InnoDB: Uses event mutexes
2024-12-02T16:59:38.289717Z 0 [Note] InnoDB: Memory barrier is not used
2024-12-02T16:59:38.290713Z 0 [Note] InnoDB: Compressed tables use zlib 1.2.3
2024-12-02T16:59:38.291710Z 0 [Note] InnoDB: Number of pools: 1
2024-12-02T16:59:38.291710Z 0 [Note] InnoDB: Not using CPU crc32 instructions
2024-12-02T16:59:38.340701Z 0 [Note] InnoDB: Initializing buffer pool, total size = 128M, instances = 1, chunk size = 128M
2024-12-02T16:59:38.347194Z 0 [Note] InnoDB: Completed initialization of buffer pool
2024-12-02T16:59:38.499739Z 0 [Note] InnoDB: Highest supported file format is Barracuda.
2024-12-02T16:59:40.429393Z 0 [Note] InnoDB: Creating shared tablespace for temporary tables
2024-12-02T16:59:40.430392Z 0 [Note] InnoDB: Setting file '.\ibtmp1' size to 12 MB. Physically writing the file full; Please wait ...
2024-12-02T16:59:49.892946Z 0 [Note] InnoDB: File '.\ibtmp1' size is now 12 MB.
2024-12-02T16:59:49.913334Z 0 [Note] InnoDB: 96 redo rollback segment(s) found. 96 redo rollback segment(s) are active.
2024-12-02T16:59:49.914331Z 0 [Note] InnoDB: 32 non-redo rollback segment(s) are active.
2024-12-02T16:59:49.915296Z 0 [Note] InnoDB: Waiting for purge to start
2024-12-02T16:59:49.971572Z 0 [Note] InnoDB: page_cleaner: 1000ms intended loop took 11622ms. The settings might not be optimal. (flushed=0 and evicted=0, during the time.)
2024-12-02T16:59:49.972576Z 0 [Note] InnoDB: 5.7.11 started; log sequence number 5570703
2024-12-02T16:59:49.973566Z 0 [Note] InnoDB: Loading buffer pool(s) from D:\Web III\UwAmp\bin\database\mysql-5.7.11\data\ib_buffer_pool
2024-12-02T16:59:49.973566Z 0 [Note] Plugin 'FEDERATED' is disabled.
2024-12-02T16:59:53.141103Z 0 [Warning] Failed to set up SSL because of the following SSL library error: SSL context is not usable without certificate and private key
2024-12-02T16:59:53.144094Z 0 [Note] Server hostname (bind-address): '*'; port: 3306
2024-12-02T16:59:53.145091Z 0 [Note] IPv6 is available.
2024-12-02T16:59:53.146088Z 0 [Note]   - '::' resolves to '::';
2024-12-02T16:59:53.146088Z 0 [Note] Server socket created on IP: '::'.
2024-12-02T16:59:54.145874Z 0 [Note] InnoDB: Buffer pool(s) load completed at 241202 11:59:54
2024-12-02T16:59:54.352292Z 0 [Note] Event Scheduler: Loaded 0 events
2024-12-02T16:59:54.353282Z 0 [Note] D:\Web III\UwAmp\bin\database\mysql-5.7.11\bin\mysqld.exe: ready for connections.
Version: '5.7.11'  socket: ''  port: 3306  MySQL Community Server (GPL)
2024-12-02T18:20:47.597617Z 0 [Note] InnoDB: page_cleaner: 1000ms intended loop took 12294ms. The settings might not be optimal. (flushed=104 and evicted=0, during the time.)
2024-12-02T18:23:16.244912Z 0 [Note] InnoDB: page_cleaner: 1000ms intended loop took 19030ms. The settings might not be optimal. (flushed=160 and evicted=0, during the time.)
2024-12-02T18:27:04.788029Z 0 [Note] InnoDB: page_cleaner: 1000ms intended loop took 16886ms. The settings might not be optimal. (flushed=201 and evicted=0, during the time.)
2024-12-02T18:31:26.401665Z 0 [Note] D:\Web III\UwAmp\bin\database\mysql-5.7.11\bin\mysqld.exe: Normal shutdown

2024-12-02T18:31:26.402666Z 0 [Note] Giving 0 client threads a chance to die gracefully
2024-12-02T18:31:26.403671Z 0 [Note] Shutting down slave threads
2024-12-02T18:31:26.403671Z 0 [Note] Forcefully disconnecting 0 remaining clients
2024-12-02T18:31:26.404671Z 0 [Note] Event Scheduler: Purging the queue. 0 events
2024-12-02T18:31:26.406659Z 0 [Note] Binlog end
2024-12-02T18:31:27.190776Z 0 [Note] Shutting down plugin 'ngram'
2024-12-02T18:31:27.191737Z 0 [Note] Shutting down plugin 'partition'
2024-12-02T18:31:27.191737Z 0 [Note] Shutting down plugin 'BLACKHOLE'
2024-12-02T18:31:27.192737Z 0 [Note] Shutting down plugin 'ARCHIVE'
2024-12-02T18:31:27.192737Z 0 [Note] Shutting down plugin 'PERFORMANCE_SCHEMA'
2024-12-02T18:31:27.193735Z 0 [Note] Shutting down plugin 'MRG_MYISAM'
2024-12-02T18:31:27.193735Z 0 [Note] Shutting down plugin 'MyISAM'
2024-12-02T18:31:27.194735Z 0 [Note] Shutting down plugin 'INNODB_SYS_VIRTUAL'
2024-12-02T18:31:27.194735Z 0 [Note] Shutting down plugin 'INNODB_SYS_DATAFILES'
2024-12-02T18:31:27.195735Z 0 [Note] Shutting down plugin 'INNODB_SYS_TABLESPACES'
2024-12-02T18:31:27.195735Z 0 [Note] Shutting down plugin 'INNODB_SYS_FOREIGN_COLS'
2024-12-02T18:31:27.196735Z 0 [Note] Shutting down plugin 'INNODB_SYS_FOREIGN'
2024-12-02T18:31:27.196735Z 0 [Note] Shutting down plugin 'INNODB_SYS_FIELDS'
2024-12-02T18:31:27.197735Z 0 [Note] Shutting down plugin 'INNODB_SYS_COLUMNS'
2024-12-02T18:31:27.198735Z 0 [Note] Shutting down plugin 'INNODB_SYS_INDEXES'
2024-12-02T18:31:27.198971Z 0 [Note] Shutting down plugin 'INNODB_SYS_TABLESTATS'
2024-12-02T18:31:27.198971Z 0 [Note] Shutting down plugin 'INNODB_SYS_TABLES'
2024-12-02T18:31:27.200010Z 0 [Note] Shutting down plugin 'INNODB_FT_INDEX_TABLE'
2024-12-02T18:31:27.200010Z 0 [Note] Shutting down plugin 'INNODB_FT_INDEX_CACHE'
2024-12-02T18:31:27.201009Z 0 [Note] Shutting down plugin 'INNODB_FT_CONFIG'
2024-12-02T18:31:27.201009Z 0 [Note] Shutting down plugin 'INNODB_FT_BEING_DELETED'
2024-12-02T18:31:27.202232Z 0 [Note] Shutting down plugin 'INNODB_FT_DELETED'
2024-12-02T18:31:27.202232Z 0 [Note] Shutting down plugin 'INNODB_FT_DEFAULT_STOPWORD'
2024-12-02T18:31:27.203202Z 0 [Note] Shutting down plugin 'INNODB_METRICS'
2024-12-02T18:31:27.203202Z 0 [Note] Shutting down plugin 'INNODB_TEMP_TABLE_INFO'
2024-12-02T18:31:27.204193Z 0 [Note] Shutting down plugin 'INNODB_BUFFER_POOL_STATS'
2024-12-02T18:31:27.205241Z 0 [Note] Shutting down plugin 'INNODB_BUFFER_PAGE_LRU'
2024-12-02T18:31:27.205241Z 0 [Note] Shutting down plugin 'INNODB_BUFFER_PAGE'
2024-12-02T18:31:27.206238Z 0 [Note] Shutting down plugin 'INNODB_CMP_PER_INDEX_RESET'
2024-12-02T18:31:27.206238Z 0 [Note] Shutting down plugin 'INNODB_CMP_PER_INDEX'
2024-12-02T18:31:27.207327Z 0 [Note] Shutting down plugin 'INNODB_CMPMEM_RESET'
2024-12-02T18:31:27.207501Z 0 [Note] Shutting down plugin 'INNODB_CMPMEM'
2024-12-02T18:31:27.207501Z 0 [Note] Shutting down plugin 'INNODB_CMP_RESET'
2024-12-02T18:31:27.208541Z 0 [Note] Shutting down plugin 'INNODB_CMP'
2024-12-02T18:31:27.208541Z 0 [Note] Shutting down plugin 'INNODB_LOCK_WAITS'
2024-12-02T18:31:27.209546Z 0 [Note] Shutting down plugin 'INNODB_LOCKS'
2024-12-02T18:31:27.209546Z 0 [Note] Shutting down plugin 'INNODB_TRX'
2024-12-02T18:31:27.210541Z 0 [Note] Shutting down plugin 'InnoDB'
2024-12-02T18:31:27.210541Z 0 [Note] InnoDB: FTS optimize thread exiting.
2024-12-02T18:31:27.211508Z 0 [Note] InnoDB: Starting shutdown...
2024-12-02T18:31:27.325797Z 0 [Note] InnoDB: Dumping buffer pool(s) to D:\Web III\UwAmp\bin\database\mysql-5.7.11\data\ib_buffer_pool
2024-12-02T18:31:27.342332Z 0 [Note] InnoDB: Buffer pool(s) dump completed at 241202 13:31:27
2024-12-02T18:31:28.242196Z 0 [Note] InnoDB: Shutdown completed; log sequence number 6043504
2024-12-02T18:31:28.247067Z 0 [Note] InnoDB: Removed temporary tablespace data file: "ibtmp1"
2024-12-02T18:31:28.248022Z 0 [Note] Shutting down plugin 'MEMORY'
2024-12-02T18:31:28.248022Z 0 [Note] Shutting down plugin 'CSV'
2024-12-02T18:31:28.249063Z 0 [Note] Shutting down plugin 'sha256_password'
2024-12-02T18:31:28.249063Z 0 [Note] Shutting down plugin 'mysql_native_password'
2024-12-02T18:31:28.250066Z 0 [Note] Shutting down plugin 'binlog'
2024-12-02T18:31:28.262071Z 0 [Note] D:\Web III\UwAmp\bin\database\mysql-5.7.11\bin\mysqld.exe: Shutdown complete

2024-12-02T18:31:35.677042Z 0 [Warning] TIMESTAMP with implicit DEFAULT value is deprecated. Please use --explicit_defaults_for_timestamp server option (see documentation for more details).
2024-12-02T18:31:35.677042Z 0 [Warning] 'NO_ZERO_DATE', 'NO_ZERO_IN_DATE' and 'ERROR_FOR_DIVISION_BY_ZERO' sql modes should be used with strict mode. They will be merged with strict mode in a future release.
2024-12-02T18:31:35.677042Z 0 [Warning] 'NO_AUTO_CREATE_USER' sql mode was not set.
2024-12-02T18:31:35.677042Z 0 [Warning] Insecure configuration for --secure-file-priv: Current value does not restrict location of generated files. Consider setting it to a valid, non-empty path.
2024-12-02T18:31:35.677042Z 0 [ERROR] Cannot open Windows EventLog; check privileges, or start server with --log_syslog=0
2024-12-02T18:31:35.677042Z 0 [Note] D:\Web III\UwAmp\bin\database\mysql-5.7.11\bin\mysqld.exe (mysqld 5.7.11) starting as process 15088 ...
2024-12-02T18:31:36.395060Z 0 [ERROR] Can't open shared library 'D:\Web III\UwAmp\bin\database\mysql-5.7.11\lib\plugin\keyring_file.dll' (errno: 126 Le module spécifié est introuvable.)
2024-12-02T18:31:36.397252Z 0 [ERROR] Couldn't load plugin named 'keyring_file' with soname 'keyring_file.dll'.
2024-12-02T18:31:36.398253Z 0 [Note] InnoDB: Mutexes and rw_locks use Windows interlocked functions
2024-12-02T18:31:36.398253Z 0 [Note] InnoDB: Uses event mutexes
2024-12-02T18:31:36.399259Z 0 [Note] InnoDB: Memory barrier is not used
2024-12-02T18:31:36.399259Z 0 [Note] InnoDB: Compressed tables use zlib 1.2.3
2024-12-02T18:31:36.400290Z 0 [Note] InnoDB: Number of pools: 1
2024-12-02T18:31:36.401290Z 0 [Note] InnoDB: Not using CPU crc32 instructions
2024-12-02T18:31:36.445297Z 0 [Note] InnoDB: Initializing buffer pool, total size = 128M, instances = 1, chunk size = 128M
2024-12-02T18:31:36.451631Z 0 [Note] InnoDB: Completed initialization of buffer pool
2024-12-02T18:31:36.572502Z 0 [Note] InnoDB: Highest supported file format is Barracuda.
2024-12-02T18:31:39.075726Z 0 [Note] InnoDB: Creating shared tablespace for temporary tables
2024-12-02T18:31:39.075726Z 0 [Note] InnoDB: Setting file '.\ibtmp1' size to 12 MB. Physically writing the file full; Please wait ...
2024-12-02T18:31:58.277305Z 0 [Note] InnoDB: File '.\ibtmp1' size is now 12 MB.
2024-12-02T18:32:09.487189Z 0 [Note] InnoDB: 96 redo rollback segment(s) found. 96 redo rollback segment(s) are active.
2024-12-02T18:32:09.488190Z 0 [Note] InnoDB: 32 non-redo rollback segment(s) are active.
2024-12-02T18:32:09.489188Z 0 [Note] InnoDB: Waiting for purge to start
2024-12-02T18:32:09.555528Z 0 [Note] InnoDB: page_cleaner: 1000ms intended loop took 33102ms. The settings might not be optimal. (flushed=0 and evicted=0, during the time.)
2024-12-02T18:32:09.745723Z 0 [Note] InnoDB: 5.7.11 started; log sequence number 6043504
2024-12-02T18:32:09.746730Z 0 [Note] Plugin 'FEDERATED' is disabled.
2024-12-02T18:32:09.746730Z 0 [Note] InnoDB: Loading buffer pool(s) from D:\Web III\UwAmp\bin\database\mysql-5.7.11\data\ib_buffer_pool
2024-12-02T18:32:31.195440Z 0 [Warning] Failed to set up SSL because of the following SSL library error: SSL context is not usable without certificate and private key
2024-12-02T18:32:31.198152Z 0 [Note] Server hostname (bind-address): '*'; port: 3306
2024-12-02T18:32:31.199193Z 0 [Note] IPv6 is available.
2024-12-02T18:32:31.199193Z 0 [Note]   - '::' resolves to '::';
2024-12-02T18:32:31.200191Z 0 [Note] Server socket created on IP: '::'.
2024-12-02T18:32:32.151647Z 0 [Note] Event Scheduler: Loaded 0 events
2024-12-02T18:32:32.152647Z 0 [Note] D:\Web III\UwAmp\bin\database\mysql-5.7.11\bin\mysqld.exe: ready for connections.
Version: '5.7.11'  socket: ''  port: 3306  MySQL Community Server (GPL)
2024-12-02T18:32:32.298209Z 0 [Note] InnoDB: Buffer pool(s) load completed at 241202 13:32:32
2024-12-02T18:35:30.961922Z 0 [Note] InnoDB: page_cleaner: 1000ms intended loop took 5228ms. The settings might not be optimal. (flushed=87 and evicted=0, during the time.)
2024-12-02T18:36:00.041669Z 0 [Note] InnoDB: page_cleaner: 1000ms intended loop took 9952ms. The settings might not be optimal. (flushed=0 and evicted=0, during the time.)
2024-12-02T18:36:21.603684Z 0 [Note] InnoDB: page_cleaner: 1000ms intended loop took 17059ms. The settings might not be optimal. (flushed=21 and evicted=0, during the time.)
2024-12-02T18:36:30.169271Z 0 [Note] InnoDB: page_cleaner: 1000ms intended loop took 5345ms. The settings might not be optimal. (flushed=13 and evicted=0, during the time.)
2024-12-02T18:36:54.449397Z 0 [Note] InnoDB: page_cleaner: 1000ms intended loop took 7800ms. The settings might not be optimal. (flushed=74 and evicted=0, during the time.)
2024-12-02T18:37:14.286374Z 0 [Note] InnoDB: page_cleaner: 1000ms intended loop took 7079ms. The settings might not be optimal. (flushed=90 and evicted=0, during the time.)
2024-12-02T19:11:00.854069Z 0 [Note] InnoDB: page_cleaner: 1000ms intended loop took 13173ms. The settings might not be optimal. (flushed=107 and evicted=0, during the time.)
2024-12-02T19:11:19.008948Z 0 [Note] InnoDB: page_cleaner: 1000ms intended loop took 5790ms. The settings might not be optimal. (flushed=0 and evicted=0, during the time.)
2024-12-02T19:11:31.218014Z 0 [Note] InnoDB: page_cleaner: 1000ms intended loop took 6467ms. The settings might not be optimal. (flushed=11 and evicted=0, during the time.)
2024-12-02T19:11:44.765387Z 0 [Note] InnoDB: page_cleaner: 1000ms intended loop took 4999ms. The settings might not be optimal. (flushed=7 and evicted=0, during the time.)
2024-12-02T19:11:59.366230Z 0 [Note] InnoDB: page_cleaner: 1000ms intended loop took 5437ms. The settings might not be optimal. (flushed=62 and evicted=0, during the time.)
2024-12-02T19:21:17.793599Z 0 [Note] InnoDB: page_cleaner: 1000ms intended loop took 4646ms. The settings might not be optimal. (flushed=0 and evicted=0, during the time.)
2024-12-02T19:21:27.347403Z 0 [Note] InnoDB: page_cleaner: 1000ms intended loop took 5916ms. The settings might not be optimal. (flushed=4 and evicted=0, during the time.)
2024-12-02T19:21:39.076891Z 0 [Note] InnoDB: page_cleaner: 1000ms intended loop took 8717ms. The settings might not be optimal. (flushed=7 and evicted=0, during the time.)
2024-12-02T19:50:57.064535Z 0 [Note] D:\Web III\UwAmp\bin\database\mysql-5.7.11\bin\mysqld.exe: Normal shutdown

2024-12-02T19:50:57.064535Z 0 [Note] Giving 0 client threads a chance to die gracefully
2024-12-02T19:50:57.064535Z 0 [Note] Shutting down slave threads
2024-12-02T19:50:57.064535Z 0 [Note] Forcefully disconnecting 0 remaining clients
2024-12-02T19:50:57.064535Z 0 [Note] Event Scheduler: Purging the queue. 0 events
2024-12-02T19:50:57.064535Z 0 [Note] Binlog end
2024-12-02T19:50:57.117213Z 0 [Note] Shutting down plugin 'ngram'
2024-12-02T19:50:57.117213Z 0 [Note] Shutting down plugin 'partition'
2024-12-02T19:50:57.117213Z 0 [Note] Shutting down plugin 'BLACKHOLE'
2024-12-02T19:50:57.117213Z 0 [Note] Shutting down plugin 'ARCHIVE'
2024-12-02T19:50:57.117213Z 0 [Note] Shutting down plugin 'PERFORMANCE_SCHEMA'
2024-12-02T19:50:57.117213Z 0 [Note] Shutting down plugin 'MRG_MYISAM'
2024-12-02T19:50:57.117213Z 0 [Note] Shutting down plugin 'MyISAM'
2024-12-02T19:50:57.117213Z 0 [Note] Shutting down plugin 'INNODB_SYS_VIRTUAL'
2024-12-02T19:50:57.117213Z 0 [Note] Shutting down plugin 'INNODB_SYS_DATAFILES'
2024-12-02T19:50:57.117213Z 0 [Note] Shutting down plugin 'INNODB_SYS_TABLESPACES'
2024-12-02T19:50:57.117213Z 0 [Note] Shutting down plugin 'INNODB_SYS_FOREIGN_COLS'
2024-12-02T19:50:57.117213Z 0 [Note] Shutting down plugin 'INNODB_SYS_FOREIGN'
2024-12-02T19:50:57.117213Z 0 [Note] Shutting down plugin 'INNODB_SYS_FIELDS'
2024-12-02T19:50:57.117213Z 0 [Note] Shutting down plugin 'INNODB_SYS_COLUMNS'
2024-12-02T19:50:57.128261Z 0 [Note] Shutting down plugin 'INNODB_SYS_INDEXES'
2024-12-02T19:50:57.128261Z 0 [Note] Shutting down plugin 'INNODB_SYS_TABLESTATS'
2024-12-02T19:50:57.128261Z 0 [Note] Shutting down plugin 'INNODB_SYS_TABLES'
2024-12-02T19:50:57.128261Z 0 [Note] Shutting down plugin 'INNODB_FT_INDEX_TABLE'
2024-12-02T19:50:57.128261Z 0 [Note] Shutting down plugin 'INNODB_FT_INDEX_CACHE'
2024-12-02T19:50:57.128261Z 0 [Note] Shutting down plugin 'INNODB_FT_CONFIG'
2024-12-02T19:50:57.128261Z 0 [Note] Shutting down plugin 'INNODB_FT_BEING_DELETED'
2024-12-02T19:50:57.128261Z 0 [Note] Shutting down plugin 'INNODB_FT_DELETED'
2024-12-02T19:50:57.128261Z 0 [Note] Shutting down plugin 'INNODB_FT_DEFAULT_STOPWORD'
2024-12-02T19:50:57.128261Z 0 [Note] Shutting down plugin 'INNODB_METRICS'
2024-12-02T19:50:57.128261Z 0 [Note] Shutting down plugin 'INNODB_TEMP_TABLE_INFO'
2024-12-02T19:50:57.128261Z 0 [Note] Shutting down plugin 'INNODB_BUFFER_POOL_STATS'
2024-12-02T19:50:57.128261Z 0 [Note] Shutting down plugin 'INNODB_BUFFER_PAGE_LRU'
2024-12-02T19:50:57.128261Z 0 [Note] Shutting down plugin 'INNODB_BUFFER_PAGE'
2024-12-02T19:50:57.128261Z 0 [Note] Shutting down plugin 'INNODB_CMP_PER_INDEX_RESET'
2024-12-02T19:50:57.128261Z 0 [Note] Shutting down plugin 'INNODB_CMP_PER_INDEX'
2024-12-02T19:50:57.128261Z 0 [Note] Shutting down plugin 'INNODB_CMPMEM_RESET'
2024-12-02T19:50:57.128261Z 0 [Note] Shutting down plugin 'INNODB_CMPMEM'
2024-12-02T19:50:57.128261Z 0 [Note] Shutting down plugin 'INNODB_CMP_RESET'
2024-12-02T19:50:57.128261Z 0 [Note] Shutting down plugin 'INNODB_CMP'
2024-12-02T19:50:57.128261Z 0 [Note] Shutting down plugin 'INNODB_LOCK_WAITS'
2024-12-02T19:50:57.128261Z 0 [Note] Shutting down plugin 'INNODB_LOCKS'
2024-12-02T19:50:57.128261Z 0 [Note] Shutting down plugin 'INNODB_TRX'
2024-12-02T19:50:57.128261Z 0 [Note] Shutting down plugin 'InnoDB'
2024-12-02T19:50:57.128261Z 0 [Note] InnoDB: FTS optimize thread exiting.
2024-12-02T19:50:57.128261Z 0 [Note] InnoDB: Starting shutdown...
2024-12-02T19:50:57.242923Z 0 [Note] InnoDB: Dumping buffer pool(s) to D:\Web III\UwAmp\bin\database\mysql-5.7.11\data\ib_buffer_pool
2024-12-02T19:50:58.000842Z 0 [Note] InnoDB: Buffer pool(s) dump completed at 241202 14:50:58
2024-12-02T19:50:58.547214Z 0 [Note] InnoDB: Shutdown completed; log sequence number 6508262
2024-12-02T19:50:58.563529Z 0 [Note] InnoDB: Removed temporary tablespace data file: "ibtmp1"
2024-12-02T19:50:58.563529Z 0 [Note] Shutting down plugin 'MEMORY'
2024-12-02T19:50:58.563529Z 0 [Note] Shutting down plugin 'CSV'
2024-12-02T19:50:58.563529Z 0 [Note] Shutting down plugin 'sha256_password'
2024-12-02T19:50:58.563529Z 0 [Note] Shutting down plugin 'mysql_native_password'
2024-12-02T19:50:58.563529Z 0 [Note] Shutting down plugin 'binlog'
2024-12-02T19:50:58.563529Z 0 [Note] D:\Web III\UwAmp\bin\database\mysql-5.7.11\bin\mysqld.exe: Shutdown complete

2024-12-09T17:21:41.622647Z 0 [Warning] TIMESTAMP with implicit DEFAULT value is deprecated. Please use --explicit_defaults_for_timestamp server option (see documentation for more details).
2024-12-09T17:21:41.622647Z 0 [Warning] 'NO_ZERO_DATE', 'NO_ZERO_IN_DATE' and 'ERROR_FOR_DIVISION_BY_ZERO' sql modes should be used with strict mode. They will be merged with strict mode in a future release.
2024-12-09T17:21:41.622647Z 0 [Warning] 'NO_AUTO_CREATE_USER' sql mode was not set.
2024-12-09T17:21:41.622647Z 0 [Warning] Insecure configuration for --secure-file-priv: Current value does not restrict location of generated files. Consider setting it to a valid, non-empty path.
2024-12-09T17:21:41.622647Z 0 [ERROR] Cannot open Windows EventLog; check privileges, or start server with --log_syslog=0
2024-12-09T17:21:41.622647Z 0 [Note] D:\Web III\UwAmp\bin\database\mysql-5.7.11\bin\mysqld.exe (mysqld 5.7.11) starting as process 17108 ...
2024-12-09T17:21:41.746834Z 0 [ERROR] Can't open shared library 'D:\Web III\UwAmp\bin\database\mysql-5.7.11\lib\plugin\keyring_file.dll' (errno: 126 Le module spécifié est introuvable.)
2024-12-09T17:21:41.748800Z 0 [ERROR] Couldn't load plugin named 'keyring_file' with soname 'keyring_file.dll'.
2024-12-09T17:21:41.749792Z 0 [Note] InnoDB: Mutexes and rw_locks use Windows interlocked functions
2024-12-09T17:21:41.749792Z 0 [Note] InnoDB: Uses event mutexes
2024-12-09T17:21:41.750799Z 0 [Note] InnoDB: Memory barrier is not used
2024-12-09T17:21:41.750799Z 0 [Note] InnoDB: Compressed tables use zlib 1.2.3
2024-12-09T17:21:41.752341Z 0 [Note] InnoDB: Number of pools: 1
2024-12-09T17:21:41.752341Z 0 [Note] InnoDB: Not using CPU crc32 instructions
2024-12-09T17:21:41.796853Z 0 [Note] InnoDB: Initializing buffer pool, total size = 128M, instances = 1, chunk size = 128M
2024-12-09T17:21:41.803852Z 0 [Note] InnoDB: Completed initialization of buffer pool
2024-12-09T17:21:41.928208Z 0 [Note] InnoDB: Highest supported file format is Barracuda.
2024-12-09T17:21:44.374206Z 0 [Note] InnoDB: Creating shared tablespace for temporary tables
2024-12-09T17:21:44.374206Z 0 [Note] InnoDB: Setting file '.\ibtmp1' size to 12 MB. Physically writing the file full; Please wait ...
2024-12-09T17:22:30.843141Z 0 [Note] InnoDB: File '.\ibtmp1' size is now 12 MB.
2024-12-09T17:22:30.884773Z 0 [Note] InnoDB: 96 redo rollback segment(s) found. 96 redo rollback segment(s) are active.
2024-12-09T17:22:30.884773Z 0 [Note] InnoDB: 32 non-redo rollback segment(s) are active.
2024-12-09T17:22:30.885811Z 0 [Note] InnoDB: Waiting for purge to start
2024-12-09T17:22:30.951053Z 0 [Note] InnoDB: page_cleaner: 1000ms intended loop took 49147ms. The settings might not be optimal. (flushed=0 and evicted=0, during the time.)
2024-12-09T17:22:30.959313Z 0 [Note] InnoDB: 5.7.11 started; log sequence number 6855904
2024-12-09T17:22:30.959987Z 0 [Note] InnoDB: Loading buffer pool(s) from D:\Web III\UwAmp\bin\database\mysql-5.7.11\data\ib_buffer_pool
2024-12-09T17:22:30.959987Z 0 [Note] Plugin 'FEDERATED' is disabled.
2024-12-09T17:22:51.485083Z 0 [Warning] Failed to set up SSL because of the following SSL library error: SSL context is not usable without certificate and private key
2024-12-09T17:22:51.488129Z 0 [Note] Server hostname (bind-address): '*'; port: 3306
2024-12-09T17:22:51.489122Z 0 [Note] IPv6 is available.
2024-12-09T17:22:51.489122Z 0 [Note]   - '::' resolves to '::';
2024-12-09T17:22:51.489122Z 0 [Note] Server socket created on IP: '::'.
2024-12-09T17:22:54.732520Z 0 [Note] InnoDB: Buffer pool(s) load completed at 241209 12:22:54
2024-12-09T17:22:55.445521Z 0 [Note] Event Scheduler: Loaded 0 events
2024-12-09T17:22:55.445521Z 0 [Note] D:\Web III\UwAmp\bin\database\mysql-5.7.11\bin\mysqld.exe: ready for connections.
Version: '5.7.11'  socket: ''  port: 3306  MySQL Community Server (GPL)
2024-12-09T19:50:06.315731Z 0 [Note] D:\Web III\UwAmp\bin\database\mysql-5.7.11\bin\mysqld.exe: Normal shutdown

2024-12-09T19:50:06.315731Z 0 [Note] Giving 0 client threads a chance to die gracefully
2024-12-09T19:50:06.315731Z 0 [Note] Shutting down slave threads
2024-12-09T19:50:06.315731Z 0 [Note] Forcefully disconnecting 0 remaining clients
2024-12-09T19:50:06.331358Z 0 [Note] Event Scheduler: Purging the queue. 0 events
2024-12-09T19:50:06.331358Z 0 [Note] Binlog end
2024-12-09T19:50:06.367979Z 0 [Note] Shutting down plugin 'ngram'
2024-12-09T19:50:06.367979Z 0 [Note] Shutting down plugin 'partition'
2024-12-09T19:50:06.369011Z 0 [Note] Shutting down plugin 'BLACKHOLE'
2024-12-09T19:50:06.369011Z 0 [Note] Shutting down plugin 'ARCHIVE'
2024-12-09T19:50:06.370009Z 0 [Note] Shutting down plugin 'PERFORMANCE_SCHEMA'
2024-12-09T19:50:06.370009Z 0 [Note] Shutting down plugin 'MRG_MYISAM'
2024-12-09T19:50:06.371009Z 0 [Note] Shutting down plugin 'MyISAM'
2024-12-09T19:50:06.371009Z 0 [Note] Shutting down plugin 'INNODB_SYS_VIRTUAL'
2024-12-09T19:50:06.372011Z 0 [Note] Shutting down plugin 'INNODB_SYS_DATAFILES'
2024-12-09T19:50:06.372011Z 0 [Note] Shutting down plugin 'INNODB_SYS_TABLESPACES'
2024-12-09T19:50:06.373009Z 0 [Note] Shutting down plugin 'INNODB_SYS_FOREIGN_COLS'
2024-12-09T19:50:06.373009Z 0 [Note] Shutting down plugin 'INNODB_SYS_FOREIGN'
2024-12-09T19:50:06.374009Z 0 [Note] Shutting down plugin 'INNODB_SYS_FIELDS'
2024-12-09T19:50:06.374009Z 0 [Note] Shutting down plugin 'INNODB_SYS_COLUMNS'
2024-12-09T19:50:06.375009Z 0 [Note] Shutting down plugin 'INNODB_SYS_INDEXES'
2024-12-09T19:50:06.376010Z 0 [Note] Shutting down plugin 'INNODB_SYS_TABLESTATS'
2024-12-09T19:50:06.376010Z 0 [Note] Shutting down plugin 'INNODB_SYS_TABLES'
2024-12-09T19:50:06.377011Z 0 [Note] Shutting down plugin 'INNODB_FT_INDEX_TABLE'
2024-12-09T19:50:06.377011Z 0 [Note] Shutting down plugin 'INNODB_FT_INDEX_CACHE'
2024-12-09T19:50:06.378011Z 0 [Note] Shutting down plugin 'INNODB_FT_CONFIG'
2024-12-09T19:50:06.378011Z 0 [Note] Shutting down plugin 'INNODB_FT_BEING_DELETED'
2024-12-09T19:50:06.379018Z 0 [Note] Shutting down plugin 'INNODB_FT_DELETED'
2024-12-09T19:50:06.379018Z 0 [Note] Shutting down plugin 'INNODB_FT_DEFAULT_STOPWORD'
2024-12-09T19:50:06.380049Z 0 [Note] Shutting down plugin 'INNODB_METRICS'
2024-12-09T19:50:06.380049Z 0 [Note] Shutting down plugin 'INNODB_TEMP_TABLE_INFO'
2024-12-09T19:50:06.381010Z 0 [Note] Shutting down plugin 'INNODB_BUFFER_POOL_STATS'
2024-12-09T19:50:06.382009Z 0 [Note] Shutting down plugin 'INNODB_BUFFER_PAGE_LRU'
2024-12-09T19:50:06.382009Z 0 [Note] Shutting down plugin 'INNODB_BUFFER_PAGE'
2024-12-09T19:50:06.383010Z 0 [Note] Shutting down plugin 'INNODB_CMP_PER_INDEX_RESET'
2024-12-09T19:50:06.383010Z 0 [Note] Shutting down plugin 'INNODB_CMP_PER_INDEX'
2024-12-09T19:50:06.384010Z 0 [Note] Shutting down plugin 'INNODB_CMPMEM_RESET'
2024-12-09T19:50:06.384010Z 0 [Note] Shutting down plugin 'INNODB_CMPMEM'
2024-12-09T19:50:06.385170Z 0 [Note] Shutting down plugin 'INNODB_CMP_RESET'
2024-12-09T19:50:06.385290Z 0 [Note] Shutting down plugin 'INNODB_CMP'
2024-12-09T19:50:06.385290Z 0 [Note] Shutting down plugin 'INNODB_LOCK_WAITS'
2024-12-09T19:50:06.386352Z 0 [Note] Shutting down plugin 'INNODB_LOCKS'
2024-12-09T19:50:06.386352Z 0 [Note] Shutting down plugin 'INNODB_TRX'
2024-12-09T19:50:06.387362Z 0 [Note] Shutting down plugin 'InnoDB'
2024-12-09T19:50:06.387362Z 0 [Note] InnoDB: FTS optimize thread exiting.
2024-12-09T19:50:06.388353Z 0 [Note] InnoDB: Starting shutdown...
2024-12-09T19:50:06.495760Z 0 [Note] InnoDB: Dumping buffer pool(s) to D:\Web III\UwAmp\bin\database\mysql-5.7.11\data\ib_buffer_pool
2024-12-09T19:50:06.512487Z 0 [Note] InnoDB: Buffer pool(s) dump completed at 241209 14:50:06
2024-12-09T19:50:12.216353Z 0 [Note] InnoDB: Shutdown completed; log sequence number 6877551
2024-12-09T19:50:12.216353Z 0 [Note] InnoDB: Removed temporary tablespace data file: "ibtmp1"
2024-12-09T19:50:12.216353Z 0 [Note] Shutting down plugin 'MEMORY'
2024-12-09T19:50:12.216353Z 0 [Note] Shutting down plugin 'CSV'
2024-12-09T19:50:12.216353Z 0 [Note] Shutting down plugin 'sha256_password'
2024-12-09T19:50:12.216353Z 0 [Note] Shutting down plugin 'mysql_native_password'
2024-12-09T19:50:12.216353Z 0 [Note] Shutting down plugin 'binlog'
2024-12-09T19:50:12.230624Z 0 [Note] D:\Web III\UwAmp\bin\database\mysql-5.7.11\bin\mysqld.exe: Shutdown complete

