2024-10-22T19:07:46.421033Z 0 [Warning] TIMESTAMP with implicit DEFAULT value is deprecated. Please use --explicit_defaults_for_timestamp server option (see documentation for more details).
2024-10-22T19:07:46.421033Z 0 [Warning] 'NO_ZERO_DATE', 'NO_ZERO_IN_DATE' and 'ERROR_FOR_DIVISION_BY_ZERO' sql modes should be used with strict mode. They will be merged with strict mode in a future release.
2024-10-22T19:07:46.421033Z 0 [Warning] 'NO_AUTO_CREATE_USER' sql mode was not set.
2024-10-22T19:07:46.421033Z 0 [Warning] Insecure configuration for --secure-file-priv: Current value does not restrict location of generated files. Consider setting it to a valid, non-empty path.
2024-10-22T19:07:46.421033Z 0 [ERROR] Cannot open Windows EventLog; check privileges, or start server with --log_syslog=0
2024-10-22T19:07:46.421033Z 0 [Note] E:\Web III\UwAmp\bin\database\mysql-5.7.11\bin\mysqld.exe (mysqld 5.7.11) starting as process 2384 ...
2024-10-22T19:07:46.619669Z 0 [ERROR] Can't open shared library 'E:\Web III\UwAmp\bin\database\mysql-5.7.11\lib\plugin\keyring_file.dll' (errno: 126 Le module spécifié est introuvable.)
2024-10-22T19:07:46.621632Z 0 [ERROR] Couldn't load plugin named 'keyring_file' with soname 'keyring_file.dll'.
2024-10-22T19:07:46.622665Z 0 [Note] InnoDB: Mutexes and rw_locks use Windows interlocked functions
2024-10-22T19:07:46.623664Z 0 [Note] InnoDB: Uses event mutexes
2024-10-22T19:07:46.624632Z 0 [Note] InnoDB: Memory barrier is not used
2024-10-22T19:07:46.624632Z 0 [Note] InnoDB: Compressed tables use zlib 1.2.3
2024-10-22T19:07:46.626138Z 0 [Note] InnoDB: Number of pools: 1
2024-10-22T19:07:46.626138Z 0 [Note] InnoDB: Not using CPU crc32 instructions
2024-10-22T19:07:46.680174Z 0 [Note] InnoDB: Initializing buffer pool, total size = 128M, instances = 1, chunk size = 128M
2024-10-22T19:07:46.686170Z 0 [Note] InnoDB: Completed initialization of buffer pool
2024-10-22T19:07:46.836491Z 0 [Note] InnoDB: Highest supported file format is Barracuda.
2024-10-22T19:07:47.890159Z 0 [Note] InnoDB: Creating shared tablespace for temporary tables
2024-10-22T19:07:47.894189Z 0 [Note] InnoDB: Setting file '.\ibtmp1' size to 12 MB. Physically writing the file full; Please wait ...
2024-10-22T19:07:48.837224Z 0 [Note] InnoDB: File '.\ibtmp1' size is now 12 MB.
2024-10-22T19:07:48.859299Z 0 [Note] InnoDB: 96 redo rollback segment(s) found. 96 redo rollback segment(s) are active.
2024-10-22T19:07:48.860298Z 0 [Note] InnoDB: 32 non-redo rollback segment(s) are active.
2024-10-22T19:07:48.861300Z 0 [Note] InnoDB: Waiting for purge to start
2024-10-22T19:07:48.928149Z 0 [Note] InnoDB: 5.7.11 started; log sequence number 3002422
2024-10-22T19:07:48.929145Z 0 [Note] InnoDB: Loading buffer pool(s) from E:\Web III\UwAmp\bin\database\mysql-5.7.11\data\ib_buffer_pool
2024-10-22T19:07:48.929145Z 0 [Note] Plugin 'FEDERATED' is disabled.
2024-10-22T19:07:49.115160Z 0 [Warning] Failed to set up SSL because of the following SSL library error: SSL context is not usable without certificate and private key
2024-10-22T19:07:49.119227Z 0 [Note] Server hostname (bind-address): '*'; port: 3306
2024-10-22T19:07:49.120201Z 0 [Note] IPv6 is available.
2024-10-22T19:07:49.121202Z 0 [Note]   - '::' resolves to '::';
2024-10-22T19:07:49.121202Z 0 [Note] Server socket created on IP: '::'.
2024-10-22T19:07:49.237524Z 0 [Note] InnoDB: Buffer pool(s) load completed at 241022 15:07:49
2024-10-22T19:07:49.499438Z 0 [Note] Event Scheduler: Loaded 0 events
2024-10-22T19:07:49.500440Z 0 [Note] E:\Web III\UwAmp\bin\database\mysql-5.7.11\bin\mysqld.exe: ready for connections.
Version: '5.7.11'  socket: ''  port: 3306  MySQL Community Server (GPL)
2024-10-22T21:02:35.949620Z 0 [Note] E:\Web III\UwAmp\bin\database\mysql-5.7.11\bin\mysqld.exe: Normal shutdown

2024-10-22T21:02:35.950626Z 0 [Note] Giving 0 client threads a chance to die gracefully
2024-10-22T21:02:35.952138Z 0 [Note] Shutting down slave threads
2024-10-22T21:02:35.952652Z 0 [Note] Forcefully disconnecting 0 remaining clients
2024-10-22T21:02:35.953660Z 0 [Note] Event Scheduler: Purging the queue. 0 events
2024-10-22T21:02:35.954672Z 0 [Note] Binlog end
2024-10-22T21:02:35.999297Z 0 [Note] Shutting down plugin 'ngram'
2024-10-22T21:02:35.999297Z 0 [Note] Shutting down plugin 'partition'
2024-10-22T21:02:36.000297Z 0 [Note] Shutting down plugin 'BLACKHOLE'
2024-10-22T21:02:36.000297Z 0 [Note] Shutting down plugin 'ARCHIVE'
2024-10-22T21:02:36.001295Z 0 [Note] Shutting down plugin 'PERFORMANCE_SCHEMA'
2024-10-22T21:02:36.001295Z 0 [Note] Shutting down plugin 'MRG_MYISAM'
2024-10-22T21:02:36.002799Z 0 [Note] Shutting down plugin 'MyISAM'
2024-10-22T21:02:36.002799Z 0 [Note] Shutting down plugin 'INNODB_SYS_VIRTUAL'
2024-10-22T21:02:36.003804Z 0 [Note] Shutting down plugin 'INNODB_SYS_DATAFILES'
2024-10-22T21:02:36.003804Z 0 [Note] Shutting down plugin 'INNODB_SYS_TABLESPACES'
2024-10-22T21:02:36.004807Z 0 [Note] Shutting down plugin 'INNODB_SYS_FOREIGN_COLS'
2024-10-22T21:02:36.004807Z 0 [Note] Shutting down plugin 'INNODB_SYS_FOREIGN'
2024-10-22T21:02:36.005807Z 0 [Note] Shutting down plugin 'INNODB_SYS_FIELDS'
2024-10-22T21:02:36.006808Z 0 [Note] Shutting down plugin 'INNODB_SYS_COLUMNS'
2024-10-22T21:02:36.006808Z 0 [Note] Shutting down plugin 'INNODB_SYS_INDEXES'
2024-10-22T21:02:36.007807Z 0 [Note] Shutting down plugin 'INNODB_SYS_TABLESTATS'
2024-10-22T21:02:36.007807Z 0 [Note] Shutting down plugin 'INNODB_SYS_TABLES'
2024-10-22T21:02:36.008807Z 0 [Note] Shutting down plugin 'INNODB_FT_INDEX_TABLE'
2024-10-22T21:02:36.009807Z 0 [Note] Shutting down plugin 'INNODB_FT_INDEX_CACHE'
2024-10-22T21:02:36.009807Z 0 [Note] Shutting down plugin 'INNODB_FT_CONFIG'
2024-10-22T21:02:36.010807Z 0 [Note] Shutting down plugin 'INNODB_FT_BEING_DELETED'
2024-10-22T21:02:36.010807Z 0 [Note] Shutting down plugin 'INNODB_FT_DELETED'
2024-10-22T21:02:36.010807Z 0 [Note] Shutting down plugin 'INNODB_FT_DEFAULT_STOPWORD'
2024-10-22T21:02:36.012310Z 0 [Note] Shutting down plugin 'INNODB_METRICS'
2024-10-22T21:02:36.013316Z 0 [Note] Shutting down plugin 'INNODB_TEMP_TABLE_INFO'
2024-10-22T21:02:36.014321Z 0 [Note] Shutting down plugin 'INNODB_BUFFER_POOL_STATS'
2024-10-22T21:02:36.014321Z 0 [Note] Shutting down plugin 'INNODB_BUFFER_PAGE_LRU'
2024-10-22T21:02:36.015319Z 0 [Note] Shutting down plugin 'INNODB_BUFFER_PAGE'
2024-10-22T21:02:36.015319Z 0 [Note] Shutting down plugin 'INNODB_CMP_PER_INDEX_RESET'
2024-10-22T21:02:36.016319Z 0 [Note] Shutting down plugin 'INNODB_CMP_PER_INDEX'
2024-10-22T21:02:36.017319Z 0 [Note] Shutting down plugin 'INNODB_CMPMEM_RESET'
2024-10-22T21:02:36.017319Z 0 [Note] Shutting down plugin 'INNODB_CMPMEM'
2024-10-22T21:02:36.018319Z 0 [Note] Shutting down plugin 'INNODB_CMP_RESET'
2024-10-22T21:02:36.018319Z 0 [Note] Shutting down plugin 'INNODB_CMP'
2024-10-22T21:02:36.019319Z 0 [Note] Shutting down plugin 'INNODB_LOCK_WAITS'
2024-10-22T21:02:36.019319Z 0 [Note] Shutting down plugin 'INNODB_LOCKS'
2024-10-22T21:02:36.020319Z 0 [Note] Shutting down plugin 'INNODB_TRX'
2024-10-22T21:02:36.020319Z 0 [Note] Shutting down plugin 'InnoDB'
2024-10-22T21:02:36.021319Z 0 [Note] InnoDB: FTS optimize thread exiting.
2024-10-22T21:02:36.022322Z 0 [Note] InnoDB: Starting shutdown...
2024-10-22T21:02:36.127789Z 0 [Note] InnoDB: Dumping buffer pool(s) to E:\Web III\UwAmp\bin\database\mysql-5.7.11\data\ib_buffer_pool
2024-10-22T21:02:36.154437Z 0 [Note] InnoDB: Buffer pool(s) dump completed at 241022 17:02:36
2024-10-22T21:02:37.147900Z 0 [Note] InnoDB: Shutdown completed; log sequence number 3095032
2024-10-22T21:02:37.154469Z 0 [Note] InnoDB: Removed temporary tablespace data file: "ibtmp1"
2024-10-22T21:02:37.155506Z 0 [Note] Shutting down plugin 'MEMORY'
2024-10-22T21:02:37.156508Z 0 [Note] Shutting down plugin 'CSV'
2024-10-22T21:02:37.156508Z 0 [Note] Shutting down plugin 'sha256_password'
2024-10-22T21:02:37.157474Z 0 [Note] Shutting down plugin 'mysql_native_password'
2024-10-22T21:02:37.158500Z 0 [Note] Shutting down plugin 'binlog'
2024-10-22T21:02:37.169506Z 0 [Note] E:\Web III\UwAmp\bin\database\mysql-5.7.11\bin\mysqld.exe: Shutdown complete

2024-10-29T21:07:14.979878Z 0 [Warning] TIMESTAMP with implicit DEFAULT value is deprecated. Please use --explicit_defaults_for_timestamp server option (see documentation for more details).
2024-10-29T21:07:14.979878Z 0 [Warning] 'NO_ZERO_DATE', 'NO_ZERO_IN_DATE' and 'ERROR_FOR_DIVISION_BY_ZERO' sql modes should be used with strict mode. They will be merged with strict mode in a future release.
2024-10-29T21:07:14.979878Z 0 [Warning] 'NO_AUTO_CREATE_USER' sql mode was not set.
2024-10-29T21:07:14.979878Z 0 [Warning] Insecure configuration for --secure-file-priv: Current value does not restrict location of generated files. Consider setting it to a valid, non-empty path.
2024-10-29T21:07:14.979878Z 0 [ERROR] Cannot open Windows EventLog; check privileges, or start server with --log_syslog=0
2024-10-29T21:07:14.979878Z 0 [Note] E:\Web III\UwAmp\bin\database\mysql-5.7.11\bin\mysqld.exe (mysqld 5.7.11) starting as process 12696 ...
2024-10-29T21:07:15.031812Z 0 [ERROR] Can't open shared library 'E:\Web III\UwAmp\bin\database\mysql-5.7.11\lib\plugin\keyring_file.dll' (errno: 126 Le module spécifié est introuvable.)
2024-10-29T21:07:15.033812Z 0 [ERROR] Couldn't load plugin named 'keyring_file' with soname 'keyring_file.dll'.
2024-10-29T21:07:15.035844Z 0 [Note] InnoDB: Mutexes and rw_locks use Windows interlocked functions
2024-10-29T21:07:15.036844Z 0 [Note] InnoDB: Uses event mutexes
2024-10-29T21:07:15.037846Z 0 [Note] InnoDB: Memory barrier is not used
2024-10-29T21:07:15.037846Z 0 [Note] InnoDB: Compressed tables use zlib 1.2.3
2024-10-29T21:07:15.039847Z 0 [Note] InnoDB: Number of pools: 1
2024-10-29T21:07:15.040845Z 0 [Note] InnoDB: Not using CPU crc32 instructions
2024-10-29T21:07:15.089822Z 0 [Note] InnoDB: Initializing buffer pool, total size = 128M, instances = 1, chunk size = 128M
2024-10-29T21:07:15.096797Z 0 [Note] InnoDB: Completed initialization of buffer pool
2024-10-29T21:07:15.221564Z 0 [Note] InnoDB: Highest supported file format is Barracuda.
2024-10-29T21:07:16.346704Z 0 [Note] InnoDB: Creating shared tablespace for temporary tables
2024-10-29T21:07:16.347669Z 0 [Note] InnoDB: Setting file '.\ibtmp1' size to 12 MB. Physically writing the file full; Please wait ...
2024-10-29T21:07:27.612718Z 0 [Note] InnoDB: File '.\ibtmp1' size is now 12 MB.
2024-10-29T21:07:27.644182Z 0 [Note] InnoDB: 96 redo rollback segment(s) found. 96 redo rollback segment(s) are active.
2024-10-29T21:07:27.645700Z 0 [Note] InnoDB: 32 non-redo rollback segment(s) are active.
2024-10-29T21:07:27.646706Z 0 [Note] InnoDB: Waiting for purge to start
2024-10-29T21:07:27.709787Z 0 [Note] InnoDB: page_cleaner: 1000ms intended loop took 12611ms. The settings might not be optimal. (flushed=0 and evicted=0, during the time.)
2024-10-29T21:07:27.710751Z 0 [Note] InnoDB: 5.7.11 started; log sequence number 3360410
2024-10-29T21:07:27.712189Z 0 [Note] Plugin 'FEDERATED' is disabled.
2024-10-29T21:07:27.712189Z 0 [Note] InnoDB: Loading buffer pool(s) from E:\Web III\UwAmp\bin\database\mysql-5.7.11\data\ib_buffer_pool
2024-10-29T21:07:27.946311Z 0 [Warning] Failed to set up SSL because of the following SSL library error: SSL context is not usable without certificate and private key
2024-10-29T21:07:27.946311Z 0 [Note] Server hostname (bind-address): '*'; port: 3306
2024-10-29T21:07:27.946311Z 0 [Note] IPv6 is available.
2024-10-29T21:07:27.946311Z 0 [Note]   - '::' resolves to '::';
2024-10-29T21:07:27.946311Z 0 [Note] Server socket created on IP: '::'.
2024-10-29T21:07:28.059144Z 0 [Note] InnoDB: Buffer pool(s) load completed at 241029 17:07:28
2024-10-29T21:07:28.393709Z 0 [Note] Event Scheduler: Loaded 0 events
2024-10-29T21:07:28.394934Z 0 [Note] E:\Web III\UwAmp\bin\database\mysql-5.7.11\bin\mysqld.exe: ready for connections.
Version: '5.7.11'  socket: ''  port: 3306  MySQL Community Server (GPL)
2024-10-29T21:08:27.071761Z 0 [Note] InnoDB: page_cleaner: 1000ms intended loop took 24192ms. The settings might not be optimal. (flushed=124 and evicted=0, during the time.)
2024-10-29T21:35:22.542437Z 0 [Note] E:\Web III\UwAmp\bin\database\mysql-5.7.11\bin\mysqld.exe: Normal shutdown

2024-10-29T21:35:22.542437Z 0 [Note] Giving 0 client threads a chance to die gracefully
2024-10-29T21:35:22.542437Z 0 [Note] Shutting down slave threads
2024-10-29T21:35:22.542437Z 0 [Note] Forcefully disconnecting 0 remaining clients
2024-10-29T21:35:22.542437Z 0 [Note] Event Scheduler: Purging the queue. 0 events
2024-10-29T21:35:22.542437Z 0 [Note] Binlog end
2024-10-29T21:35:22.579235Z 0 [Note] Shutting down plugin 'ngram'
2024-10-29T21:35:22.579235Z 0 [Note] Shutting down plugin 'partition'
2024-10-29T21:35:22.579235Z 0 [Note] Shutting down plugin 'BLACKHOLE'
2024-10-29T21:35:22.579235Z 0 [Note] Shutting down plugin 'ARCHIVE'
2024-10-29T21:35:22.579235Z 0 [Note] Shutting down plugin 'PERFORMANCE_SCHEMA'
2024-10-29T21:35:22.579235Z 0 [Note] Shutting down plugin 'MRG_MYISAM'
2024-10-29T21:35:22.579235Z 0 [Note] Shutting down plugin 'MyISAM'
2024-10-29T21:35:22.579235Z 0 [Note] Shutting down plugin 'INNODB_SYS_VIRTUAL'
2024-10-29T21:35:22.579235Z 0 [Note] Shutting down plugin 'INNODB_SYS_DATAFILES'
2024-10-29T21:35:22.579235Z 0 [Note] Shutting down plugin 'INNODB_SYS_TABLESPACES'
2024-10-29T21:35:22.579235Z 0 [Note] Shutting down plugin 'INNODB_SYS_FOREIGN_COLS'
2024-10-29T21:35:22.579235Z 0 [Note] Shutting down plugin 'INNODB_SYS_FOREIGN'
2024-10-29T21:35:22.579235Z 0 [Note] Shutting down plugin 'INNODB_SYS_FIELDS'
2024-10-29T21:35:22.579235Z 0 [Note] Shutting down plugin 'INNODB_SYS_COLUMNS'
2024-10-29T21:35:22.579235Z 0 [Note] Shutting down plugin 'INNODB_SYS_INDEXES'
2024-10-29T21:35:22.579235Z 0 [Note] Shutting down plugin 'INNODB_SYS_TABLESTATS'
2024-10-29T21:35:22.579235Z 0 [Note] Shutting down plugin 'INNODB_SYS_TABLES'
2024-10-29T21:35:22.579235Z 0 [Note] Shutting down plugin 'INNODB_FT_INDEX_TABLE'
2024-10-29T21:35:22.579235Z 0 [Note] Shutting down plugin 'INNODB_FT_INDEX_CACHE'
2024-10-29T21:35:22.579235Z 0 [Note] Shutting down plugin 'INNODB_FT_CONFIG'
2024-10-29T21:35:22.579235Z 0 [Note] Shutting down plugin 'INNODB_FT_BEING_DELETED'
2024-10-29T21:35:22.579235Z 0 [Note] Shutting down plugin 'INNODB_FT_DELETED'
2024-10-29T21:35:22.579235Z 0 [Note] Shutting down plugin 'INNODB_FT_DEFAULT_STOPWORD'
2024-10-29T21:35:22.594856Z 0 [Note] Shutting down plugin 'INNODB_METRICS'
2024-10-29T21:35:22.594856Z 0 [Note] Shutting down plugin 'INNODB_TEMP_TABLE_INFO'
2024-10-29T21:35:22.594856Z 0 [Note] Shutting down plugin 'INNODB_BUFFER_POOL_STATS'
2024-10-29T21:35:22.594856Z 0 [Note] Shutting down plugin 'INNODB_BUFFER_PAGE_LRU'
2024-10-29T21:35:22.594856Z 0 [Note] Shutting down plugin 'INNODB_BUFFER_PAGE'
2024-10-29T21:35:22.594856Z 0 [Note] Shutting down plugin 'INNODB_CMP_PER_INDEX_RESET'
2024-10-29T21:35:22.594856Z 0 [Note] Shutting down plugin 'INNODB_CMP_PER_INDEX'
2024-10-29T21:35:22.594856Z 0 [Note] Shutting down plugin 'INNODB_CMPMEM_RESET'
2024-10-29T21:35:22.594856Z 0 [Note] Shutting down plugin 'INNODB_CMPMEM'
2024-10-29T21:35:22.594856Z 0 [Note] Shutting down plugin 'INNODB_CMP_RESET'
2024-10-29T21:35:22.594856Z 0 [Note] Shutting down plugin 'INNODB_CMP'
2024-10-29T21:35:22.594856Z 0 [Note] Shutting down plugin 'INNODB_LOCK_WAITS'
2024-10-29T21:35:22.594856Z 0 [Note] Shutting down plugin 'INNODB_LOCKS'
2024-10-29T21:35:22.594856Z 0 [Note] Shutting down plugin 'INNODB_TRX'
2024-10-29T21:35:22.594856Z 0 [Note] Shutting down plugin 'InnoDB'
2024-10-29T21:35:22.594856Z 0 [Note] InnoDB: FTS optimize thread exiting.
2024-10-29T21:35:22.594856Z 0 [Note] InnoDB: Starting shutdown...
2024-10-29T21:35:22.705560Z 0 [Note] InnoDB: Dumping buffer pool(s) to E:\Web III\UwAmp\bin\database\mysql-5.7.11\data\ib_buffer_pool
2024-10-29T21:35:22.720810Z 0 [Note] InnoDB: Buffer pool(s) dump completed at 241029 17:35:22
2024-10-29T21:35:23.268435Z 0 [Note] InnoDB: Shutdown completed; log sequence number 3523686
2024-10-29T21:35:23.273547Z 0 [Note] InnoDB: Removed temporary tablespace data file: "ibtmp1"
2024-10-29T21:35:23.277083Z 0 [Note] Shutting down plugin 'MEMORY'
2024-10-29T21:35:23.277083Z 0 [Note] Shutting down plugin 'CSV'
2024-10-29T21:35:23.277083Z 0 [Note] Shutting down plugin 'sha256_password'
2024-10-29T21:35:23.277083Z 0 [Note] Shutting down plugin 'mysql_native_password'
2024-10-29T21:35:23.277083Z 0 [Note] Shutting down plugin 'binlog'
2024-10-29T21:35:23.288693Z 0 [Note] E:\Web III\UwAmp\bin\database\mysql-5.7.11\bin\mysqld.exe: Shutdown complete

2024-11-12T21:03:54.880990Z 0 [Warning] TIMESTAMP with implicit DEFAULT value is deprecated. Please use --explicit_defaults_for_timestamp server option (see documentation for more details).
2024-11-12T21:03:54.880990Z 0 [Warning] 'NO_ZERO_DATE', 'NO_ZERO_IN_DATE' and 'ERROR_FOR_DIVISION_BY_ZERO' sql modes should be used with strict mode. They will be merged with strict mode in a future release.
2024-11-12T21:03:54.880990Z 0 [Warning] 'NO_AUTO_CREATE_USER' sql mode was not set.
2024-11-12T21:03:54.880990Z 0 [Warning] Insecure configuration for --secure-file-priv: Current value does not restrict location of generated files. Consider setting it to a valid, non-empty path.
2024-11-12T21:03:54.880990Z 0 [ERROR] Cannot open Windows EventLog; check privileges, or start server with --log_syslog=0
2024-11-12T21:03:54.880990Z 0 [Note] E:\Web III\UwAmp\bin\database\mysql-5.7.11\bin\mysqld.exe (mysqld 5.7.11) starting as process 3020 ...
2024-11-12T21:03:54.942271Z 0 [ERROR] Can't open shared library 'E:\Web III\UwAmp\bin\database\mysql-5.7.11\lib\plugin\keyring_file.dll' (errno: 126 Le module spécifié est introuvable.)
2024-11-12T21:03:54.944270Z 0 [ERROR] Couldn't load plugin named 'keyring_file' with soname 'keyring_file.dll'.
2024-11-12T21:03:54.945239Z 0 [Note] InnoDB: Mutexes and rw_locks use Windows interlocked functions
2024-11-12T21:03:54.946239Z 0 [Note] InnoDB: Uses event mutexes
2024-11-12T21:03:54.946239Z 0 [Note] InnoDB: Memory barrier is not used
2024-11-12T21:03:54.947240Z 0 [Note] InnoDB: Compressed tables use zlib 1.2.3
2024-11-12T21:03:54.948240Z 0 [Note] InnoDB: Number of pools: 1
2024-11-12T21:03:54.948240Z 0 [Note] InnoDB: Not using CPU crc32 instructions
2024-11-12T21:03:54.995246Z 0 [Note] InnoDB: Initializing buffer pool, total size = 128M, instances = 1, chunk size = 128M
2024-11-12T21:03:55.001246Z 0 [Note] InnoDB: Completed initialization of buffer pool
2024-11-12T21:03:55.078818Z 0 [Note] InnoDB: Highest supported file format is Barracuda.
2024-11-12T21:03:56.058869Z 0 [Note] InnoDB: Creating shared tablespace for temporary tables
2024-11-12T21:03:56.059868Z 0 [Note] InnoDB: Setting file '.\ibtmp1' size to 12 MB. Physically writing the file full; Please wait ...
2024-11-12T21:03:59.787810Z 0 [Note] InnoDB: File '.\ibtmp1' size is now 12 MB.
2024-11-12T21:03:59.811336Z 0 [Note] InnoDB: 96 redo rollback segment(s) found. 96 redo rollback segment(s) are active.
2024-11-12T21:03:59.812335Z 0 [Note] InnoDB: 32 non-redo rollback segment(s) are active.
2024-11-12T21:03:59.813336Z 0 [Note] InnoDB: Waiting for purge to start
2024-11-12T21:03:59.870337Z 0 [Note] InnoDB: page_cleaner: 1000ms intended loop took 4867ms. The settings might not be optimal. (flushed=0 and evicted=0, during the time.)
2024-11-12T21:04:00.406747Z 0 [Note] InnoDB: 5.7.11 started; log sequence number 3605297
2024-11-12T21:04:00.407755Z 0 [Note] Plugin 'FEDERATED' is disabled.
2024-11-12T21:04:00.481758Z 0 [Note] InnoDB: Loading buffer pool(s) from E:\Web III\UwAmp\bin\database\mysql-5.7.11\data\ib_buffer_pool
2024-11-12T21:04:03.605439Z 0 [Warning] Failed to set up SSL because of the following SSL library error: SSL context is not usable without certificate and private key
2024-11-12T21:04:03.609946Z 0 [Note] Server hostname (bind-address): '*'; port: 3306
2024-11-12T21:04:03.610953Z 0 [Note] IPv6 is available.
2024-11-12T21:04:03.610953Z 0 [Note]   - '::' resolves to '::';
2024-11-12T21:04:03.611958Z 0 [Note] Server socket created on IP: '::'.
2024-11-12T21:04:03.776211Z 0 [Note] InnoDB: Buffer pool(s) load completed at 241112 16:04:03
2024-11-12T21:04:05.277469Z 0 [Note] Event Scheduler: Loaded 0 events
2024-11-12T21:04:05.278470Z 0 [Note] E:\Web III\UwAmp\bin\database\mysql-5.7.11\bin\mysqld.exe: ready for connections.
Version: '5.7.11'  socket: ''  port: 3306  MySQL Community Server (GPL)
2024-11-12T22:08:18.249998Z 0 [Note] InnoDB: page_cleaner: 1000ms intended loop took 10268ms. The settings might not be optimal. (flushed=156 and evicted=0, during the time.)
2024-11-12T22:44:49.204223Z 0 [Note] E:\Web III\UwAmp\bin\database\mysql-5.7.11\bin\mysqld.exe: Normal shutdown

2024-11-12T22:44:49.219878Z 0 [Note] Giving 0 client threads a chance to die gracefully
2024-11-12T22:44:49.219878Z 0 [Note] Shutting down slave threads
2024-11-12T22:44:49.219878Z 0 [Note] Forcefully disconnecting 0 remaining clients
2024-11-12T22:44:49.219878Z 0 [Note] Event Scheduler: Purging the queue. 0 events
2024-11-12T22:44:49.219878Z 0 [Note] Binlog end
2024-11-12T22:44:49.251533Z 0 [Note] Shutting down plugin 'ngram'
2024-11-12T22:44:49.251533Z 0 [Note] Shutting down plugin 'partition'
2024-11-12T22:44:49.251533Z 0 [Note] Shutting down plugin 'BLACKHOLE'
2024-11-12T22:44:49.251533Z 0 [Note] Shutting down plugin 'ARCHIVE'
2024-11-12T22:44:49.251533Z 0 [Note] Shutting down plugin 'PERFORMANCE_SCHEMA'
2024-11-12T22:44:49.251533Z 0 [Note] Shutting down plugin 'MRG_MYISAM'
2024-11-12T22:44:49.267182Z 0 [Note] Shutting down plugin 'MyISAM'
2024-11-12T22:44:49.267182Z 0 [Note] Shutting down plugin 'INNODB_SYS_VIRTUAL'
2024-11-12T22:44:49.267182Z 0 [Note] Shutting down plugin 'INNODB_SYS_DATAFILES'
2024-11-12T22:44:49.267182Z 0 [Note] Shutting down plugin 'INNODB_SYS_TABLESPACES'
2024-11-12T22:44:49.267182Z 0 [Note] Shutting down plugin 'INNODB_SYS_FOREIGN_COLS'
2024-11-12T22:44:49.267182Z 0 [Note] Shutting down plugin 'INNODB_SYS_FOREIGN'
2024-11-12T22:44:49.267182Z 0 [Note] Shutting down plugin 'INNODB_SYS_FIELDS'
2024-11-12T22:44:49.267182Z 0 [Note] Shutting down plugin 'INNODB_SYS_COLUMNS'
2024-11-12T22:44:49.267182Z 0 [Note] Shutting down plugin 'INNODB_SYS_INDEXES'
2024-11-12T22:44:49.267182Z 0 [Note] Shutting down plugin 'INNODB_SYS_TABLESTATS'
2024-11-12T22:44:49.267182Z 0 [Note] Shutting down plugin 'INNODB_SYS_TABLES'
2024-11-12T22:44:49.267182Z 0 [Note] Shutting down plugin 'INNODB_FT_INDEX_TABLE'
2024-11-12T22:44:49.267182Z 0 [Note] Shutting down plugin 'INNODB_FT_INDEX_CACHE'
2024-11-12T22:44:49.267182Z 0 [Note] Shutting down plugin 'INNODB_FT_CONFIG'
2024-11-12T22:44:49.267182Z 0 [Note] Shutting down plugin 'INNODB_FT_BEING_DELETED'
2024-11-12T22:44:49.267182Z 0 [Note] Shutting down plugin 'INNODB_FT_DELETED'
2024-11-12T22:44:49.267182Z 0 [Note] Shutting down plugin 'INNODB_FT_DEFAULT_STOPWORD'
2024-11-12T22:44:49.267182Z 0 [Note] Shutting down plugin 'INNODB_METRICS'
2024-11-12T22:44:49.267182Z 0 [Note] Shutting down plugin 'INNODB_TEMP_TABLE_INFO'
2024-11-12T22:44:49.267182Z 0 [Note] Shutting down plugin 'INNODB_BUFFER_POOL_STATS'
2024-11-12T22:44:49.267182Z 0 [Note] Shutting down plugin 'INNODB_BUFFER_PAGE_LRU'
2024-11-12T22:44:49.267182Z 0 [Note] Shutting down plugin 'INNODB_BUFFER_PAGE'
2024-11-12T22:44:49.267182Z 0 [Note] Shutting down plugin 'INNODB_CMP_PER_INDEX_RESET'
2024-11-12T22:44:49.267182Z 0 [Note] Shutting down plugin 'INNODB_CMP_PER_INDEX'
2024-11-12T22:44:49.267182Z 0 [Note] Shutting down plugin 'INNODB_CMPMEM_RESET'
2024-11-12T22:44:49.267182Z 0 [Note] Shutting down plugin 'INNODB_CMPMEM'
2024-11-12T22:44:49.267182Z 0 [Note] Shutting down plugin 'INNODB_CMP_RESET'
2024-11-12T22:44:49.267182Z 0 [Note] Shutting down plugin 'INNODB_CMP'
2024-11-12T22:44:49.282808Z 0 [Note] Shutting down plugin 'INNODB_LOCK_WAITS'
2024-11-12T22:44:49.282808Z 0 [Note] Shutting down plugin 'INNODB_LOCKS'
2024-11-12T22:44:49.282808Z 0 [Note] Shutting down plugin 'INNODB_TRX'
2024-11-12T22:44:49.282808Z 0 [Note] Shutting down plugin 'InnoDB'
2024-11-12T22:44:49.282808Z 0 [Note] InnoDB: FTS optimize thread exiting.
2024-11-12T22:44:49.282808Z 0 [Note] InnoDB: Starting shutdown...
2024-11-12T22:44:49.393622Z 0 [Note] InnoDB: Dumping buffer pool(s) to E:\Web III\UwAmp\bin\database\mysql-5.7.11\data\ib_buffer_pool
2024-11-12T22:44:49.393622Z 0 [Note] InnoDB: Buffer pool(s) dump completed at 241112 17:44:49
2024-11-12T22:44:50.885726Z 0 [Note] InnoDB: Shutdown completed; log sequence number 3875919
2024-11-12T22:44:50.891722Z 0 [Note] InnoDB: Removed temporary tablespace data file: "ibtmp1"
2024-11-12T22:44:50.892718Z 0 [Note] Shutting down plugin 'MEMORY'
2024-11-12T22:44:50.892718Z 0 [Note] Shutting down plugin 'CSV'
2024-11-12T22:44:50.893721Z 0 [Note] Shutting down plugin 'sha256_password'
2024-11-12T22:44:50.894686Z 0 [Note] Shutting down plugin 'mysql_native_password'
2024-11-12T22:44:50.895720Z 0 [Note] Shutting down plugin 'binlog'
2024-11-12T22:44:50.903642Z 0 [Note] E:\Web III\UwAmp\bin\database\mysql-5.7.11\bin\mysqld.exe: Shutdown complete

2024-11-19T19:58:50.778057Z 0 [Warning] TIMESTAMP with implicit DEFAULT value is deprecated. Please use --explicit_defaults_for_timestamp server option (see documentation for more details).
2024-11-19T19:58:50.778057Z 0 [Warning] 'NO_ZERO_DATE', 'NO_ZERO_IN_DATE' and 'ERROR_FOR_DIVISION_BY_ZERO' sql modes should be used with strict mode. They will be merged with strict mode in a future release.
2024-11-19T19:58:50.778057Z 0 [Warning] 'NO_AUTO_CREATE_USER' sql mode was not set.
2024-11-19T19:58:50.778057Z 0 [Warning] Insecure configuration for --secure-file-priv: Current value does not restrict location of generated files. Consider setting it to a valid, non-empty path.
2024-11-19T19:58:50.793681Z 0 [ERROR] Cannot open Windows EventLog; check privileges, or start server with --log_syslog=0
2024-11-19T19:58:50.793681Z 0 [Note] E:\Web III\UwAmp\bin\database\mysql-5.7.11\bin\mysqld.exe (mysqld 5.7.11) starting as process 1524 ...
2024-11-19T19:58:50.919493Z 0 [ERROR] Can't open shared library 'E:\Web III\UwAmp\bin\database\mysql-5.7.11\lib\plugin\keyring_file.dll' (errno: 126 Le module spécifié est introuvable.)
2024-11-19T19:58:50.919493Z 0 [ERROR] Couldn't load plugin named 'keyring_file' with soname 'keyring_file.dll'.
2024-11-19T19:58:50.919493Z 0 [Note] InnoDB: Mutexes and rw_locks use Windows interlocked functions
2024-11-19T19:58:50.919493Z 0 [Note] InnoDB: Uses event mutexes
2024-11-19T19:58:50.919493Z 0 [Note] InnoDB: Memory barrier is not used
2024-11-19T19:58:50.919493Z 0 [Note] InnoDB: Compressed tables use zlib 1.2.3
2024-11-19T19:58:50.919493Z 0 [Note] InnoDB: Number of pools: 1
2024-11-19T19:58:50.919493Z 0 [Note] InnoDB: Not using CPU crc32 instructions
2024-11-19T19:58:50.966361Z 0 [Note] InnoDB: Initializing buffer pool, total size = 128M, instances = 1, chunk size = 128M
2024-11-19T19:58:50.981986Z 0 [Note] InnoDB: Completed initialization of buffer pool
2024-11-19T19:58:51.201942Z 0 [Note] InnoDB: Highest supported file format is Barracuda.
2024-11-19T19:58:53.132354Z 0 [Note] InnoDB: Creating shared tablespace for temporary tables
2024-11-19T19:58:53.132354Z 0 [Note] InnoDB: Setting file '.\ibtmp1' size to 12 MB. Physically writing the file full; Please wait ...
2024-11-19T19:58:53.718702Z 0 [Note] InnoDB: File '.\ibtmp1' size is now 12 MB.
2024-11-19T19:58:53.741994Z 0 [Note] InnoDB: 96 redo rollback segment(s) found. 96 redo rollback segment(s) are active.
2024-11-19T19:58:53.743024Z 0 [Note] InnoDB: 32 non-redo rollback segment(s) are active.
2024-11-19T19:58:53.744030Z 0 [Note] InnoDB: Waiting for purge to start
2024-11-19T19:58:53.799499Z 0 [Note] InnoDB: 5.7.11 started; log sequence number 4478220
2024-11-19T19:58:53.800055Z 0 [Note] InnoDB: Loading buffer pool(s) from E:\Web III\UwAmp\bin\database\mysql-5.7.11\data\ib_buffer_pool
2024-11-19T19:58:53.800055Z 0 [Note] Plugin 'FEDERATED' is disabled.
2024-11-19T19:58:54.635149Z 0 [Warning] Failed to set up SSL because of the following SSL library error: SSL context is not usable without certificate and private key
2024-11-19T19:58:54.635149Z 0 [Note] Server hostname (bind-address): '*'; port: 3306
2024-11-19T19:58:54.635149Z 0 [Note] IPv6 is available.
2024-11-19T19:58:54.635149Z 0 [Note]   - '::' resolves to '::';
2024-11-19T19:58:54.635149Z 0 [Note] Server socket created on IP: '::'.
2024-11-19T19:58:54.776280Z 0 [Note] InnoDB: Buffer pool(s) load completed at 241119 14:58:54
2024-11-19T19:58:55.294200Z 0 [Note] Event Scheduler: Loaded 0 events
2024-11-19T19:58:55.309211Z 0 [Note] E:\Web III\UwAmp\bin\database\mysql-5.7.11\bin\mysqld.exe: ready for connections.
Version: '5.7.11'  socket: ''  port: 3306  MySQL Community Server (GPL)
2024-11-19T21:23:16.647997Z 0 [Note] InnoDB: page_cleaner: 1000ms intended loop took 4828ms. The settings might not be optimal. (flushed=10 and evicted=0, during the time.)
2024-11-19T22:42:34.190151Z 0 [Note] InnoDB: page_cleaner: 1000ms intended loop took 8079ms. The settings might not be optimal. (flushed=3 and evicted=0, during the time.)
2024-11-19T22:50:12.647973Z 0 [Note] E:\Web III\UwAmp\bin\database\mysql-5.7.11\bin\mysqld.exe: Normal shutdown

2024-11-19T22:50:12.647973Z 0 [Note] Giving 0 client threads a chance to die gracefully
2024-11-19T22:50:12.647973Z 0 [Note] Shutting down slave threads
2024-11-19T22:50:12.647973Z 0 [Note] Forcefully disconnecting 0 remaining clients
2024-11-19T22:50:12.647973Z 0 [Note] Event Scheduler: Purging the queue. 0 events
2024-11-19T22:50:12.647973Z 0 [Note] Binlog end
2024-11-19T22:50:12.710481Z 0 [Note] Shutting down plugin 'ngram'
2024-11-19T22:50:12.710481Z 0 [Note] Shutting down plugin 'partition'
2024-11-19T22:50:12.710481Z 0 [Note] Shutting down plugin 'BLACKHOLE'
2024-11-19T22:50:12.710481Z 0 [Note] Shutting down plugin 'ARCHIVE'
2024-11-19T22:50:12.710481Z 0 [Note] Shutting down plugin 'PERFORMANCE_SCHEMA'
2024-11-19T22:50:12.710481Z 0 [Note] Shutting down plugin 'MRG_MYISAM'
2024-11-19T22:50:12.710481Z 0 [Note] Shutting down plugin 'MyISAM'
2024-11-19T22:50:12.710481Z 0 [Note] Shutting down plugin 'INNODB_SYS_VIRTUAL'
2024-11-19T22:50:12.710481Z 0 [Note] Shutting down plugin 'INNODB_SYS_DATAFILES'
2024-11-19T22:50:12.710481Z 0 [Note] Shutting down plugin 'INNODB_SYS_TABLESPACES'
2024-11-19T22:50:12.710481Z 0 [Note] Shutting down plugin 'INNODB_SYS_FOREIGN_COLS'
2024-11-19T22:50:12.710481Z 0 [Note] Shutting down plugin 'INNODB_SYS_FOREIGN'
2024-11-19T22:50:12.710481Z 0 [Note] Shutting down plugin 'INNODB_SYS_FIELDS'
2024-11-19T22:50:12.710481Z 0 [Note] Shutting down plugin 'INNODB_SYS_COLUMNS'
2024-11-19T22:50:12.710481Z 0 [Note] Shutting down plugin 'INNODB_SYS_INDEXES'
2024-11-19T22:50:12.726113Z 0 [Note] Shutting down plugin 'INNODB_SYS_TABLESTATS'
2024-11-19T22:50:12.726113Z 0 [Note] Shutting down plugin 'INNODB_SYS_TABLES'
2024-11-19T22:50:12.726113Z 0 [Note] Shutting down plugin 'INNODB_FT_INDEX_TABLE'
2024-11-19T22:50:12.726113Z 0 [Note] Shutting down plugin 'INNODB_FT_INDEX_CACHE'
2024-11-19T22:50:12.726113Z 0 [Note] Shutting down plugin 'INNODB_FT_CONFIG'
2024-11-19T22:50:12.726113Z 0 [Note] Shutting down plugin 'INNODB_FT_BEING_DELETED'
2024-11-19T22:50:12.726113Z 0 [Note] Shutting down plugin 'INNODB_FT_DELETED'
2024-11-19T22:50:12.726113Z 0 [Note] Shutting down plugin 'INNODB_FT_DEFAULT_STOPWORD'
2024-11-19T22:50:12.726113Z 0 [Note] Shutting down plugin 'INNODB_METRICS'
2024-11-19T22:50:12.726113Z 0 [Note] Shutting down plugin 'INNODB_TEMP_TABLE_INFO'
2024-11-19T22:50:12.726113Z 0 [Note] Shutting down plugin 'INNODB_BUFFER_POOL_STATS'
2024-11-19T22:50:12.726113Z 0 [Note] Shutting down plugin 'INNODB_BUFFER_PAGE_LRU'
2024-11-19T22:50:12.726113Z 0 [Note] Shutting down plugin 'INNODB_BUFFER_PAGE'
2024-11-19T22:50:12.726113Z 0 [Note] Shutting down plugin 'INNODB_CMP_PER_INDEX_RESET'
2024-11-19T22:50:12.726113Z 0 [Note] Shutting down plugin 'INNODB_CMP_PER_INDEX'
2024-11-19T22:50:12.726113Z 0 [Note] Shutting down plugin 'INNODB_CMPMEM_RESET'
2024-11-19T22:50:12.726113Z 0 [Note] Shutting down plugin 'INNODB_CMPMEM'
2024-11-19T22:50:12.726113Z 0 [Note] Shutting down plugin 'INNODB_CMP_RESET'
2024-11-19T22:50:12.726113Z 0 [Note] Shutting down plugin 'INNODB_CMP'
2024-11-19T22:50:12.726113Z 0 [Note] Shutting down plugin 'INNODB_LOCK_WAITS'
2024-11-19T22:50:12.726113Z 0 [Note] Shutting down plugin 'INNODB_LOCKS'
2024-11-19T22:50:12.726113Z 0 [Note] Shutting down plugin 'INNODB_TRX'
2024-11-19T22:50:12.726113Z 0 [Note] Shutting down plugin 'InnoDB'
2024-11-19T22:50:12.726113Z 0 [Note] InnoDB: FTS optimize thread exiting.
2024-11-19T22:50:12.726113Z 0 [Note] InnoDB: Starting shutdown...
2024-11-19T22:50:12.851962Z 0 [Note] InnoDB: Dumping buffer pool(s) to E:\Web III\UwAmp\bin\database\mysql-5.7.11\data\ib_buffer_pool
2024-11-19T22:50:12.851962Z 0 [Note] InnoDB: Buffer pool(s) dump completed at 241119 17:50:12
2024-11-19T22:50:13.633856Z 0 [Note] InnoDB: Shutdown completed; log sequence number 4689933
2024-11-19T22:50:13.639929Z 0 [Note] InnoDB: Removed temporary tablespace data file: "ibtmp1"
2024-11-19T22:50:13.640930Z 0 [Note] Shutting down plugin 'MEMORY'
2024-11-19T22:50:13.641928Z 0 [Note] Shutting down plugin 'CSV'
2024-11-19T22:50:13.642928Z 0 [Note] Shutting down plugin 'sha256_password'
2024-11-19T22:50:13.643928Z 0 [Note] Shutting down plugin 'mysql_native_password'
2024-11-19T22:50:13.644928Z 0 [Note] Shutting down plugin 'binlog'
2024-11-19T22:50:13.656257Z 0 [Note] E:\Web III\UwAmp\bin\database\mysql-5.7.11\bin\mysqld.exe: Shutdown complete

2024-11-26T20:29:56.371156Z 0 [Warning] TIMESTAMP with implicit DEFAULT value is deprecated. Please use --explicit_defaults_for_timestamp server option (see documentation for more details).
2024-11-26T20:29:56.371156Z 0 [Warning] 'NO_ZERO_DATE', 'NO_ZERO_IN_DATE' and 'ERROR_FOR_DIVISION_BY_ZERO' sql modes should be used with strict mode. They will be merged with strict mode in a future release.
2024-11-26T20:29:56.371156Z 0 [Warning] 'NO_AUTO_CREATE_USER' sql mode was not set.
2024-11-26T20:29:56.371156Z 0 [Warning] Insecure configuration for --secure-file-priv: Current value does not restrict location of generated files. Consider setting it to a valid, non-empty path.
2024-11-26T20:29:56.376788Z 0 [ERROR] Cannot open Windows EventLog; check privileges, or start server with --log_syslog=0
2024-11-26T20:29:56.376788Z 0 [Note] E:\Web III\UwAmp\bin\database\mysql-5.7.11\bin\mysqld.exe (mysqld 5.7.11) starting as process 6380 ...
2024-11-26T20:29:56.460696Z 0 [ERROR] Can't open shared library 'E:\Web III\UwAmp\bin\database\mysql-5.7.11\lib\plugin\keyring_file.dll' (errno: 126 Le module spécifié est introuvable.)
2024-11-26T20:29:56.460696Z 0 [ERROR] Couldn't load plugin named 'keyring_file' with soname 'keyring_file.dll'.
2024-11-26T20:29:56.460696Z 0 [Note] InnoDB: Mutexes and rw_locks use Windows interlocked functions
2024-11-26T20:29:56.460696Z 0 [Note] InnoDB: Uses event mutexes
2024-11-26T20:29:56.460696Z 0 [Note] InnoDB: Memory barrier is not used
2024-11-26T20:29:56.470979Z 0 [Note] InnoDB: Compressed tables use zlib 1.2.3
2024-11-26T20:29:56.470979Z 0 [Note] InnoDB: Number of pools: 1
2024-11-26T20:29:56.470979Z 0 [Note] InnoDB: Not using CPU crc32 instructions
2024-11-26T20:29:56.555000Z 0 [Note] InnoDB: Initializing buffer pool, total size = 128M, instances = 1, chunk size = 128M
2024-11-26T20:29:56.564163Z 0 [Note] InnoDB: Completed initialization of buffer pool
2024-11-26T20:29:56.743622Z 0 [Note] InnoDB: Highest supported file format is Barracuda.
2024-11-26T20:30:04.143640Z 0 [Note] InnoDB: Creating shared tablespace for temporary tables
2024-11-26T20:30:04.143640Z 0 [Note] InnoDB: Setting file '.\ibtmp1' size to 12 MB. Physically writing the file full; Please wait ...
2024-11-26T20:30:15.222840Z 0 [Note] InnoDB: File '.\ibtmp1' size is now 12 MB.
2024-11-26T20:30:15.850267Z 0 [Note] InnoDB: 96 redo rollback segment(s) found. 96 redo rollback segment(s) are active.
2024-11-26T20:30:15.850267Z 0 [Note] InnoDB: 32 non-redo rollback segment(s) are active.
2024-11-26T20:30:15.850267Z 0 [Note] InnoDB: Waiting for purge to start
2024-11-26T20:30:15.913468Z 0 [Note] InnoDB: page_cleaner: 1000ms intended loop took 19344ms. The settings might not be optimal. (flushed=0 and evicted=0, during the time.)
2024-11-26T20:30:15.929199Z 0 [Note] InnoDB: 5.7.11 started; log sequence number 5556781
2024-11-26T20:30:15.944837Z 0 [Note] InnoDB: Loading buffer pool(s) from E:\Web III\UwAmp\bin\database\mysql-5.7.11\data\ib_buffer_pool
2024-11-26T20:30:15.944837Z 0 [Note] Plugin 'FEDERATED' is disabled.
2024-11-26T20:30:21.216255Z 0 [Warning] Failed to set up SSL because of the following SSL library error: SSL context is not usable without certificate and private key
2024-11-26T20:30:21.220044Z 0 [Note] Server hostname (bind-address): '*'; port: 3306
2024-11-26T20:30:21.221043Z 0 [Note] IPv6 is available.
2024-11-26T20:30:21.221043Z 0 [Note]   - '::' resolves to '::';
2024-11-26T20:30:21.222316Z 0 [Note] Server socket created on IP: '::'.
2024-11-26T20:30:23.523349Z 0 [Note] InnoDB: Buffer pool(s) load completed at 241126 15:30:23
2024-11-26T20:30:23.990868Z 0 [Note] Event Scheduler: Loaded 0 events
2024-11-26T20:30:23.990868Z 0 [Note] E:\Web III\UwAmp\bin\database\mysql-5.7.11\bin\mysqld.exe: ready for connections.
Version: '5.7.11'  socket: ''  port: 3306  MySQL Community Server (GPL)
2024-11-26T21:50:15.969415Z 0 [Note] E:\Web III\UwAmp\bin\database\mysql-5.7.11\bin\mysqld.exe: Normal shutdown

2024-11-26T21:50:15.969415Z 0 [Note] Giving 0 client threads a chance to die gracefully
2024-11-26T21:50:15.969415Z 0 [Note] Shutting down slave threads
2024-11-26T21:50:15.969415Z 0 [Note] Forcefully disconnecting 0 remaining clients
2024-11-26T21:50:15.969415Z 0 [Note] Event Scheduler: Purging the queue. 0 events
2024-11-26T21:50:15.969415Z 0 [Note] Binlog end
2024-11-26T21:50:16.016627Z 0 [Note] Shutting down plugin 'ngram'
2024-11-26T21:50:16.016627Z 0 [Note] Shutting down plugin 'partition'
2024-11-26T21:50:16.016627Z 0 [Note] Shutting down plugin 'BLACKHOLE'
2024-11-26T21:50:16.016627Z 0 [Note] Shutting down plugin 'ARCHIVE'
2024-11-26T21:50:16.016627Z 0 [Note] Shutting down plugin 'PERFORMANCE_SCHEMA'
2024-11-26T21:50:16.016627Z 0 [Note] Shutting down plugin 'MRG_MYISAM'
2024-11-26T21:50:16.016627Z 0 [Note] Shutting down plugin 'MyISAM'
2024-11-26T21:50:16.016627Z 0 [Note] Shutting down plugin 'INNODB_SYS_VIRTUAL'
2024-11-26T21:50:16.016627Z 0 [Note] Shutting down plugin 'INNODB_SYS_DATAFILES'
2024-11-26T21:50:16.016627Z 0 [Note] Shutting down plugin 'INNODB_SYS_TABLESPACES'
2024-11-26T21:50:16.016627Z 0 [Note] Shutting down plugin 'INNODB_SYS_FOREIGN_COLS'
2024-11-26T21:50:16.016627Z 0 [Note] Shutting down plugin 'INNODB_SYS_FOREIGN'
2024-11-26T21:50:16.031960Z 0 [Note] Shutting down plugin 'INNODB_SYS_FIELDS'
2024-11-26T21:50:16.031960Z 0 [Note] Shutting down plugin 'INNODB_SYS_COLUMNS'
2024-11-26T21:50:16.031960Z 0 [Note] Shutting down plugin 'INNODB_SYS_INDEXES'
2024-11-26T21:50:16.031960Z 0 [Note] Shutting down plugin 'INNODB_SYS_TABLESTATS'
2024-11-26T21:50:16.031960Z 0 [Note] Shutting down plugin 'INNODB_SYS_TABLES'
2024-11-26T21:50:16.031960Z 0 [Note] Shutting down plugin 'INNODB_FT_INDEX_TABLE'
2024-11-26T21:50:16.031960Z 0 [Note] Shutting down plugin 'INNODB_FT_INDEX_CACHE'
2024-11-26T21:50:16.031960Z 0 [Note] Shutting down plugin 'INNODB_FT_CONFIG'
2024-11-26T21:50:16.031960Z 0 [Note] Shutting down plugin 'INNODB_FT_BEING_DELETED'
2024-11-26T21:50:16.031960Z 0 [Note] Shutting down plugin 'INNODB_FT_DELETED'
2024-11-26T21:50:16.031960Z 0 [Note] Shutting down plugin 'INNODB_FT_DEFAULT_STOPWORD'
2024-11-26T21:50:16.031960Z 0 [Note] Shutting down plugin 'INNODB_METRICS'
2024-11-26T21:50:16.031960Z 0 [Note] Shutting down plugin 'INNODB_TEMP_TABLE_INFO'
2024-11-26T21:50:16.031960Z 0 [Note] Shutting down plugin 'INNODB_BUFFER_POOL_STATS'
2024-11-26T21:50:16.031960Z 0 [Note] Shutting down plugin 'INNODB_BUFFER_PAGE_LRU'
2024-11-26T21:50:16.031960Z 0 [Note] Shutting down plugin 'INNODB_BUFFER_PAGE'
2024-11-26T21:50:16.031960Z 0 [Note] Shutting down plugin 'INNODB_CMP_PER_INDEX_RESET'
2024-11-26T21:50:16.031960Z 0 [Note] Shutting down plugin 'INNODB_CMP_PER_INDEX'
2024-11-26T21:50:16.031960Z 0 [Note] Shutting down plugin 'INNODB_CMPMEM_RESET'
2024-11-26T21:50:16.031960Z 0 [Note] Shutting down plugin 'INNODB_CMPMEM'
2024-11-26T21:50:16.031960Z 0 [Note] Shutting down plugin 'INNODB_CMP_RESET'
2024-11-26T21:50:16.031960Z 0 [Note] Shutting down plugin 'INNODB_CMP'
2024-11-26T21:50:16.047554Z 0 [Note] Shutting down plugin 'INNODB_LOCK_WAITS'
2024-11-26T21:50:16.047554Z 0 [Note] Shutting down plugin 'INNODB_LOCKS'
2024-11-26T21:50:16.047554Z 0 [Note] Shutting down plugin 'INNODB_TRX'
2024-11-26T21:50:16.047554Z 0 [Note] Shutting down plugin 'InnoDB'
2024-11-26T21:50:16.047554Z 0 [Note] InnoDB: FTS optimize thread exiting.
2024-11-26T21:50:16.047554Z 0 [Note] InnoDB: Starting shutdown...
2024-11-26T21:50:16.157575Z 0 [Note] InnoDB: Dumping buffer pool(s) to E:\Web III\UwAmp\bin\database\mysql-5.7.11\data\ib_buffer_pool
2024-11-26T21:50:16.173244Z 0 [Note] InnoDB: Buffer pool(s) dump completed at 241126 16:50:16
2024-11-26T21:50:17.175160Z 0 [Note] InnoDB: Shutdown completed; log sequence number 5570703
2024-11-26T21:50:17.191128Z 0 [Note] InnoDB: Removed temporary tablespace data file: "ibtmp1"
2024-11-26T21:50:17.191128Z 0 [Note] Shutting down plugin 'MEMORY'
2024-11-26T21:50:17.191128Z 0 [Note] Shutting down plugin 'CSV'
2024-11-26T21:50:17.191128Z 0 [Note] Shutting down plugin 'sha256_password'
2024-11-26T21:50:17.191128Z 0 [Note] Shutting down plugin 'mysql_native_password'
2024-11-26T21:50:17.191128Z 0 [Note] Shutting down plugin 'binlog'
2024-11-26T21:50:17.206461Z 0 [Note] E:\Web III\UwAmp\bin\database\mysql-5.7.11\bin\mysqld.exe: Shutdown complete

2024-12-03T20:01:56.333193Z 0 [Warning] TIMESTAMP with implicit DEFAULT value is deprecated. Please use --explicit_defaults_for_timestamp server option (see documentation for more details).
2024-12-03T20:01:56.333193Z 0 [Warning] 'NO_ZERO_DATE', 'NO_ZERO_IN_DATE' and 'ERROR_FOR_DIVISION_BY_ZERO' sql modes should be used with strict mode. They will be merged with strict mode in a future release.
2024-12-03T20:01:56.333193Z 0 [Warning] 'NO_AUTO_CREATE_USER' sql mode was not set.
2024-12-03T20:01:56.333193Z 0 [Warning] Insecure configuration for --secure-file-priv: Current value does not restrict location of generated files. Consider setting it to a valid, non-empty path.
2024-12-03T20:01:56.333193Z 0 [ERROR] Cannot open Windows EventLog; check privileges, or start server with --log_syslog=0
2024-12-03T20:01:56.333193Z 0 [Note] E:\Web III\UwAmp\bin\database\mysql-5.7.11\bin\mysqld.exe (mysqld 5.7.11) starting as process 1896 ...
2024-12-03T20:02:26.579749Z 0 [ERROR] Can't open shared library 'E:\Web III\UwAmp\bin\database\mysql-5.7.11\lib\plugin\keyring_file.dll' (errno: 126 Le module spécifié est introuvable.)
2024-12-03T20:02:26.579749Z 0 [ERROR] Couldn't load plugin named 'keyring_file' with soname 'keyring_file.dll'.
2024-12-03T20:02:26.590779Z 0 [Note] InnoDB: Mutexes and rw_locks use Windows interlocked functions
2024-12-03T20:02:26.590779Z 0 [Note] InnoDB: Uses event mutexes
2024-12-03T20:02:26.590779Z 0 [Note] InnoDB: Memory barrier is not used
2024-12-03T20:02:26.590779Z 0 [Note] InnoDB: Compressed tables use zlib 1.2.3
2024-12-03T20:02:26.590779Z 0 [Note] InnoDB: Number of pools: 1
2024-12-03T20:02:26.590779Z 0 [Note] InnoDB: Not using CPU crc32 instructions
2024-12-03T20:02:26.646533Z 0 [Note] InnoDB: Initializing buffer pool, total size = 128M, instances = 1, chunk size = 128M
2024-12-03T20:02:26.646533Z 0 [Note] InnoDB: Completed initialization of buffer pool
2024-12-03T20:02:54.873767Z 0 [Note] InnoDB: Highest supported file format is Barracuda.
2024-12-03T20:02:57.076025Z 0 [Note] InnoDB: Creating shared tablespace for temporary tables
2024-12-03T20:02:57.077025Z 0 [Note] InnoDB: Setting file '.\ibtmp1' size to 12 MB. Physically writing the file full; Please wait ...
2024-12-03T20:02:57.606780Z 0 [Note] InnoDB: File '.\ibtmp1' size is now 12 MB.
2024-12-03T20:02:57.632829Z 0 [Note] InnoDB: 96 redo rollback segment(s) found. 96 redo rollback segment(s) are active.
2024-12-03T20:02:57.633831Z 0 [Note] InnoDB: 32 non-redo rollback segment(s) are active.
2024-12-03T20:02:57.634832Z 0 [Note] InnoDB: Waiting for purge to start
2024-12-03T20:02:57.688711Z 0 [Note] InnoDB: page_cleaner: 1000ms intended loop took 31026ms. The settings might not be optimal. (flushed=0 and evicted=0, during the time.)
2024-12-03T20:02:57.688711Z 0 [Note] InnoDB: 5.7.11 started; log sequence number 6508262
2024-12-03T20:02:57.688711Z 0 [Note] InnoDB: Loading buffer pool(s) from E:\Web III\UwAmp\bin\database\mysql-5.7.11\data\ib_buffer_pool
2024-12-03T20:02:57.688711Z 0 [Note] Plugin 'FEDERATED' is disabled.
2024-12-03T20:02:57.884794Z 0 [Warning] Failed to set up SSL because of the following SSL library error: SSL context is not usable without certificate and private key
2024-12-03T20:02:57.884794Z 0 [Note] Server hostname (bind-address): '*'; port: 3306
2024-12-03T20:02:57.894323Z 0 [Note] IPv6 is available.
2024-12-03T20:02:57.894323Z 0 [Note]   - '::' resolves to '::';
2024-12-03T20:02:57.894323Z 0 [Note] Server socket created on IP: '::'.
2024-12-03T20:02:58.085589Z 0 [Note] InnoDB: Buffer pool(s) load completed at 241203 15:02:58
2024-12-03T20:02:58.535564Z 0 [Note] Event Scheduler: Loaded 0 events
2024-12-03T20:02:58.535564Z 0 [Note] E:\Web III\UwAmp\bin\database\mysql-5.7.11\bin\mysqld.exe: ready for connections.
Version: '5.7.11'  socket: ''  port: 3306  MySQL Community Server (GPL)
2024-12-03T20:03:16.452009Z 0 [Note] InnoDB: page_cleaner: 1000ms intended loop took 9691ms. The settings might not be optimal. (flushed=102 and evicted=0, during the time.)
2024-12-03T20:04:01.870555Z 0 [Note] InnoDB: page_cleaner: 1000ms intended loop took 6005ms. The settings might not be optimal. (flushed=17 and evicted=0, during the time.)
2024-12-03T21:02:52.855467Z 0 [Note] InnoDB: page_cleaner: 1000ms intended loop took 5223ms. The settings might not be optimal. (flushed=0 and evicted=0, during the time.)
2024-12-03T21:32:26.756374Z 0 [Note] InnoDB: page_cleaner: 1000ms intended loop took 11441ms. The settings might not be optimal. (flushed=7 and evicted=0, during the time.)
2024-12-03T22:10:58.021583Z 0 [Note] InnoDB: page_cleaner: 1000ms intended loop took 6000ms. The settings might not be optimal. (flushed=4 and evicted=0, during the time.)
2024-12-03T22:11:31.523657Z 0 [Note] InnoDB: page_cleaner: 1000ms intended loop took 4273ms. The settings might not be optimal. (flushed=0 and evicted=0, during the time.)
2024-12-03T22:23:22.796343Z 0 [Note] InnoDB: page_cleaner: 1000ms intended loop took 5874ms. The settings might not be optimal. (flushed=0 and evicted=0, during the time.)
2024-12-03T22:36:05.326332Z 0 [Note] InnoDB: page_cleaner: 1000ms intended loop took 6146ms. The settings might not be optimal. (flushed=4 and evicted=0, during the time.)
2024-12-03T22:36:43.852316Z 0 [Note] InnoDB: page_cleaner: 1000ms intended loop took 5322ms. The settings might not be optimal. (flushed=4 and evicted=0, during the time.)
2024-12-03T22:44:24.907021Z 0 [Note] E:\Web III\UwAmp\bin\database\mysql-5.7.11\bin\mysqld.exe: Normal shutdown

2024-12-03T22:44:24.907021Z 0 [Note] Giving 0 client threads a chance to die gracefully
2024-12-03T22:44:24.907021Z 0 [Note] Shutting down slave threads
2024-12-03T22:44:24.907021Z 0 [Note] Forcefully disconnecting 0 remaining clients
2024-12-03T22:44:24.907021Z 0 [Note] Event Scheduler: Purging the queue. 0 events
2024-12-03T22:44:24.907021Z 0 [Note] Binlog end
2024-12-03T22:44:27.176827Z 0 [Note] Shutting down plugin 'ngram'
2024-12-03T22:44:27.176827Z 0 [Note] Shutting down plugin 'partition'
2024-12-03T22:44:27.186888Z 0 [Note] Shutting down plugin 'BLACKHOLE'
2024-12-03T22:44:27.186888Z 0 [Note] Shutting down plugin 'ARCHIVE'
2024-12-03T22:44:27.186888Z 0 [Note] Shutting down plugin 'PERFORMANCE_SCHEMA'
2024-12-03T22:44:27.188976Z 0 [Note] Shutting down plugin 'MRG_MYISAM'
2024-12-03T22:44:27.188976Z 0 [Note] Shutting down plugin 'MyISAM'
2024-12-03T22:44:27.188976Z 0 [Note] Shutting down plugin 'INNODB_SYS_VIRTUAL'
2024-12-03T22:44:27.188976Z 0 [Note] Shutting down plugin 'INNODB_SYS_DATAFILES'
2024-12-03T22:44:27.188976Z 0 [Note] Shutting down plugin 'INNODB_SYS_TABLESPACES'
2024-12-03T22:44:27.188976Z 0 [Note] Shutting down plugin 'INNODB_SYS_FOREIGN_COLS'
2024-12-03T22:44:27.188976Z 0 [Note] Shutting down plugin 'INNODB_SYS_FOREIGN'
2024-12-03T22:44:27.188976Z 0 [Note] Shutting down plugin 'INNODB_SYS_FIELDS'
2024-12-03T22:44:27.188976Z 0 [Note] Shutting down plugin 'INNODB_SYS_COLUMNS'
2024-12-03T22:44:27.197098Z 0 [Note] Shutting down plugin 'INNODB_SYS_INDEXES'
2024-12-03T22:44:27.197098Z 0 [Note] Shutting down plugin 'INNODB_SYS_TABLESTATS'
2024-12-03T22:44:27.197098Z 0 [Note] Shutting down plugin 'INNODB_SYS_TABLES'
2024-12-03T22:44:27.197098Z 0 [Note] Shutting down plugin 'INNODB_FT_INDEX_TABLE'
2024-12-03T22:44:27.197098Z 0 [Note] Shutting down plugin 'INNODB_FT_INDEX_CACHE'
2024-12-03T22:44:27.197098Z 0 [Note] Shutting down plugin 'INNODB_FT_CONFIG'
2024-12-03T22:44:27.197098Z 0 [Note] Shutting down plugin 'INNODB_FT_BEING_DELETED'
2024-12-03T22:44:27.197098Z 0 [Note] Shutting down plugin 'INNODB_FT_DELETED'
2024-12-03T22:44:27.201637Z 0 [Note] Shutting down plugin 'INNODB_FT_DEFAULT_STOPWORD'
2024-12-03T22:44:27.202678Z 0 [Note] Shutting down plugin 'INNODB_METRICS'
2024-12-03T22:44:27.202678Z 0 [Note] Shutting down plugin 'INNODB_TEMP_TABLE_INFO'
2024-12-03T22:44:27.202678Z 0 [Note] Shutting down plugin 'INNODB_BUFFER_POOL_STATS'
2024-12-03T22:44:27.202678Z 0 [Note] Shutting down plugin 'INNODB_BUFFER_PAGE_LRU'
2024-12-03T22:44:27.202678Z 0 [Note] Shutting down plugin 'INNODB_BUFFER_PAGE'
2024-12-03T22:44:27.202678Z 0 [Note] Shutting down plugin 'INNODB_CMP_PER_INDEX_RESET'
2024-12-03T22:44:27.202678Z 0 [Note] Shutting down plugin 'INNODB_CMP_PER_INDEX'
2024-12-03T22:44:27.206794Z 0 [Note] Shutting down plugin 'INNODB_CMPMEM_RESET'
2024-12-03T22:44:27.206794Z 0 [Note] Shutting down plugin 'INNODB_CMPMEM'
2024-12-03T22:44:27.206794Z 0 [Note] Shutting down plugin 'INNODB_CMP_RESET'
2024-12-03T22:44:27.206794Z 0 [Note] Shutting down plugin 'INNODB_CMP'
2024-12-03T22:44:27.206794Z 0 [Note] Shutting down plugin 'INNODB_LOCK_WAITS'
2024-12-03T22:44:27.206794Z 0 [Note] Shutting down plugin 'INNODB_LOCKS'
2024-12-03T22:44:27.206794Z 0 [Note] Shutting down plugin 'INNODB_TRX'
2024-12-03T22:44:27.206794Z 0 [Note] Shutting down plugin 'InnoDB'
2024-12-03T22:44:27.206794Z 0 [Note] InnoDB: FTS optimize thread exiting.
2024-12-03T22:44:27.206794Z 0 [Note] InnoDB: Starting shutdown...
2024-12-03T22:44:27.314520Z 0 [Note] InnoDB: Dumping buffer pool(s) to E:\Web III\UwAmp\bin\database\mysql-5.7.11\data\ib_buffer_pool
2024-12-03T22:44:27.392642Z 0 [Note] InnoDB: Buffer pool(s) dump completed at 241203 17:44:27
2024-12-03T22:44:35.933212Z 0 [Note] InnoDB: Shutdown completed; log sequence number 6855904
2024-12-03T22:44:35.948836Z 0 [Note] InnoDB: Removed temporary tablespace data file: "ibtmp1"
2024-12-03T22:44:35.948836Z 0 [Note] Shutting down plugin 'MEMORY'
2024-12-03T22:44:35.948836Z 0 [Note] Shutting down plugin 'CSV'
2024-12-03T22:44:35.948836Z 0 [Note] Shutting down plugin 'sha256_password'
2024-12-03T22:44:35.948836Z 0 [Note] Shutting down plugin 'mysql_native_password'
2024-12-03T22:44:35.948836Z 0 [Note] Shutting down plugin 'binlog'
2024-12-03T22:44:35.964461Z 0 [Note] E:\Web III\UwAmp\bin\database\mysql-5.7.11\bin\mysqld.exe: Shutdown complete

